running egg_info
creating ../../build/my_robot_controller/my_robot_controller.egg-info
writing ../../build/my_robot_controller/my_robot_controller.egg-info/PKG-INFO
writing dependency_links to ../../build/my_robot_controller/my_robot_controller.egg-info/dependency_links.txt
writing entry points to ../../build/my_robot_controller/my_robot_controller.egg-info/entry_points.txt
writing requirements to ../../build/my_robot_controller/my_robot_controller.egg-info/requires.txt
writing top-level names to ../../build/my_robot_controller/my_robot_controller.egg-info/top_level.txt
writing manifest file '../../build/my_robot_controller/my_robot_controller.egg-info/SOURCES.txt'
reading manifest file '../../build/my_robot_controller/my_robot_controller.egg-info/SOURCES.txt'
writing manifest file '../../build/my_robot_controller/my_robot_controller.egg-info/SOURCES.txt'
running build
running build_py
creating /home/srhnabilacademy/ros2_nabil/build/my_robot_controller/build
creating /home/srhnabilacademy/ros2_nabil/build/my_robot_controller/build/lib
creating /home/srhnabilacademy/ros2_nabil/build/my_robot_controller/build/lib/my_robot_controller
copying my_robot_controller/__init__.py -> /home/srhnabilacademy/ros2_nabil/build/my_robot_controller/build/lib/my_robot_controller
copying my_robot_controller/diff_drive_robot.py -> /home/srhnabilacademy/ros2_nabil/build/my_robot_controller/build/lib/my_robot_controller
creating /home/srhnabilacademy/ros2_nabil/build/my_robot_controller/build/lib/my_robot_controller/submodules
copying my_robot_controller/submodules/encoder_wrap.py -> /home/srhnabilacademy/ros2_nabil/build/my_robot_controller/build/lib/my_robot_controller/submodules
copying my_robot_controller/submodules/pid.py -> /home/srhnabilacademy/ros2_nabil/build/my_robot_controller/build/lib/my_robot_controller/submodules
copying my_robot_controller/submodules/__init__.py -> /home/srhnabilacademy/ros2_nabil/build/my_robot_controller/build/lib/my_robot_controller/submodules
copying my_robot_controller/submodules/encoder_to_wheel_jointstate.py -> /home/srhnabilacademy/ros2_nabil/build/my_robot_controller/build/lib/my_robot_controller/submodules
running install
running install_lib
creating /home/srhnabilacademy/ros2_nabil/install/my_robot_controller/lib/python3.12/site-packages/my_robot_controller
creating /home/srhnabilacademy/ros2_nabil/install/my_robot_controller/lib/python3.12/site-packages/my_robot_controller/submodules
copying /home/srhnabilacademy/ros2_nabil/build/my_robot_controller/build/lib/my_robot_controller/submodules/encoder_wrap.py -> /home/srhnabilacademy/ros2_nabil/install/my_robot_controller/lib/python3.12/site-packages/my_robot_controller/submodules
copying /home/srhnabilacademy/ros2_nabil/build/my_robot_controller/build/lib/my_robot_controller/submodules/pid.py -> /home/srhnabilacademy/ros2_nabil/install/my_robot_controller/lib/python3.12/site-packages/my_robot_controller/submodules
copying /home/srhnabilacademy/ros2_nabil/build/my_robot_controller/build/lib/my_robot_controller/submodules/__init__.py -> /home/srhnabilacademy/ros2_nabil/install/my_robot_controller/lib/python3.12/site-packages/my_robot_controller/submodules
copying /home/srhnabilacademy/ros2_nabil/build/my_robot_controller/build/lib/my_robot_controller/submodules/encoder_to_wheel_jointstate.py -> /home/srhnabilacademy/ros2_nabil/install/my_robot_controller/lib/python3.12/site-packages/my_robot_controller/submodules
copying /home/srhnabilacademy/ros2_nabil/build/my_robot_controller/build/lib/my_robot_controller/__init__.py -> /home/srhnabilacademy/ros2_nabil/install/my_robot_controller/lib/python3.12/site-packages/my_robot_controller
copying /home/srhnabilacademy/ros2_nabil/build/my_robot_controller/build/lib/my_robot_controller/diff_drive_robot.py -> /home/srhnabilacademy/ros2_nabil/install/my_robot_controller/lib/python3.12/site-packages/my_robot_controller
byte-compiling /home/srhnabilacademy/ros2_nabil/install/my_robot_controller/lib/python3.12/site-packages/my_robot_controller/submodules/encoder_wrap.py to encoder_wrap.cpython-312.pyc
byte-compiling /home/srhnabilacademy/ros2_nabil/install/my_robot_controller/lib/python3.12/site-packages/my_robot_controller/submodules/pid.py to pid.cpython-312.pyc
byte-compiling /home/srhnabilacademy/ros2_nabil/install/my_robot_controller/lib/python3.12/site-packages/my_robot_controller/submodules/__init__.py to __init__.cpython-312.pyc
byte-compiling /home/srhnabilacademy/ros2_nabil/install/my_robot_controller/lib/python3.12/site-packages/my_robot_controller/submodules/encoder_to_wheel_jointstate.py to encoder_to_wheel_jointstate.cpython-312.pyc
byte-compiling /home/srhnabilacademy/ros2_nabil/install/my_robot_controller/lib/python3.12/site-packages/my_robot_controller/__init__.py to __init__.cpython-312.pyc
byte-compiling /home/srhnabilacademy/ros2_nabil/install/my_robot_controller/lib/python3.12/site-packages/my_robot_controller/diff_drive_robot.py to diff_drive_robot.cpython-312.pyc
running install_data
creating /home/srhnabilacademy/ros2_nabil/install/my_robot_controller/share/ament_index
creating /home/srhnabilacademy/ros2_nabil/install/my_robot_controller/share/ament_index/resource_index
creating /home/srhnabilacademy/ros2_nabil/install/my_robot_controller/share/ament_index/resource_index/packages
copying resource/my_robot_controller -> /home/srhnabilacademy/ros2_nabil/install/my_robot_controller/share/ament_index/resource_index/packages
copying package.xml -> /home/srhnabilacademy/ros2_nabil/install/my_robot_controller/share/my_robot_controller
running install_egg_info
Copying ../../build/my_robot_controller/my_robot_controller.egg-info to /home/srhnabilacademy/ros2_nabil/install/my_robot_controller/lib/python3.12/site-packages/my_robot_controller-0.0.0-py3.12.egg-info
running install_scripts
Installing diff_drive_robot script to /home/srhnabilacademy/ros2_nabil/install/my_robot_controller/lib/my_robot_controller
writing list of installed files to '/home/srhnabilacademy/ros2_nabil/build/my_robot_controller/install.log'
