[1.434s] Invoking command in '/home/srhnabilacademy/ros2_nabil/src/my_robot_controller': DEBUGINFOD_URLS=https://debuginfod.ubuntu.com PYTHONPATH=/home/srhnabilacademy/ros2_nabil/build/my_robot_controller/prefix_override:/usr/lib/python3/dist-packages/colcon_core/task/python/colcon_distutils_commands:/home/srhnabilacademy/ros2_nabil/install/my_robot_controller/lib/python3.12/site-packages:${PYTHONPATH} /usr/bin/python3 -W ignore:setup.py install is deprecated -W ignore:easy_install command is deprecated setup.py egg_info --egg-base ../../build/my_robot_controller build --build-base /home/srhnabilacademy/ros2_nabil/build/my_robot_controller/build install --record /home/srhnabilacademy/ros2_nabil/build/my_robot_controller/install.log --single-version-externally-managed install_data
[1.919s] running egg_info
[1.919s] creating ../../build/my_robot_controller/my_robot_controller.egg-info
[1.947s] writing ../../build/my_robot_controller/my_robot_controller.egg-info/PKG-INFO
[1.947s] writing dependency_links to ../../build/my_robot_controller/my_robot_controller.egg-info/dependency_links.txt
[1.948s] writing entry points to ../../build/my_robot_controller/my_robot_controller.egg-info/entry_points.txt
[1.948s] writing requirements to ../../build/my_robot_controller/my_robot_controller.egg-info/requires.txt
[1.948s] writing top-level names to ../../build/my_robot_controller/my_robot_controller.egg-info/top_level.txt
[1.948s] writing manifest file '../../build/my_robot_controller/my_robot_controller.egg-info/SOURCES.txt'
[2.013s] reading manifest file '../../build/my_robot_controller/my_robot_controller.egg-info/SOURCES.txt'
[2.014s] writing manifest file '../../build/my_robot_controller/my_robot_controller.egg-info/SOURCES.txt'
[2.014s] running build
[2.014s] running build_py
[2.015s] creating /home/srhnabilacademy/ros2_nabil/build/my_robot_controller/build
[2.015s] creating /home/srhnabilacademy/ros2_nabil/build/my_robot_controller/build/lib
[2.015s] creating /home/srhnabilacademy/ros2_nabil/build/my_robot_controller/build/lib/my_robot_controller
[2.015s] copying my_robot_controller/__init__.py -> /home/srhnabilacademy/ros2_nabil/build/my_robot_controller/build/lib/my_robot_controller
[2.015s] copying my_robot_controller/diff_drive_robot.py -> /home/srhnabilacademy/ros2_nabil/build/my_robot_controller/build/lib/my_robot_controller
[2.015s] creating /home/srhnabilacademy/ros2_nabil/build/my_robot_controller/build/lib/my_robot_controller/submodules
[2.016s] copying my_robot_controller/submodules/encoder_wrap.py -> /home/srhnabilacademy/ros2_nabil/build/my_robot_controller/build/lib/my_robot_controller/submodules
[2.016s] copying my_robot_controller/submodules/pid.py -> /home/srhnabilacademy/ros2_nabil/build/my_robot_controller/build/lib/my_robot_controller/submodules
[2.016s] copying my_robot_controller/submodules/__init__.py -> /home/srhnabilacademy/ros2_nabil/build/my_robot_controller/build/lib/my_robot_controller/submodules
[2.016s] copying my_robot_controller/submodules/encoder_to_wheel_jointstate.py -> /home/srhnabilacademy/ros2_nabil/build/my_robot_controller/build/lib/my_robot_controller/submodules
[2.017s] running install
[2.027s] running install_lib
[2.056s] creating /home/srhnabilacademy/ros2_nabil/install/my_robot_controller/lib/python3.12/site-packages/my_robot_controller
[2.056s] creating /home/srhnabilacademy/ros2_nabil/install/my_robot_controller/lib/python3.12/site-packages/my_robot_controller/submodules
[2.056s] copying /home/srhnabilacademy/ros2_nabil/build/my_robot_controller/build/lib/my_robot_controller/submodules/encoder_wrap.py -> /home/srhnabilacademy/ros2_nabil/install/my_robot_controller/lib/python3.12/site-packages/my_robot_controller/submodules
[2.056s] copying /home/srhnabilacademy/ros2_nabil/build/my_robot_controller/build/lib/my_robot_controller/submodules/pid.py -> /home/srhnabilacademy/ros2_nabil/install/my_robot_controller/lib/python3.12/site-packages/my_robot_controller/submodules
[2.056s] copying /home/srhnabilacademy/ros2_nabil/build/my_robot_controller/build/lib/my_robot_controller/submodules/__init__.py -> /home/srhnabilacademy/ros2_nabil/install/my_robot_controller/lib/python3.12/site-packages/my_robot_controller/submodules
[2.057s] copying /home/srhnabilacademy/ros2_nabil/build/my_robot_controller/build/lib/my_robot_controller/submodules/encoder_to_wheel_jointstate.py -> /home/srhnabilacademy/ros2_nabil/install/my_robot_controller/lib/python3.12/site-packages/my_robot_controller/submodules
[2.057s] copying /home/srhnabilacademy/ros2_nabil/build/my_robot_controller/build/lib/my_robot_controller/__init__.py -> /home/srhnabilacademy/ros2_nabil/install/my_robot_controller/lib/python3.12/site-packages/my_robot_controller
[2.057s] copying /home/srhnabilacademy/ros2_nabil/build/my_robot_controller/build/lib/my_robot_controller/diff_drive_robot.py -> /home/srhnabilacademy/ros2_nabil/install/my_robot_controller/lib/python3.12/site-packages/my_robot_controller
[2.058s] byte-compiling /home/srhnabilacademy/ros2_nabil/install/my_robot_controller/lib/python3.12/site-packages/my_robot_controller/submodules/encoder_wrap.py to encoder_wrap.cpython-312.pyc
[2.059s] byte-compiling /home/srhnabilacademy/ros2_nabil/install/my_robot_controller/lib/python3.12/site-packages/my_robot_controller/submodules/pid.py to pid.cpython-312.pyc
[2.060s] byte-compiling /home/srhnabilacademy/ros2_nabil/install/my_robot_controller/lib/python3.12/site-packages/my_robot_controller/submodules/__init__.py to __init__.cpython-312.pyc
[2.060s] byte-compiling /home/srhnabilacademy/ros2_nabil/install/my_robot_controller/lib/python3.12/site-packages/my_robot_controller/submodules/encoder_to_wheel_jointstate.py to encoder_to_wheel_jointstate.cpython-312.pyc
[2.060s] byte-compiling /home/srhnabilacademy/ros2_nabil/install/my_robot_controller/lib/python3.12/site-packages/my_robot_controller/__init__.py to __init__.cpython-312.pyc
[2.061s] byte-compiling /home/srhnabilacademy/ros2_nabil/install/my_robot_controller/lib/python3.12/site-packages/my_robot_controller/diff_drive_robot.py to diff_drive_robot.cpython-312.pyc
[2.066s] running install_data
[2.066s] creating /home/srhnabilacademy/ros2_nabil/install/my_robot_controller/share/ament_index
[2.066s] creating /home/srhnabilacademy/ros2_nabil/install/my_robot_controller/share/ament_index/resource_index
[2.066s] creating /home/srhnabilacademy/ros2_nabil/install/my_robot_controller/share/ament_index/resource_index/packages
[2.067s] copying resource/my_robot_controller -> /home/srhnabilacademy/ros2_nabil/install/my_robot_controller/share/ament_index/resource_index/packages
[2.067s] copying package.xml -> /home/srhnabilacademy/ros2_nabil/install/my_robot_controller/share/my_robot_controller
[2.067s] running install_egg_info
[2.109s] Copying ../../build/my_robot_controller/my_robot_controller.egg-info to /home/srhnabilacademy/ros2_nabil/install/my_robot_controller/lib/python3.12/site-packages/my_robot_controller-0.0.0-py3.12.egg-info
[2.110s] running install_scripts
[2.325s] Installing diff_drive_robot script to /home/srhnabilacademy/ros2_nabil/install/my_robot_controller/lib/my_robot_controller
[2.326s] writing list of installed files to '/home/srhnabilacademy/ros2_nabil/build/my_robot_controller/install.log'
[2.421s] Invoked command in '/home/srhnabilacademy/ros2_nabil/src/my_robot_controller' returned '0': DEBUGINFOD_URLS=https://debuginfod.ubuntu.com PYTHONPATH=/home/srhnabilacademy/ros2_nabil/build/my_robot_controller/prefix_override:/usr/lib/python3/dist-packages/colcon_core/task/python/colcon_distutils_commands:/home/srhnabilacademy/ros2_nabil/install/my_robot_controller/lib/python3.12/site-packages:${PYTHONPATH} /usr/bin/python3 -W ignore:setup.py install is deprecated -W ignore:easy_install command is deprecated setup.py egg_info --egg-base ../../build/my_robot_controller build --build-base /home/srhnabilacademy/ros2_nabil/build/my_robot_controller/build install --record /home/srhnabilacademy/ros2_nabil/build/my_robot_controller/install.log --single-version-externally-managed install_data
