[0.014s] Invoking command in '/home/srhnabilacademy/ros2_nabil/build/my_robot_bringup': CMAKE_PREFIX_PATH=/home/srhnabilacademy/ros2_nabil/install/my_robot_description:/home/srhnabilacademy/ldlidar_ros2_ws/install/ldlidar_stl_ros2:/home/srhnabilacademy/ros2_nabil/install/my_robot_bringup:/opt/ros/jazzy/opt/gz_sim_vendor:/opt/ros/jazzy/opt/gz_sensors_vendor:/opt/ros/jazzy/opt/gz_physics_vendor:/opt/ros/jazzy/opt/sdformat_vendor:/opt/ros/jazzy/opt/gz_gui_vendor:/opt/ros/jazzy/opt/gz_transport_vendor:/opt/ros/jazzy/opt/gz_rendering_vendor:/opt/ros/jazzy/opt/gz_plugin_vendor:/opt/ros/jazzy/opt/gz_fuel_tools_vendor:/opt/ros/jazzy/opt/gz_msgs_vendor:/opt/ros/jazzy/opt/gz_common_vendor:/opt/ros/jazzy/opt/gz_math_vendor:/opt/ros/jazzy/opt/gz_utils_vendor:/opt/ros/jazzy/opt/gz_tools_vendor:/opt/ros/jazzy/opt/gz_ogre_next_vendor:/opt/ros/jazzy/opt/gz_dartsim_vendor:/opt/ros/jazzy/opt/gz_cmake_vendor:/home/srhnabilacademy/ros2_nabil/install/my_robot_controller:/opt/ros/jazzy DEBUGINFOD_URLS=https://debuginfod.ubuntu.com /usr/bin/cmake --build /home/srhnabilacademy/ros2_nabil/build/my_robot_bringup -- -j4 -l4
[0.095s] Invoked command in '/home/srhnabilacademy/ros2_nabil/build/my_robot_bringup' returned '0': CMAKE_PREFIX_PATH=/home/srhnabilacademy/ros2_nabil/install/my_robot_description:/home/srhnabilacademy/ldlidar_ros2_ws/install/ldlidar_stl_ros2:/home/srhnabilacademy/ros2_nabil/install/my_robot_bringup:/opt/ros/jazzy/opt/gz_sim_vendor:/opt/ros/jazzy/opt/gz_sensors_vendor:/opt/ros/jazzy/opt/gz_physics_vendor:/opt/ros/jazzy/opt/sdformat_vendor:/opt/ros/jazzy/opt/gz_gui_vendor:/opt/ros/jazzy/opt/gz_transport_vendor:/opt/ros/jazzy/opt/gz_rendering_vendor:/opt/ros/jazzy/opt/gz_plugin_vendor:/opt/ros/jazzy/opt/gz_fuel_tools_vendor:/opt/ros/jazzy/opt/gz_msgs_vendor:/opt/ros/jazzy/opt/gz_common_vendor:/opt/ros/jazzy/opt/gz_math_vendor:/opt/ros/jazzy/opt/gz_utils_vendor:/opt/ros/jazzy/opt/gz_tools_vendor:/opt/ros/jazzy/opt/gz_ogre_next_vendor:/opt/ros/jazzy/opt/gz_dartsim_vendor:/opt/ros/jazzy/opt/gz_cmake_vendor:/home/srhnabilacademy/ros2_nabil/install/my_robot_controller:/opt/ros/jazzy DEBUGINFOD_URLS=https://debuginfod.ubuntu.com /usr/bin/cmake --build /home/srhnabilacademy/ros2_nabil/build/my_robot_bringup -- -j4 -l4
[0.097s] Invoking command in '/home/srhnabilacademy/ros2_nabil/build/my_robot_bringup': CMAKE_PREFIX_PATH=/home/srhnabilacademy/ros2_nabil/install/my_robot_description:/home/srhnabilacademy/ldlidar_ros2_ws/install/ldlidar_stl_ros2:/home/srhnabilacademy/ros2_nabil/install/my_robot_bringup:/opt/ros/jazzy/opt/gz_sim_vendor:/opt/ros/jazzy/opt/gz_sensors_vendor:/opt/ros/jazzy/opt/gz_physics_vendor:/opt/ros/jazzy/opt/sdformat_vendor:/opt/ros/jazzy/opt/gz_gui_vendor:/opt/ros/jazzy/opt/gz_transport_vendor:/opt/ros/jazzy/opt/gz_rendering_vendor:/opt/ros/jazzy/opt/gz_plugin_vendor:/opt/ros/jazzy/opt/gz_fuel_tools_vendor:/opt/ros/jazzy/opt/gz_msgs_vendor:/opt/ros/jazzy/opt/gz_common_vendor:/opt/ros/jazzy/opt/gz_math_vendor:/opt/ros/jazzy/opt/gz_utils_vendor:/opt/ros/jazzy/opt/gz_tools_vendor:/opt/ros/jazzy/opt/gz_ogre_next_vendor:/opt/ros/jazzy/opt/gz_dartsim_vendor:/opt/ros/jazzy/opt/gz_cmake_vendor:/home/srhnabilacademy/ros2_nabil/install/my_robot_controller:/opt/ros/jazzy DEBUGINFOD_URLS=https://debuginfod.ubuntu.com /usr/bin/cmake --install /home/srhnabilacademy/ros2_nabil/build/my_robot_bringup
[0.114s] -- Install configuration: ""
[0.114s] -- Up-to-date: /home/srhnabilacademy/ros2_nabil/install/my_robot_bringup/share/my_robot_bringup//launch
[0.114s] -- Up-to-date: /home/srhnabilacademy/ros2_nabil/install/my_robot_bringup/share/my_robot_bringup//launch/slam_nabil_robot_noscreen.launch.xml
[0.114s] -- Up-to-date: /home/srhnabilacademy/ros2_nabil/install/my_robot_bringup/share/my_robot_bringup//launch/slam_nabil_robot.launch.xml
[0.114s] -- Up-to-date: /home/srhnabilacademy/ros2_nabil/install/my_robot_bringup/share/my_robot_bringup//launch/my_robot_gazebo.launch.xml
[0.116s] -- Up-to-date: /home/srhnabilacademy/ros2_nabil/install/my_robot_bringup/share/my_robot_bringup//launch/diff_nabil_robot.launch.xml
[0.116s] -- Up-to-date: /home/srhnabilacademy/ros2_nabil/install/my_robot_bringup/share/my_robot_bringup//rviz
[0.116s] -- Up-to-date: /home/srhnabilacademy/ros2_nabil/install/my_robot_bringup/share/my_robot_bringup//rviz/diff_drive_robot.rviz
[0.116s] -- Up-to-date: /home/srhnabilacademy/ros2_nabil/install/my_robot_bringup/share/my_robot_bringup//rviz/urdf_config.rviz
[0.116s] -- Up-to-date: /home/srhnabilacademy/ros2_nabil/install/my_robot_bringup/share/ament_index/resource_index/package_run_dependencies/my_robot_bringup
[0.116s] -- Up-to-date: /home/srhnabilacademy/ros2_nabil/install/my_robot_bringup/share/ament_index/resource_index/parent_prefix_path/my_robot_bringup
[0.116s] -- Up-to-date: /home/srhnabilacademy/ros2_nabil/install/my_robot_bringup/share/my_robot_bringup/environment/ament_prefix_path.sh
[0.116s] -- Up-to-date: /home/srhnabilacademy/ros2_nabil/install/my_robot_bringup/share/my_robot_bringup/environment/ament_prefix_path.dsv
[0.116s] -- Up-to-date: /home/srhnabilacademy/ros2_nabil/install/my_robot_bringup/share/my_robot_bringup/environment/path.sh
[0.117s] -- Up-to-date: /home/srhnabilacademy/ros2_nabil/install/my_robot_bringup/share/my_robot_bringup/environment/path.dsv
[0.117s] -- Up-to-date: /home/srhnabilacademy/ros2_nabil/install/my_robot_bringup/share/my_robot_bringup/local_setup.bash
[0.117s] -- Up-to-date: /home/srhnabilacademy/ros2_nabil/install/my_robot_bringup/share/my_robot_bringup/local_setup.sh
[0.117s] -- Up-to-date: /home/srhnabilacademy/ros2_nabil/install/my_robot_bringup/share/my_robot_bringup/local_setup.zsh
[0.117s] -- Up-to-date: /home/srhnabilacademy/ros2_nabil/install/my_robot_bringup/share/my_robot_bringup/local_setup.dsv
[0.117s] -- Installing: /home/srhnabilacademy/ros2_nabil/install/my_robot_bringup/share/my_robot_bringup/package.dsv
[0.117s] -- Up-to-date: /home/srhnabilacademy/ros2_nabil/install/my_robot_bringup/share/ament_index/resource_index/packages/my_robot_bringup
[0.117s] -- Up-to-date: /home/srhnabilacademy/ros2_nabil/install/my_robot_bringup/share/my_robot_bringup/cmake/my_robot_bringupConfig.cmake
[0.117s] -- Up-to-date: /home/srhnabilacademy/ros2_nabil/install/my_robot_bringup/share/my_robot_bringup/cmake/my_robot_bringupConfig-version.cmake
[0.117s] -- Up-to-date: /home/srhnabilacademy/ros2_nabil/install/my_robot_bringup/share/my_robot_bringup/package.xml
[0.119s] Invoked command in '/home/srhnabilacademy/ros2_nabil/build/my_robot_bringup' returned '0': CMAKE_PREFIX_PATH=/home/srhnabilacademy/ros2_nabil/install/my_robot_description:/home/srhnabilacademy/ldlidar_ros2_ws/install/ldlidar_stl_ros2:/home/srhnabilacademy/ros2_nabil/install/my_robot_bringup:/opt/ros/jazzy/opt/gz_sim_vendor:/opt/ros/jazzy/opt/gz_sensors_vendor:/opt/ros/jazzy/opt/gz_physics_vendor:/opt/ros/jazzy/opt/sdformat_vendor:/opt/ros/jazzy/opt/gz_gui_vendor:/opt/ros/jazzy/opt/gz_transport_vendor:/opt/ros/jazzy/opt/gz_rendering_vendor:/opt/ros/jazzy/opt/gz_plugin_vendor:/opt/ros/jazzy/opt/gz_fuel_tools_vendor:/opt/ros/jazzy/opt/gz_msgs_vendor:/opt/ros/jazzy/opt/gz_common_vendor:/opt/ros/jazzy/opt/gz_math_vendor:/opt/ros/jazzy/opt/gz_utils_vendor:/opt/ros/jazzy/opt/gz_tools_vendor:/opt/ros/jazzy/opt/gz_ogre_next_vendor:/opt/ros/jazzy/opt/gz_dartsim_vendor:/opt/ros/jazzy/opt/gz_cmake_vendor:/home/srhnabilacademy/ros2_nabil/install/my_robot_controller:/opt/ros/jazzy DEBUGINFOD_URLS=https://debuginfod.ubuntu.com /usr/bin/cmake --install /home/srhnabilacademy/ros2_nabil/build/my_robot_bringup
