[0.080s] Invoking command in '/home/srhnabilacademy/ros2_nabil/build/my_robot_description': CMAKE_PREFIX_PATH=${CMAKE_PREFIX_PATH}:/home/srhnabilacademy/ros2_nabil/install/my_robot_controller:/opt/ros/jazzy DEBUGINFOD_URLS=https://debuginfod.ubuntu.com /usr/bin/cmake --build /home/srhnabilacademy/ros2_nabil/build/my_robot_description -- -j4 -l4
[0.576s] Invoked command in '/home/srhnabilacademy/ros2_nabil/build/my_robot_description' returned '0': CMAKE_PREFIX_PATH=${CMAKE_PREFIX_PATH}:/home/srhnabilacademy/ros2_nabil/install/my_robot_controller:/opt/ros/jazzy DEBUGINFOD_URLS=https://debuginfod.ubuntu.com /usr/bin/cmake --build /home/srhnabilacademy/ros2_nabil/build/my_robot_description -- -j4 -l4
[0.601s] Invoking command in '/home/srhnabilacademy/ros2_nabil/build/my_robot_description': CMAKE_PREFIX_PATH=${CMAKE_PREFIX_PATH}:/home/srhnabilacademy/ros2_nabil/install/my_robot_controller:/opt/ros/jazzy DEBUGINFOD_URLS=https://debuginfod.ubuntu.com /usr/bin/cmake --install /home/srhnabilacademy/ros2_nabil/build/my_robot_description
[0.658s] -- Install configuration: ""
[0.661s] -- Up-to-date: /home/srhnabilacademy/ros2_nabil/install/my_robot_description/share/my_robot_description//urdf
[0.663s] -- Up-to-date: /home/srhnabilacademy/ros2_nabil/install/my_robot_description/share/my_robot_description//urdf/mobile_base_gazebo.xacro
[0.665s] -- Up-to-date: /home/srhnabilacademy/ros2_nabil/install/my_robot_description/share/my_robot_description//urdf/common_properties.xacro
[0.665s] -- Installing: /home/srhnabilacademy/ros2_nabil/install/my_robot_description/share/my_robot_description//urdf/my_robot.urdf.xacro
[0.666s] -- Up-to-date: /home/srhnabilacademy/ros2_nabil/install/my_robot_description/share/my_robot_description//urdf/mobile_base.xacro
[0.666s] -- Up-to-date: /home/srhnabilacademy/ros2_nabil/install/my_robot_description/share/my_robot_description//launch
[0.666s] -- Up-to-date: /home/srhnabilacademy/ros2_nabil/install/my_robot_description/share/my_robot_description//launch/display.launch.xml
[0.666s] -- Up-to-date: /home/srhnabilacademy/ros2_nabil/install/my_robot_description/share/my_robot_description//launch/display.launch.py
[0.666s] -- Up-to-date: /home/srhnabilacademy/ros2_nabil/install/my_robot_description/share/my_robot_description//rviz
[0.667s] -- Up-to-date: /home/srhnabilacademy/ros2_nabil/install/my_robot_description/share/my_robot_description//rviz/urdf_config.rviz
[0.667s] -- Up-to-date: /home/srhnabilacademy/ros2_nabil/install/my_robot_description/share/ament_index/resource_index/package_run_dependencies/my_robot_description
[0.667s] -- Up-to-date: /home/srhnabilacademy/ros2_nabil/install/my_robot_description/share/ament_index/resource_index/parent_prefix_path/my_robot_description
[0.667s] -- Up-to-date: /home/srhnabilacademy/ros2_nabil/install/my_robot_description/share/my_robot_description/environment/ament_prefix_path.sh
[0.667s] -- Up-to-date: /home/srhnabilacademy/ros2_nabil/install/my_robot_description/share/my_robot_description/environment/ament_prefix_path.dsv
[0.667s] -- Up-to-date: /home/srhnabilacademy/ros2_nabil/install/my_robot_description/share/my_robot_description/environment/path.sh
[0.668s] -- Up-to-date: /home/srhnabilacademy/ros2_nabil/install/my_robot_description/share/my_robot_description/environment/path.dsv
[0.668s] -- Up-to-date: /home/srhnabilacademy/ros2_nabil/install/my_robot_description/share/my_robot_description/local_setup.bash
[0.668s] -- Up-to-date: /home/srhnabilacademy/ros2_nabil/install/my_robot_description/share/my_robot_description/local_setup.sh
[0.668s] -- Up-to-date: /home/srhnabilacademy/ros2_nabil/install/my_robot_description/share/my_robot_description/local_setup.zsh
[0.668s] -- Up-to-date: /home/srhnabilacademy/ros2_nabil/install/my_robot_description/share/my_robot_description/local_setup.dsv
[0.668s] -- Installing: /home/srhnabilacademy/ros2_nabil/install/my_robot_description/share/my_robot_description/package.dsv
[0.668s] -- Up-to-date: /home/srhnabilacademy/ros2_nabil/install/my_robot_description/share/ament_index/resource_index/packages/my_robot_description
[0.668s] -- Up-to-date: /home/srhnabilacademy/ros2_nabil/install/my_robot_description/share/my_robot_description/cmake/my_robot_descriptionConfig.cmake
[0.669s] -- Up-to-date: /home/srhnabilacademy/ros2_nabil/install/my_robot_description/share/my_robot_description/cmake/my_robot_descriptionConfig-version.cmake
[0.669s] -- Up-to-date: /home/srhnabilacademy/ros2_nabil/install/my_robot_description/share/my_robot_description/package.xml
[0.678s] Invoked command in '/home/srhnabilacademy/ros2_nabil/build/my_robot_description' returned '0': CMAKE_PREFIX_PATH=${CMAKE_PREFIX_PATH}:/home/srhnabilacademy/ros2_nabil/install/my_robot_controller:/opt/ros/jazzy DEBUGINFOD_URLS=https://debuginfod.ubuntu.com /usr/bin/cmake --install /home/srhnabilacademy/ros2_nabil/build/my_robot_description
