[1.748s] Invoking command in '/home/srhnabilacademy/ros2_nabil/src/my_robot_controller': DEBUGINFOD_URLS=https://debuginfod.ubuntu.com PYTHONPATH=/home/srhnabilacademy/ros2_nabil/build/my_robot_controller/prefix_override:/usr/lib/python3/dist-packages/colcon_core/task/python/colcon_distutils_commands:/home/srhnabilacademy/ros2_nabil/install/my_robot_controller/lib/python3.12/site-packages:${PYTHONPATH} /usr/bin/python3 -W ignore:setup.py install is deprecated -W ignore:easy_install command is deprecated setup.py egg_info --egg-base ../../build/my_robot_controller build --build-base /home/srhnabilacademy/ros2_nabil/build/my_robot_controller/build install --record /home/srhnabilacademy/ros2_nabil/build/my_robot_controller/install.log --single-version-externally-managed install_data
[2.134s] running egg_info
[2.160s] writing ../../build/my_robot_controller/my_robot_controller.egg-info/PKG-INFO
[2.161s] writing dependency_links to ../../build/my_robot_controller/my_robot_controller.egg-info/dependency_links.txt
[2.161s] writing entry points to ../../build/my_robot_controller/my_robot_controller.egg-info/entry_points.txt
[2.161s] writing requirements to ../../build/my_robot_controller/my_robot_controller.egg-info/requires.txt
[2.161s] writing top-level names to ../../build/my_robot_controller/my_robot_controller.egg-info/top_level.txt
[2.223s] reading manifest file '../../build/my_robot_controller/my_robot_controller.egg-info/SOURCES.txt'
[2.224s] writing manifest file '../../build/my_robot_controller/my_robot_controller.egg-info/SOURCES.txt'
[2.225s] running build
[2.225s] running build_py
[2.228s] running install
[2.237s] running install_lib
[2.266s] running install_data
[2.266s] running install_egg_info
[2.298s] removing '/home/srhnabilacademy/ros2_nabil/install/my_robot_controller/lib/python3.12/site-packages/my_robot_controller-0.0.0-py3.12.egg-info' (and everything under it)
[2.299s] Copying ../../build/my_robot_controller/my_robot_controller.egg-info to /home/srhnabilacademy/ros2_nabil/install/my_robot_controller/lib/python3.12/site-packages/my_robot_controller-0.0.0-py3.12.egg-info
[2.300s] running install_scripts
[2.496s] Installing diff_drive_robot script to /home/srhnabilacademy/ros2_nabil/install/my_robot_controller/lib/my_robot_controller
[2.497s] writing list of installed files to '/home/srhnabilacademy/ros2_nabil/build/my_robot_controller/install.log'
[2.578s] Invoked command in '/home/srhnabilacademy/ros2_nabil/src/my_robot_controller' returned '0': DEBUGINFOD_URLS=https://debuginfod.ubuntu.com PYTHONPATH=/home/srhnabilacademy/ros2_nabil/build/my_robot_controller/prefix_override:/usr/lib/python3/dist-packages/colcon_core/task/python/colcon_distutils_commands:/home/srhnabilacademy/ros2_nabil/install/my_robot_controller/lib/python3.12/site-packages:${PYTHONPATH} /usr/bin/python3 -W ignore:setup.py install is deprecated -W ignore:easy_install command is deprecated setup.py egg_info --egg-base ../../build/my_robot_controller build --build-base /home/srhnabilacademy/ros2_nabil/build/my_robot_controller/build install --record /home/srhnabilacademy/ros2_nabil/build/my_robot_controller/install.log --single-version-externally-managed install_data
