[0.145s] DEBUG:colcon:Command line arguments: ['/usr/bin/colcon', 'build']
[0.145s] DEBUG:colcon:Parsed command line arguments: Namespace(log_base=None, log_level=None, verb_name='build', build_base='build', install_base='install', merge_install=False, symlink_install=False, test_result_base=None, continue_on_error=False, executor='parallel', parallel_workers=4, event_handlers=None, ignore_user_meta=False, metas=['./colcon.meta'], base_paths=['.'], packages_ignore=None, packages_ignore_regex=None, paths=None, packages_up_to=None, packages_up_to_regex=None, packages_above=None, packages_above_and_dependencies=None, packages_above_depth=None, packages_select_by_dep=None, packages_skip_by_dep=None, packages_skip_up_to=None, packages_select_build_failed=False, packages_skip_build_finished=False, packages_select_test_failures=False, packages_skip_test_passed=False, packages_select=None, packages_skip=None, packages_select_regex=None, packages_skip_regex=None, packages_start=None, packages_end=None, allow_overriding=[], cmake_args=None, cmake_target=None, cmake_target_skip_unavailable=False, cmake_clean_cache=False, cmake_clean_first=False, cmake_force_configure=False, ament_cmake_args=None, catkin_cmake_args=None, catkin_skip_building_tests=False, verb_parser=<colcon_defaults.argument_parser.defaults.DefaultArgumentsDecorator object at 0xffff9313a3f0>, verb_extension=<colcon_core.verb.build.BuildVerb object at 0xffff9313a330>, main=<bound method BuildVerb.main of <colcon_core.verb.build.BuildVerb object at 0xffff9313a330>>)
[0.202s] Level 1:colcon.colcon_core.package_discovery:discover_packages(colcon_meta) check parameters
[0.202s] Level 1:colcon.colcon_core.package_discovery:discover_packages(recursive) check parameters
[0.202s] Level 1:colcon.colcon_core.package_discovery:discover_packages(ignore) check parameters
[0.202s] Level 1:colcon.colcon_core.package_discovery:discover_packages(path) check parameters
[0.202s] Level 1:colcon.colcon_core.package_discovery:discover_packages(colcon_meta) discover
[0.203s] Level 1:colcon.colcon_core.package_discovery:discover_packages(recursive) discover
[0.203s] INFO:colcon.colcon_core.package_discovery:Crawling recursively for packages in '/home/srhnabilacademy/ros2_nabil'
[0.203s] Level 1:colcon.colcon_core.package_identification:_identify(.) by extensions ['ignore', 'ignore_ament_install']
[0.203s] Level 1:colcon.colcon_core.package_identification:_identify(.) by extension 'ignore'
[0.203s] Level 1:colcon.colcon_core.package_identification:_identify(.) by extension 'ignore_ament_install'
[0.203s] Level 1:colcon.colcon_core.package_identification:_identify(.) by extensions ['colcon_pkg']
[0.203s] Level 1:colcon.colcon_core.package_identification:_identify(.) by extension 'colcon_pkg'
[0.203s] Level 1:colcon.colcon_core.package_identification:_identify(.) by extensions ['colcon_meta']
[0.203s] Level 1:colcon.colcon_core.package_identification:_identify(.) by extension 'colcon_meta'
[0.203s] Level 1:colcon.colcon_core.package_identification:_identify(.) by extensions ['ros']
[0.203s] Level 1:colcon.colcon_core.package_identification:_identify(.) by extension 'ros'
[0.239s] Level 1:colcon.colcon_core.package_identification:_identify(.) by extensions ['cmake', 'python']
[0.239s] Level 1:colcon.colcon_core.package_identification:_identify(.) by extension 'cmake'
[0.240s] Level 1:colcon.colcon_core.package_identification:_identify(.) by extension 'python'
[0.240s] Level 1:colcon.colcon_core.package_identification:_identify(.) by extensions ['python_setup_py']
[0.240s] Level 1:colcon.colcon_core.package_identification:_identify(.) by extension 'python_setup_py'
[0.240s] Level 1:colcon.colcon_core.package_identification:_identify(build) by extensions ['ignore', 'ignore_ament_install']
[0.240s] Level 1:colcon.colcon_core.package_identification:_identify(build) by extension 'ignore'
[0.240s] Level 1:colcon.colcon_core.package_identification:_identify(build) ignored
[0.240s] Level 1:colcon.colcon_core.package_identification:_identify(install) by extensions ['ignore', 'ignore_ament_install']
[0.240s] Level 1:colcon.colcon_core.package_identification:_identify(install) by extension 'ignore'
[0.240s] Level 1:colcon.colcon_core.package_identification:_identify(install) ignored
[0.241s] Level 1:colcon.colcon_core.package_identification:_identify(log) by extensions ['ignore', 'ignore_ament_install']
[0.241s] Level 1:colcon.colcon_core.package_identification:_identify(log) by extension 'ignore'
[0.241s] Level 1:colcon.colcon_core.package_identification:_identify(log) ignored
[0.241s] Level 1:colcon.colcon_core.package_identification:_identify(src) by extensions ['ignore', 'ignore_ament_install']
[0.241s] Level 1:colcon.colcon_core.package_identification:_identify(src) by extension 'ignore'
[0.241s] Level 1:colcon.colcon_core.package_identification:_identify(src) by extension 'ignore_ament_install'
[0.241s] Level 1:colcon.colcon_core.package_identification:_identify(src) by extensions ['colcon_pkg']
[0.241s] Level 1:colcon.colcon_core.package_identification:_identify(src) by extension 'colcon_pkg'
[0.241s] Level 1:colcon.colcon_core.package_identification:_identify(src) by extensions ['colcon_meta']
[0.241s] Level 1:colcon.colcon_core.package_identification:_identify(src) by extension 'colcon_meta'
[0.241s] Level 1:colcon.colcon_core.package_identification:_identify(src) by extensions ['ros']
[0.241s] Level 1:colcon.colcon_core.package_identification:_identify(src) by extension 'ros'
[0.241s] Level 1:colcon.colcon_core.package_identification:_identify(src) by extensions ['cmake', 'python']
[0.241s] Level 1:colcon.colcon_core.package_identification:_identify(src) by extension 'cmake'
[0.241s] Level 1:colcon.colcon_core.package_identification:_identify(src) by extension 'python'
[0.241s] Level 1:colcon.colcon_core.package_identification:_identify(src) by extensions ['python_setup_py']
[0.241s] Level 1:colcon.colcon_core.package_identification:_identify(src) by extension 'python_setup_py'
[0.241s] Level 1:colcon.colcon_core.package_identification:_identify(src/my_robot_bringup) by extensions ['ignore', 'ignore_ament_install']
[0.242s] Level 1:colcon.colcon_core.package_identification:_identify(src/my_robot_bringup) by extension 'ignore'
[0.242s] Level 1:colcon.colcon_core.package_identification:_identify(src/my_robot_bringup) by extension 'ignore_ament_install'
[0.242s] Level 1:colcon.colcon_core.package_identification:_identify(src/my_robot_bringup) by extensions ['colcon_pkg']
[0.242s] Level 1:colcon.colcon_core.package_identification:_identify(src/my_robot_bringup) by extension 'colcon_pkg'
[0.242s] Level 1:colcon.colcon_core.package_identification:_identify(src/my_robot_bringup) by extensions ['colcon_meta']
[0.242s] Level 1:colcon.colcon_core.package_identification:_identify(src/my_robot_bringup) by extension 'colcon_meta'
[0.242s] Level 1:colcon.colcon_core.package_identification:_identify(src/my_robot_bringup) by extensions ['ros']
[0.242s] Level 1:colcon.colcon_core.package_identification:_identify(src/my_robot_bringup) by extension 'ros'
[0.247s] DEBUG:colcon.colcon_core.package_identification:Package 'src/my_robot_bringup' with type 'ros.ament_cmake' and name 'my_robot_bringup'
[0.247s] Level 1:colcon.colcon_core.package_identification:_identify(src/my_robot_controller) by extensions ['ignore', 'ignore_ament_install']
[0.247s] Level 1:colcon.colcon_core.package_identification:_identify(src/my_robot_controller) by extension 'ignore'
[0.247s] Level 1:colcon.colcon_core.package_identification:_identify(src/my_robot_controller) by extension 'ignore_ament_install'
[0.247s] Level 1:colcon.colcon_core.package_identification:_identify(src/my_robot_controller) by extensions ['colcon_pkg']
[0.247s] Level 1:colcon.colcon_core.package_identification:_identify(src/my_robot_controller) by extension 'colcon_pkg'
[0.247s] Level 1:colcon.colcon_core.package_identification:_identify(src/my_robot_controller) by extensions ['colcon_meta']
[0.247s] Level 1:colcon.colcon_core.package_identification:_identify(src/my_robot_controller) by extension 'colcon_meta'
[0.248s] Level 1:colcon.colcon_core.package_identification:_identify(src/my_robot_controller) by extensions ['ros']
[0.248s] Level 1:colcon.colcon_core.package_identification:_identify(src/my_robot_controller) by extension 'ros'
[0.248s] DEBUG:colcon.colcon_core.package_identification:Package 'src/my_robot_controller' with type 'ros.ament_python' and name 'my_robot_controller'
[0.248s] Level 1:colcon.colcon_core.package_identification:_identify(src/my_robot_description) by extensions ['ignore', 'ignore_ament_install']
[0.248s] Level 1:colcon.colcon_core.package_identification:_identify(src/my_robot_description) by extension 'ignore'
[0.248s] Level 1:colcon.colcon_core.package_identification:_identify(src/my_robot_description) by extension 'ignore_ament_install'
[0.249s] Level 1:colcon.colcon_core.package_identification:_identify(src/my_robot_description) by extensions ['colcon_pkg']
[0.249s] Level 1:colcon.colcon_core.package_identification:_identify(src/my_robot_description) by extension 'colcon_pkg'
[0.249s] Level 1:colcon.colcon_core.package_identification:_identify(src/my_robot_description) by extensions ['colcon_meta']
[0.249s] Level 1:colcon.colcon_core.package_identification:_identify(src/my_robot_description) by extension 'colcon_meta'
[0.249s] Level 1:colcon.colcon_core.package_identification:_identify(src/my_robot_description) by extensions ['ros']
[0.249s] Level 1:colcon.colcon_core.package_identification:_identify(src/my_robot_description) by extension 'ros'
[0.249s] DEBUG:colcon.colcon_core.package_identification:Package 'src/my_robot_description' with type 'ros.ament_cmake' and name 'my_robot_description'
[0.249s] Level 1:colcon.colcon_core.package_discovery:discover_packages(recursive) using defaults
[0.249s] Level 1:colcon.colcon_core.package_discovery:discover_packages(ignore) discover
[0.249s] Level 1:colcon.colcon_core.package_discovery:discover_packages(ignore) using defaults
[0.249s] Level 1:colcon.colcon_core.package_discovery:discover_packages(path) discover
[0.249s] Level 1:colcon.colcon_core.package_discovery:discover_packages(path) using defaults
[0.273s] Level 1:colcon.colcon_core.package_discovery:discover_packages(prefix_path) check parameters
[0.273s] Level 1:colcon.colcon_core.package_discovery:discover_packages(prefix_path) discover
[0.275s] DEBUG:colcon.colcon_installed_package_information.package_discovery:Found 3 installed packages in /home/srhnabilacademy/ros2_nabil/install
[0.276s] DEBUG:colcon.colcon_installed_package_information.package_discovery:Found 1 installed packages in /home/srhnabilacademy/ldlidar_ros2_ws/install
[0.279s] DEBUG:colcon.colcon_installed_package_information.package_discovery:Found 490 installed packages in /opt/ros/jazzy
[0.281s] Level 1:colcon.colcon_core.package_discovery:discover_packages(prefix_path) using defaults
[0.372s] Level 5:colcon.colcon_core.verb:set package 'my_robot_controller' build argument 'cmake_args' from command line to 'None'
[0.372s] Level 5:colcon.colcon_core.verb:set package 'my_robot_controller' build argument 'cmake_target' from command line to 'None'
[0.372s] Level 5:colcon.colcon_core.verb:set package 'my_robot_controller' build argument 'cmake_target_skip_unavailable' from command line to 'False'
[0.372s] Level 5:colcon.colcon_core.verb:set package 'my_robot_controller' build argument 'cmake_clean_cache' from command line to 'False'
[0.372s] Level 5:colcon.colcon_core.verb:set package 'my_robot_controller' build argument 'cmake_clean_first' from command line to 'False'
[0.372s] Level 5:colcon.colcon_core.verb:set package 'my_robot_controller' build argument 'cmake_force_configure' from command line to 'False'
[0.372s] Level 5:colcon.colcon_core.verb:set package 'my_robot_controller' build argument 'ament_cmake_args' from command line to 'None'
[0.372s] Level 5:colcon.colcon_core.verb:set package 'my_robot_controller' build argument 'catkin_cmake_args' from command line to 'None'
[0.372s] Level 5:colcon.colcon_core.verb:set package 'my_robot_controller' build argument 'catkin_skip_building_tests' from command line to 'False'
[0.372s] DEBUG:colcon.colcon_core.verb:Building package 'my_robot_controller' with the following arguments: {'ament_cmake_args': None, 'build_base': '/home/srhnabilacademy/ros2_nabil/build/my_robot_controller', 'catkin_cmake_args': None, 'catkin_skip_building_tests': False, 'cmake_args': None, 'cmake_clean_cache': False, 'cmake_clean_first': False, 'cmake_force_configure': False, 'cmake_target': None, 'cmake_target_skip_unavailable': False, 'install_base': '/home/srhnabilacademy/ros2_nabil/install/my_robot_controller', 'merge_install': False, 'path': '/home/srhnabilacademy/ros2_nabil/src/my_robot_controller', 'symlink_install': False, 'test_result_base': None}
[0.373s] Level 5:colcon.colcon_core.verb:set package 'my_robot_description' build argument 'cmake_args' from command line to 'None'
[0.373s] Level 5:colcon.colcon_core.verb:set package 'my_robot_description' build argument 'cmake_target' from command line to 'None'
[0.373s] Level 5:colcon.colcon_core.verb:set package 'my_robot_description' build argument 'cmake_target_skip_unavailable' from command line to 'False'
[0.373s] Level 5:colcon.colcon_core.verb:set package 'my_robot_description' build argument 'cmake_clean_cache' from command line to 'False'
[0.373s] Level 5:colcon.colcon_core.verb:set package 'my_robot_description' build argument 'cmake_clean_first' from command line to 'False'
[0.373s] Level 5:colcon.colcon_core.verb:set package 'my_robot_description' build argument 'cmake_force_configure' from command line to 'False'
[0.373s] Level 5:colcon.colcon_core.verb:set package 'my_robot_description' build argument 'ament_cmake_args' from command line to 'None'
[0.373s] Level 5:colcon.colcon_core.verb:set package 'my_robot_description' build argument 'catkin_cmake_args' from command line to 'None'
[0.373s] Level 5:colcon.colcon_core.verb:set package 'my_robot_description' build argument 'catkin_skip_building_tests' from command line to 'False'
[0.373s] DEBUG:colcon.colcon_core.verb:Building package 'my_robot_description' with the following arguments: {'ament_cmake_args': None, 'build_base': '/home/srhnabilacademy/ros2_nabil/build/my_robot_description', 'catkin_cmake_args': None, 'catkin_skip_building_tests': False, 'cmake_args': None, 'cmake_clean_cache': False, 'cmake_clean_first': False, 'cmake_force_configure': False, 'cmake_target': None, 'cmake_target_skip_unavailable': False, 'install_base': '/home/srhnabilacademy/ros2_nabil/install/my_robot_description', 'merge_install': False, 'path': '/home/srhnabilacademy/ros2_nabil/src/my_robot_description', 'symlink_install': False, 'test_result_base': None}
[0.373s] Level 5:colcon.colcon_core.verb:set package 'my_robot_bringup' build argument 'cmake_args' from command line to 'None'
[0.373s] Level 5:colcon.colcon_core.verb:set package 'my_robot_bringup' build argument 'cmake_target' from command line to 'None'
[0.373s] Level 5:colcon.colcon_core.verb:set package 'my_robot_bringup' build argument 'cmake_target_skip_unavailable' from command line to 'False'
[0.374s] Level 5:colcon.colcon_core.verb:set package 'my_robot_bringup' build argument 'cmake_clean_cache' from command line to 'False'
[0.374s] Level 5:colcon.colcon_core.verb:set package 'my_robot_bringup' build argument 'cmake_clean_first' from command line to 'False'
[0.374s] Level 5:colcon.colcon_core.verb:set package 'my_robot_bringup' build argument 'cmake_force_configure' from command line to 'False'
[0.374s] Level 5:colcon.colcon_core.verb:set package 'my_robot_bringup' build argument 'ament_cmake_args' from command line to 'None'
[0.374s] Level 5:colcon.colcon_core.verb:set package 'my_robot_bringup' build argument 'catkin_cmake_args' from command line to 'None'
[0.374s] Level 5:colcon.colcon_core.verb:set package 'my_robot_bringup' build argument 'catkin_skip_building_tests' from command line to 'False'
[0.374s] DEBUG:colcon.colcon_core.verb:Building package 'my_robot_bringup' with the following arguments: {'ament_cmake_args': None, 'build_base': '/home/srhnabilacademy/ros2_nabil/build/my_robot_bringup', 'catkin_cmake_args': None, 'catkin_skip_building_tests': False, 'cmake_args': None, 'cmake_clean_cache': False, 'cmake_clean_first': False, 'cmake_force_configure': False, 'cmake_target': None, 'cmake_target_skip_unavailable': False, 'install_base': '/home/srhnabilacademy/ros2_nabil/install/my_robot_bringup', 'merge_install': False, 'path': '/home/srhnabilacademy/ros2_nabil/src/my_robot_bringup', 'symlink_install': False, 'test_result_base': None}
[0.374s] INFO:colcon.colcon_core.executor:Executing jobs using 'parallel' executor
[0.375s] DEBUG:colcon.colcon_parallel_executor.executor.parallel:run_until_complete
[0.375s] INFO:colcon.colcon_ros.task.ament_cmake.build:Building ROS package in '/home/srhnabilacademy/ros2_nabil/src/my_robot_description' with build type 'ament_cmake'
[0.376s] INFO:colcon.colcon_cmake.task.cmake.build:Building CMake package in '/home/srhnabilacademy/ros2_nabil/src/my_robot_description'
[0.378s] INFO:colcon.colcon_core.plugin_system:Skipping extension 'colcon_core.shell.bat': Not used on non-Windows systems
[0.378s] INFO:colcon.colcon_core.shell:Skip shell extension 'powershell' for command environment: Not usable outside of PowerShell
[0.378s] DEBUG:colcon.colcon_core.shell:Skip shell extension 'dsv' for command environment
[0.385s] INFO:colcon.colcon_ros.task.ament_python.build:Building ROS package in '/home/srhnabilacademy/ros2_nabil/src/my_robot_controller' with build type 'ament_python'
[0.385s] Level 1:colcon.colcon_core.shell:create_environment_hook('my_robot_controller', 'ament_prefix_path')
[0.385s] INFO:colcon.colcon_core.shell:Creating environment hook '/home/srhnabilacademy/ros2_nabil/install/my_robot_controller/share/my_robot_controller/hook/ament_prefix_path.ps1'
[0.386s] INFO:colcon.colcon_core.shell:Creating environment descriptor '/home/srhnabilacademy/ros2_nabil/install/my_robot_controller/share/my_robot_controller/hook/ament_prefix_path.dsv'
[0.387s] INFO:colcon.colcon_core.shell:Creating environment hook '/home/srhnabilacademy/ros2_nabil/install/my_robot_controller/share/my_robot_controller/hook/ament_prefix_path.sh'
[0.388s] INFO:colcon.colcon_core.shell:Skip shell extension 'powershell' for command environment: Not usable outside of PowerShell
[0.388s] DEBUG:colcon.colcon_core.shell:Skip shell extension 'dsv' for command environment
[0.400s] DEBUG:colcon.colcon_core.event_handler.log_command:Invoking command in '/home/srhnabilacademy/ros2_nabil/build/my_robot_description': CMAKE_PREFIX_PATH=${CMAKE_PREFIX_PATH}:/home/srhnabilacademy/ros2_nabil/install/my_robot_controller:/opt/ros/jazzy DEBUGINFOD_URLS=https://debuginfod.ubuntu.com /usr/bin/cmake --build /home/srhnabilacademy/ros2_nabil/build/my_robot_description -- -j4 -l4
[0.729s] INFO:colcon.colcon_core.task.python.build:Building Python package in '/home/srhnabilacademy/ros2_nabil/src/my_robot_controller'
[0.730s] INFO:colcon.colcon_core.shell:Skip shell extension 'powershell' for command environment: Not usable outside of PowerShell
[0.730s] DEBUG:colcon.colcon_core.shell:Skip shell extension 'dsv' for command environment
[0.738s] DEBUG:colcon.colcon_core.event_handler.log_command:Invoked command in '/home/srhnabilacademy/ros2_nabil/build/my_robot_description' returned '0': CMAKE_PREFIX_PATH=${CMAKE_PREFIX_PATH}:/home/srhnabilacademy/ros2_nabil/install/my_robot_controller:/opt/ros/jazzy DEBUGINFOD_URLS=https://debuginfod.ubuntu.com /usr/bin/cmake --build /home/srhnabilacademy/ros2_nabil/build/my_robot_description -- -j4 -l4
[0.758s] DEBUG:colcon.colcon_core.event_handler.log_command:Invoking command in '/home/srhnabilacademy/ros2_nabil/build/my_robot_description': CMAKE_PREFIX_PATH=${CMAKE_PREFIX_PATH}:/home/srhnabilacademy/ros2_nabil/install/my_robot_controller:/opt/ros/jazzy DEBUGINFOD_URLS=https://debuginfod.ubuntu.com /usr/bin/cmake --install /home/srhnabilacademy/ros2_nabil/build/my_robot_description
[0.780s] Level 1:colcon.colcon_core.environment:create_environment_scripts_only(my_robot_description)
[0.781s] DEBUG:colcon.colcon_core.event_handler.log_command:Invoked command in '/home/srhnabilacademy/ros2_nabil/build/my_robot_description' returned '0': CMAKE_PREFIX_PATH=${CMAKE_PREFIX_PATH}:/home/srhnabilacademy/ros2_nabil/install/my_robot_controller:/opt/ros/jazzy DEBUGINFOD_URLS=https://debuginfod.ubuntu.com /usr/bin/cmake --install /home/srhnabilacademy/ros2_nabil/build/my_robot_description
[0.783s] Level 1:colcon.colcon_core.environment:checking '/home/srhnabilacademy/ros2_nabil/install/my_robot_description' for CMake module files
[0.784s] Level 1:colcon.colcon_core.environment:checking '/home/srhnabilacademy/ros2_nabil/install/my_robot_description' for CMake config files
[0.784s] Level 1:colcon.colcon_core.shell:create_environment_hook('my_robot_description', 'cmake_prefix_path')
[0.785s] INFO:colcon.colcon_core.shell:Creating environment hook '/home/srhnabilacademy/ros2_nabil/install/my_robot_description/share/my_robot_description/hook/cmake_prefix_path.ps1'
[0.785s] INFO:colcon.colcon_core.shell:Creating environment descriptor '/home/srhnabilacademy/ros2_nabil/install/my_robot_description/share/my_robot_description/hook/cmake_prefix_path.dsv'
[0.786s] INFO:colcon.colcon_core.shell:Creating environment hook '/home/srhnabilacademy/ros2_nabil/install/my_robot_description/share/my_robot_description/hook/cmake_prefix_path.sh'
[0.787s] Level 1:colcon.colcon_core.environment:checking '/home/srhnabilacademy/ros2_nabil/install/my_robot_description/bin'
[0.787s] Level 1:colcon.colcon_core.environment:checking '/home/srhnabilacademy/ros2_nabil/install/my_robot_description/lib/pkgconfig/my_robot_description.pc'
[0.787s] Level 1:colcon.colcon_core.environment:checking '/home/srhnabilacademy/ros2_nabil/install/my_robot_description/lib/python3.12/site-packages'
[0.788s] Level 1:colcon.colcon_core.environment:checking '/home/srhnabilacademy/ros2_nabil/install/my_robot_description/bin'
[0.788s] INFO:colcon.colcon_core.shell:Creating package script '/home/srhnabilacademy/ros2_nabil/install/my_robot_description/share/my_robot_description/package.ps1'
[0.789s] INFO:colcon.colcon_core.shell:Creating package descriptor '/home/srhnabilacademy/ros2_nabil/install/my_robot_description/share/my_robot_description/package.dsv'
[0.790s] INFO:colcon.colcon_core.shell:Creating package script '/home/srhnabilacademy/ros2_nabil/install/my_robot_description/share/my_robot_description/package.sh'
[0.791s] INFO:colcon.colcon_core.shell:Creating package script '/home/srhnabilacademy/ros2_nabil/install/my_robot_description/share/my_robot_description/package.bash'
[0.791s] INFO:colcon.colcon_core.shell:Creating package script '/home/srhnabilacademy/ros2_nabil/install/my_robot_description/share/my_robot_description/package.zsh'
[0.792s] Level 1:colcon.colcon_core.environment:create_file_with_runtime_dependencies(/home/srhnabilacademy/ros2_nabil/install/my_robot_description/share/colcon-core/packages/my_robot_description)
[0.793s] Level 1:colcon.colcon_core.environment:create_environment_scripts_only(my_robot_description)
[0.794s] Level 1:colcon.colcon_core.environment:checking '/home/srhnabilacademy/ros2_nabil/install/my_robot_description' for CMake module files
[0.794s] Level 1:colcon.colcon_core.environment:checking '/home/srhnabilacademy/ros2_nabil/install/my_robot_description' for CMake config files
[0.794s] Level 1:colcon.colcon_core.shell:create_environment_hook('my_robot_description', 'cmake_prefix_path')
[0.795s] INFO:colcon.colcon_core.shell:Creating environment hook '/home/srhnabilacademy/ros2_nabil/install/my_robot_description/share/my_robot_description/hook/cmake_prefix_path.ps1'
[0.795s] INFO:colcon.colcon_core.shell:Creating environment descriptor '/home/srhnabilacademy/ros2_nabil/install/my_robot_description/share/my_robot_description/hook/cmake_prefix_path.dsv'
[0.796s] INFO:colcon.colcon_core.shell:Creating environment hook '/home/srhnabilacademy/ros2_nabil/install/my_robot_description/share/my_robot_description/hook/cmake_prefix_path.sh'
[0.797s] Level 1:colcon.colcon_core.environment:checking '/home/srhnabilacademy/ros2_nabil/install/my_robot_description/bin'
[0.797s] Level 1:colcon.colcon_core.environment:checking '/home/srhnabilacademy/ros2_nabil/install/my_robot_description/lib/pkgconfig/my_robot_description.pc'
[0.798s] Level 1:colcon.colcon_core.environment:checking '/home/srhnabilacademy/ros2_nabil/install/my_robot_description/lib/python3.12/site-packages'
[0.798s] Level 1:colcon.colcon_core.environment:checking '/home/srhnabilacademy/ros2_nabil/install/my_robot_description/bin'
[0.799s] INFO:colcon.colcon_core.shell:Creating package script '/home/srhnabilacademy/ros2_nabil/install/my_robot_description/share/my_robot_description/package.ps1'
[0.799s] INFO:colcon.colcon_core.shell:Creating package descriptor '/home/srhnabilacademy/ros2_nabil/install/my_robot_description/share/my_robot_description/package.dsv'
[0.800s] INFO:colcon.colcon_core.shell:Creating package script '/home/srhnabilacademy/ros2_nabil/install/my_robot_description/share/my_robot_description/package.sh'
[0.801s] INFO:colcon.colcon_core.shell:Creating package script '/home/srhnabilacademy/ros2_nabil/install/my_robot_description/share/my_robot_description/package.bash'
[0.801s] INFO:colcon.colcon_core.shell:Creating package script '/home/srhnabilacademy/ros2_nabil/install/my_robot_description/share/my_robot_description/package.zsh'
[0.802s] Level 1:colcon.colcon_core.environment:create_file_with_runtime_dependencies(/home/srhnabilacademy/ros2_nabil/install/my_robot_description/share/colcon-core/packages/my_robot_description)
[0.802s] INFO:colcon.colcon_ros.task.ament_cmake.build:Building ROS package in '/home/srhnabilacademy/ros2_nabil/src/my_robot_bringup' with build type 'ament_cmake'
[0.802s] INFO:colcon.colcon_cmake.task.cmake.build:Building CMake package in '/home/srhnabilacademy/ros2_nabil/src/my_robot_bringup'
[0.803s] INFO:colcon.colcon_core.shell:Skip shell extension 'powershell' for command environment: Not usable outside of PowerShell
[0.803s] DEBUG:colcon.colcon_core.shell:Skip shell extension 'dsv' for command environment
[0.818s] DEBUG:colcon.colcon_core.event_handler.log_command:Invoking command in '/home/srhnabilacademy/ros2_nabil/build/my_robot_bringup': CMAKE_PREFIX_PATH=/home/srhnabilacademy/ros2_nabil/install/my_robot_description:/home/srhnabilacademy/ldlidar_ros2_ws/install/ldlidar_stl_ros2:/home/srhnabilacademy/ros2_nabil/install/my_robot_bringup:/opt/ros/jazzy/opt/gz_sim_vendor:/opt/ros/jazzy/opt/gz_sensors_vendor:/opt/ros/jazzy/opt/gz_physics_vendor:/opt/ros/jazzy/opt/sdformat_vendor:/opt/ros/jazzy/opt/gz_gui_vendor:/opt/ros/jazzy/opt/gz_transport_vendor:/opt/ros/jazzy/opt/gz_rendering_vendor:/opt/ros/jazzy/opt/gz_plugin_vendor:/opt/ros/jazzy/opt/gz_fuel_tools_vendor:/opt/ros/jazzy/opt/gz_msgs_vendor:/opt/ros/jazzy/opt/gz_common_vendor:/opt/ros/jazzy/opt/gz_math_vendor:/opt/ros/jazzy/opt/gz_utils_vendor:/opt/ros/jazzy/opt/gz_tools_vendor:/opt/ros/jazzy/opt/gz_ogre_next_vendor:/opt/ros/jazzy/opt/gz_dartsim_vendor:/opt/ros/jazzy/opt/gz_cmake_vendor:/home/srhnabilacademy/ros2_nabil/install/my_robot_controller:/opt/ros/jazzy DEBUGINFOD_URLS=https://debuginfod.ubuntu.com /usr/bin/cmake --build /home/srhnabilacademy/ros2_nabil/build/my_robot_bringup -- -j4 -l4
[0.899s] DEBUG:colcon.colcon_core.event_handler.log_command:Invoked command in '/home/srhnabilacademy/ros2_nabil/build/my_robot_bringup' returned '0': CMAKE_PREFIX_PATH=/home/srhnabilacademy/ros2_nabil/install/my_robot_description:/home/srhnabilacademy/ldlidar_ros2_ws/install/ldlidar_stl_ros2:/home/srhnabilacademy/ros2_nabil/install/my_robot_bringup:/opt/ros/jazzy/opt/gz_sim_vendor:/opt/ros/jazzy/opt/gz_sensors_vendor:/opt/ros/jazzy/opt/gz_physics_vendor:/opt/ros/jazzy/opt/sdformat_vendor:/opt/ros/jazzy/opt/gz_gui_vendor:/opt/ros/jazzy/opt/gz_transport_vendor:/opt/ros/jazzy/opt/gz_rendering_vendor:/opt/ros/jazzy/opt/gz_plugin_vendor:/opt/ros/jazzy/opt/gz_fuel_tools_vendor:/opt/ros/jazzy/opt/gz_msgs_vendor:/opt/ros/jazzy/opt/gz_common_vendor:/opt/ros/jazzy/opt/gz_math_vendor:/opt/ros/jazzy/opt/gz_utils_vendor:/opt/ros/jazzy/opt/gz_tools_vendor:/opt/ros/jazzy/opt/gz_ogre_next_vendor:/opt/ros/jazzy/opt/gz_dartsim_vendor:/opt/ros/jazzy/opt/gz_cmake_vendor:/home/srhnabilacademy/ros2_nabil/install/my_robot_controller:/opt/ros/jazzy DEBUGINFOD_URLS=https://debuginfod.ubuntu.com /usr/bin/cmake --build /home/srhnabilacademy/ros2_nabil/build/my_robot_bringup -- -j4 -l4
[0.901s] DEBUG:colcon.colcon_core.event_handler.log_command:Invoking command in '/home/srhnabilacademy/ros2_nabil/build/my_robot_bringup': CMAKE_PREFIX_PATH=/home/srhnabilacademy/ros2_nabil/install/my_robot_description:/home/srhnabilacademy/ldlidar_ros2_ws/install/ldlidar_stl_ros2:/home/srhnabilacademy/ros2_nabil/install/my_robot_bringup:/opt/ros/jazzy/opt/gz_sim_vendor:/opt/ros/jazzy/opt/gz_sensors_vendor:/opt/ros/jazzy/opt/gz_physics_vendor:/opt/ros/jazzy/opt/sdformat_vendor:/opt/ros/jazzy/opt/gz_gui_vendor:/opt/ros/jazzy/opt/gz_transport_vendor:/opt/ros/jazzy/opt/gz_rendering_vendor:/opt/ros/jazzy/opt/gz_plugin_vendor:/opt/ros/jazzy/opt/gz_fuel_tools_vendor:/opt/ros/jazzy/opt/gz_msgs_vendor:/opt/ros/jazzy/opt/gz_common_vendor:/opt/ros/jazzy/opt/gz_math_vendor:/opt/ros/jazzy/opt/gz_utils_vendor:/opt/ros/jazzy/opt/gz_tools_vendor:/opt/ros/jazzy/opt/gz_ogre_next_vendor:/opt/ros/jazzy/opt/gz_dartsim_vendor:/opt/ros/jazzy/opt/gz_cmake_vendor:/home/srhnabilacademy/ros2_nabil/install/my_robot_controller:/opt/ros/jazzy DEBUGINFOD_URLS=https://debuginfod.ubuntu.com /usr/bin/cmake --install /home/srhnabilacademy/ros2_nabil/build/my_robot_bringup
[0.922s] Level 1:colcon.colcon_core.environment:create_environment_scripts_only(my_robot_bringup)
[0.922s] Level 1:colcon.colcon_core.environment:checking '/home/srhnabilacademy/ros2_nabil/install/my_robot_bringup' for CMake module files
[0.923s] DEBUG:colcon.colcon_core.event_handler.log_command:Invoked command in '/home/srhnabilacademy/ros2_nabil/build/my_robot_bringup' returned '0': CMAKE_PREFIX_PATH=/home/srhnabilacademy/ros2_nabil/install/my_robot_description:/home/srhnabilacademy/ldlidar_ros2_ws/install/ldlidar_stl_ros2:/home/srhnabilacademy/ros2_nabil/install/my_robot_bringup:/opt/ros/jazzy/opt/gz_sim_vendor:/opt/ros/jazzy/opt/gz_sensors_vendor:/opt/ros/jazzy/opt/gz_physics_vendor:/opt/ros/jazzy/opt/sdformat_vendor:/opt/ros/jazzy/opt/gz_gui_vendor:/opt/ros/jazzy/opt/gz_transport_vendor:/opt/ros/jazzy/opt/gz_rendering_vendor:/opt/ros/jazzy/opt/gz_plugin_vendor:/opt/ros/jazzy/opt/gz_fuel_tools_vendor:/opt/ros/jazzy/opt/gz_msgs_vendor:/opt/ros/jazzy/opt/gz_common_vendor:/opt/ros/jazzy/opt/gz_math_vendor:/opt/ros/jazzy/opt/gz_utils_vendor:/opt/ros/jazzy/opt/gz_tools_vendor:/opt/ros/jazzy/opt/gz_ogre_next_vendor:/opt/ros/jazzy/opt/gz_dartsim_vendor:/opt/ros/jazzy/opt/gz_cmake_vendor:/home/srhnabilacademy/ros2_nabil/install/my_robot_controller:/opt/ros/jazzy DEBUGINFOD_URLS=https://debuginfod.ubuntu.com /usr/bin/cmake --install /home/srhnabilacademy/ros2_nabil/build/my_robot_bringup
[0.923s] Level 1:colcon.colcon_core.environment:checking '/home/srhnabilacademy/ros2_nabil/install/my_robot_bringup' for CMake config files
[0.923s] Level 1:colcon.colcon_core.shell:create_environment_hook('my_robot_bringup', 'cmake_prefix_path')
[0.924s] INFO:colcon.colcon_core.shell:Creating environment hook '/home/srhnabilacademy/ros2_nabil/install/my_robot_bringup/share/my_robot_bringup/hook/cmake_prefix_path.ps1'
[0.924s] INFO:colcon.colcon_core.shell:Creating environment descriptor '/home/srhnabilacademy/ros2_nabil/install/my_robot_bringup/share/my_robot_bringup/hook/cmake_prefix_path.dsv'
[0.925s] INFO:colcon.colcon_core.shell:Creating environment hook '/home/srhnabilacademy/ros2_nabil/install/my_robot_bringup/share/my_robot_bringup/hook/cmake_prefix_path.sh'
[0.926s] Level 1:colcon.colcon_core.environment:checking '/home/srhnabilacademy/ros2_nabil/install/my_robot_bringup/bin'
[0.926s] Level 1:colcon.colcon_core.environment:checking '/home/srhnabilacademy/ros2_nabil/install/my_robot_bringup/lib/pkgconfig/my_robot_bringup.pc'
[0.926s] Level 1:colcon.colcon_core.environment:checking '/home/srhnabilacademy/ros2_nabil/install/my_robot_bringup/lib/python3.12/site-packages'
[0.927s] Level 1:colcon.colcon_core.environment:checking '/home/srhnabilacademy/ros2_nabil/install/my_robot_bringup/bin'
[0.927s] INFO:colcon.colcon_core.shell:Creating package script '/home/srhnabilacademy/ros2_nabil/install/my_robot_bringup/share/my_robot_bringup/package.ps1'
[0.928s] INFO:colcon.colcon_core.shell:Creating package descriptor '/home/srhnabilacademy/ros2_nabil/install/my_robot_bringup/share/my_robot_bringup/package.dsv'
[0.928s] INFO:colcon.colcon_core.shell:Creating package script '/home/srhnabilacademy/ros2_nabil/install/my_robot_bringup/share/my_robot_bringup/package.sh'
[0.929s] INFO:colcon.colcon_core.shell:Creating package script '/home/srhnabilacademy/ros2_nabil/install/my_robot_bringup/share/my_robot_bringup/package.bash'
[0.929s] INFO:colcon.colcon_core.shell:Creating package script '/home/srhnabilacademy/ros2_nabil/install/my_robot_bringup/share/my_robot_bringup/package.zsh'
[0.929s] Level 1:colcon.colcon_core.environment:create_file_with_runtime_dependencies(/home/srhnabilacademy/ros2_nabil/install/my_robot_bringup/share/colcon-core/packages/my_robot_bringup)
[0.930s] Level 1:colcon.colcon_core.environment:create_environment_scripts_only(my_robot_bringup)
[0.930s] Level 1:colcon.colcon_core.environment:checking '/home/srhnabilacademy/ros2_nabil/install/my_robot_bringup' for CMake module files
[0.931s] Level 1:colcon.colcon_core.environment:checking '/home/srhnabilacademy/ros2_nabil/install/my_robot_bringup' for CMake config files
[0.931s] Level 1:colcon.colcon_core.shell:create_environment_hook('my_robot_bringup', 'cmake_prefix_path')
[0.931s] INFO:colcon.colcon_core.shell:Creating environment hook '/home/srhnabilacademy/ros2_nabil/install/my_robot_bringup/share/my_robot_bringup/hook/cmake_prefix_path.ps1'
[0.932s] INFO:colcon.colcon_core.shell:Creating environment descriptor '/home/srhnabilacademy/ros2_nabil/install/my_robot_bringup/share/my_robot_bringup/hook/cmake_prefix_path.dsv'
[0.932s] INFO:colcon.colcon_core.shell:Creating environment hook '/home/srhnabilacademy/ros2_nabil/install/my_robot_bringup/share/my_robot_bringup/hook/cmake_prefix_path.sh'
[0.933s] Level 1:colcon.colcon_core.environment:checking '/home/srhnabilacademy/ros2_nabil/install/my_robot_bringup/bin'
[0.933s] Level 1:colcon.colcon_core.environment:checking '/home/srhnabilacademy/ros2_nabil/install/my_robot_bringup/lib/pkgconfig/my_robot_bringup.pc'
[0.934s] Level 1:colcon.colcon_core.environment:checking '/home/srhnabilacademy/ros2_nabil/install/my_robot_bringup/lib/python3.12/site-packages'
[0.934s] Level 1:colcon.colcon_core.environment:checking '/home/srhnabilacademy/ros2_nabil/install/my_robot_bringup/bin'
[0.934s] INFO:colcon.colcon_core.shell:Creating package script '/home/srhnabilacademy/ros2_nabil/install/my_robot_bringup/share/my_robot_bringup/package.ps1'
[0.935s] INFO:colcon.colcon_core.shell:Creating package descriptor '/home/srhnabilacademy/ros2_nabil/install/my_robot_bringup/share/my_robot_bringup/package.dsv'
[0.936s] INFO:colcon.colcon_core.shell:Creating package script '/home/srhnabilacademy/ros2_nabil/install/my_robot_bringup/share/my_robot_bringup/package.sh'
[0.936s] INFO:colcon.colcon_core.shell:Creating package script '/home/srhnabilacademy/ros2_nabil/install/my_robot_bringup/share/my_robot_bringup/package.bash'
[0.937s] INFO:colcon.colcon_core.shell:Creating package script '/home/srhnabilacademy/ros2_nabil/install/my_robot_bringup/share/my_robot_bringup/package.zsh'
[0.937s] Level 1:colcon.colcon_core.environment:create_file_with_runtime_dependencies(/home/srhnabilacademy/ros2_nabil/install/my_robot_bringup/share/colcon-core/packages/my_robot_bringup)
[1.608s] DEBUG:colcon.colcon_core.event_handler.log_command:Invoking command in '/home/srhnabilacademy/ros2_nabil/src/my_robot_controller': DEBUGINFOD_URLS=https://debuginfod.ubuntu.com PYTHONPATH=/home/srhnabilacademy/ros2_nabil/build/my_robot_controller/prefix_override:/usr/lib/python3/dist-packages/colcon_core/task/python/colcon_distutils_commands:/home/srhnabilacademy/ros2_nabil/install/my_robot_controller/lib/python3.12/site-packages:${PYTHONPATH} /usr/bin/python3 -W ignore:setup.py install is deprecated -W ignore:easy_install command is deprecated setup.py egg_info --egg-base ../../build/my_robot_controller build --build-base /home/srhnabilacademy/ros2_nabil/build/my_robot_controller/build install --record /home/srhnabilacademy/ros2_nabil/build/my_robot_controller/install.log --single-version-externally-managed install_data
[2.388s] Level 1:colcon.colcon_core.environment:checking '/home/srhnabilacademy/ros2_nabil/install/my_robot_controller' for CMake module files
[2.388s] DEBUG:colcon.colcon_core.event_handler.log_command:Invoked command in '/home/srhnabilacademy/ros2_nabil/src/my_robot_controller' returned '0': DEBUGINFOD_URLS=https://debuginfod.ubuntu.com PYTHONPATH=/home/srhnabilacademy/ros2_nabil/build/my_robot_controller/prefix_override:/usr/lib/python3/dist-packages/colcon_core/task/python/colcon_distutils_commands:/home/srhnabilacademy/ros2_nabil/install/my_robot_controller/lib/python3.12/site-packages:${PYTHONPATH} /usr/bin/python3 -W ignore:setup.py install is deprecated -W ignore:easy_install command is deprecated setup.py egg_info --egg-base ../../build/my_robot_controller build --build-base /home/srhnabilacademy/ros2_nabil/build/my_robot_controller/build install --record /home/srhnabilacademy/ros2_nabil/build/my_robot_controller/install.log --single-version-externally-managed install_data
[2.389s] Level 1:colcon.colcon_core.environment:checking '/home/srhnabilacademy/ros2_nabil/install/my_robot_controller' for CMake config files
[2.389s] Level 1:colcon.colcon_core.environment:checking '/home/srhnabilacademy/ros2_nabil/install/my_robot_controller/lib'
[2.390s] Level 1:colcon.colcon_core.environment:checking '/home/srhnabilacademy/ros2_nabil/install/my_robot_controller/bin'
[2.390s] Level 1:colcon.colcon_core.environment:checking '/home/srhnabilacademy/ros2_nabil/install/my_robot_controller/lib/pkgconfig/my_robot_controller.pc'
[2.390s] Level 1:colcon.colcon_core.environment:checking '/home/srhnabilacademy/ros2_nabil/install/my_robot_controller/lib/python3.12/site-packages'
[2.390s] Level 1:colcon.colcon_core.shell:create_environment_hook('my_robot_controller', 'pythonpath')
[2.390s] INFO:colcon.colcon_core.shell:Creating environment hook '/home/srhnabilacademy/ros2_nabil/install/my_robot_controller/share/my_robot_controller/hook/pythonpath.ps1'
[2.391s] INFO:colcon.colcon_core.shell:Creating environment descriptor '/home/srhnabilacademy/ros2_nabil/install/my_robot_controller/share/my_robot_controller/hook/pythonpath.dsv'
[2.391s] INFO:colcon.colcon_core.shell:Creating environment hook '/home/srhnabilacademy/ros2_nabil/install/my_robot_controller/share/my_robot_controller/hook/pythonpath.sh'
[2.392s] Level 1:colcon.colcon_core.environment:checking '/home/srhnabilacademy/ros2_nabil/install/my_robot_controller/bin'
[2.392s] Level 1:colcon.colcon_core.environment:create_environment_scripts_only(my_robot_controller)
[2.393s] INFO:colcon.colcon_core.shell:Creating package script '/home/srhnabilacademy/ros2_nabil/install/my_robot_controller/share/my_robot_controller/package.ps1'
[2.393s] INFO:colcon.colcon_core.shell:Creating package descriptor '/home/srhnabilacademy/ros2_nabil/install/my_robot_controller/share/my_robot_controller/package.dsv'
[2.394s] INFO:colcon.colcon_core.shell:Creating package script '/home/srhnabilacademy/ros2_nabil/install/my_robot_controller/share/my_robot_controller/package.sh'
[2.394s] INFO:colcon.colcon_core.shell:Creating package script '/home/srhnabilacademy/ros2_nabil/install/my_robot_controller/share/my_robot_controller/package.bash'
[2.395s] INFO:colcon.colcon_core.shell:Creating package script '/home/srhnabilacademy/ros2_nabil/install/my_robot_controller/share/my_robot_controller/package.zsh'
[2.395s] Level 1:colcon.colcon_core.environment:create_file_with_runtime_dependencies(/home/srhnabilacademy/ros2_nabil/install/my_robot_controller/share/colcon-core/packages/my_robot_controller)
[2.395s] DEBUG:colcon.colcon_parallel_executor.executor.parallel:closing loop
[2.396s] DEBUG:colcon.colcon_parallel_executor.executor.parallel:loop closed
[2.396s] DEBUG:colcon.colcon_parallel_executor.executor.parallel:run_until_complete finished with '0'
[2.396s] DEBUG:colcon.colcon_core.event_reactor:joining thread
[2.405s] INFO:colcon.colcon_core.plugin_system:Skipping extension 'colcon_notification.desktop_notification.terminal_notifier': Not used on non-Darwin systems
[2.405s] INFO:colcon.colcon_core.plugin_system:Skipping extension 'colcon_notification.desktop_notification.win32': Not used on non-Windows systems
[2.405s] INFO:colcon.colcon_notification.desktop_notification:Sending desktop notification using 'notify2'
[2.424s] DEBUG:colcon.colcon_core.event_reactor:joined thread
[2.424s] INFO:colcon.colcon_core.shell:Creating prefix script '/home/srhnabilacademy/ros2_nabil/install/local_setup.ps1'
[2.426s] INFO:colcon.colcon_core.shell:Creating prefix util module '/home/srhnabilacademy/ros2_nabil/install/_local_setup_util_ps1.py'
[2.427s] INFO:colcon.colcon_core.shell:Creating prefix chain script '/home/srhnabilacademy/ros2_nabil/install/setup.ps1'
[2.429s] INFO:colcon.colcon_core.shell:Creating prefix script '/home/srhnabilacademy/ros2_nabil/install/local_setup.sh'
[2.430s] INFO:colcon.colcon_core.shell:Creating prefix util module '/home/srhnabilacademy/ros2_nabil/install/_local_setup_util_sh.py'
[2.430s] INFO:colcon.colcon_core.shell:Creating prefix chain script '/home/srhnabilacademy/ros2_nabil/install/setup.sh'
[2.432s] INFO:colcon.colcon_core.shell:Creating prefix script '/home/srhnabilacademy/ros2_nabil/install/local_setup.bash'
[2.433s] INFO:colcon.colcon_core.shell:Creating prefix chain script '/home/srhnabilacademy/ros2_nabil/install/setup.bash'
[2.435s] INFO:colcon.colcon_core.shell:Creating prefix script '/home/srhnabilacademy/ros2_nabil/install/local_setup.zsh'
[2.435s] INFO:colcon.colcon_core.shell:Creating prefix chain script '/home/srhnabilacademy/ros2_nabil/install/setup.zsh'
