[0.040s] Invoking command in '/home/srhnabilacademy/ros2_nabil/build/my_robot_description': CMAKE_PREFIX_PATH=${CMAKE_PREFIX_PATH}:/home/srhnabilacademy/ros2_nabil/install/my_robot_controller:/opt/ros/jazzy DEBUGINFOD_URLS=https://debuginfod.ubuntu.com /usr/bin/cmake /home/srhnabilacademy/ros2_nabil/src/my_robot_description -DCMAKE_INSTALL_PREFIX=/home/srhnabilacademy/ros2_nabil/install/my_robot_description
[0.161s] -- The C compiler identification is GNU 13.3.0
[0.274s] -- The CXX compiler identification is GNU 13.3.0
[0.307s] -- Detecting C compiler ABI info
[0.497s] -- Detecting C compiler ABI info - done
[0.515s] -- Check for working C compiler: /usr/bin/cc - skipped
[0.516s] -- Detecting C compile features
[0.516s] -- Detecting C compile features - done
[0.532s] -- Detecting CXX compiler ABI info
[0.737s] -- Detecting CXX compiler ABI info - done
[0.751s] -- Check for working CXX compiler: /usr/bin/c++ - skipped
[0.751s] -- Detecting CXX compile features
[0.752s] -- Detecting CXX compile features - done
[0.759s] -- Found ament_cmake: 2.5.4 (/opt/ros/jazzy/share/ament_cmake/cmake)
[1.034s] -- Found Python3: /usr/bin/python3 (found version "3.12.3") found components: Interpreter 
[1.459s] -- Configuring done (1.4s)
[1.463s] -- Generating done (0.0s)
[1.465s] -- Build files have been written to: /home/srhnabilacademy/ros2_nabil/build/my_robot_description
[1.475s] Invoked command in '/home/srhnabilacademy/ros2_nabil/build/my_robot_description' returned '0': CMAKE_PREFIX_PATH=${CMAKE_PREFIX_PATH}:/home/srhnabilacademy/ros2_nabil/install/my_robot_controller:/opt/ros/jazzy DEBUGINFOD_URLS=https://debuginfod.ubuntu.com /usr/bin/cmake /home/srhnabilacademy/ros2_nabil/src/my_robot_description -DCMAKE_INSTALL_PREFIX=/home/srhnabilacademy/ros2_nabil/install/my_robot_description
[1.477s] Invoking command in '/home/srhnabilacademy/ros2_nabil/build/my_robot_description': CMAKE_PREFIX_PATH=${CMAKE_PREFIX_PATH}:/home/srhnabilacademy/ros2_nabil/install/my_robot_controller:/opt/ros/jazzy DEBUGINFOD_URLS=https://debuginfod.ubuntu.com /usr/bin/cmake --build /home/srhnabilacademy/ros2_nabil/build/my_robot_description -- -j4 -l4
[1.579s] Invoked command in '/home/srhnabilacademy/ros2_nabil/build/my_robot_description' returned '0': CMAKE_PREFIX_PATH=${CMAKE_PREFIX_PATH}:/home/srhnabilacademy/ros2_nabil/install/my_robot_controller:/opt/ros/jazzy DEBUGINFOD_URLS=https://debuginfod.ubuntu.com /usr/bin/cmake --build /home/srhnabilacademy/ros2_nabil/build/my_robot_description -- -j4 -l4
[1.601s] Invoking command in '/home/srhnabilacademy/ros2_nabil/build/my_robot_description': CMAKE_PREFIX_PATH=${CMAKE_PREFIX_PATH}:/home/srhnabilacademy/ros2_nabil/install/my_robot_controller:/opt/ros/jazzy DEBUGINFOD_URLS=https://debuginfod.ubuntu.com /usr/bin/cmake --install /home/srhnabilacademy/ros2_nabil/build/my_robot_description
[1.626s] -- Install configuration: ""
[1.626s] -- Installing: /home/srhnabilacademy/ros2_nabil/install/my_robot_description/share/my_robot_description//urdf
[1.626s] -- Installing: /home/srhnabilacademy/ros2_nabil/install/my_robot_description/share/my_robot_description//urdf/mobile_base_gazebo.xacro
[1.626s] -- Installing: /home/srhnabilacademy/ros2_nabil/install/my_robot_description/share/my_robot_description//urdf/common_properties.xacro
[1.626s] -- Installing: /home/srhnabilacademy/ros2_nabil/install/my_robot_description/share/my_robot_description//urdf/my_robot.urdf.xacro
[1.626s] -- Installing: /home/srhnabilacademy/ros2_nabil/install/my_robot_description/share/my_robot_description//urdf/mobile_base.xacro
[1.627s] -- Installing: /home/srhnabilacademy/ros2_nabil/install/my_robot_description/share/my_robot_description//launch
[1.627s] -- Installing: /home/srhnabilacademy/ros2_nabil/install/my_robot_description/share/my_robot_description//launch/display.launch.xml
[1.627s] -- Installing: /home/srhnabilacademy/ros2_nabil/install/my_robot_description/share/my_robot_description//launch/display.launch.py
[1.627s] -- Installing: /home/srhnabilacademy/ros2_nabil/install/my_robot_description/share/my_robot_description//rviz
[1.627s] -- Installing: /home/srhnabilacademy/ros2_nabil/install/my_robot_description/share/my_robot_description//rviz/urdf_config.rviz
[1.627s] -- Installing: /home/srhnabilacademy/ros2_nabil/install/my_robot_description/share/ament_index/resource_index/package_run_dependencies/my_robot_description
[1.628s] -- Installing: /home/srhnabilacademy/ros2_nabil/install/my_robot_description/share/ament_index/resource_index/parent_prefix_path/my_robot_description
[1.628s] -- Installing: /home/srhnabilacademy/ros2_nabil/install/my_robot_description/share/my_robot_description/environment/ament_prefix_path.sh
[1.628s] -- Installing: /home/srhnabilacademy/ros2_nabil/install/my_robot_description/share/my_robot_description/environment/ament_prefix_path.dsv
[1.628s] -- Installing: /home/srhnabilacademy/ros2_nabil/install/my_robot_description/share/my_robot_description/environment/path.sh
[1.628s] -- Installing: /home/srhnabilacademy/ros2_nabil/install/my_robot_description/share/my_robot_description/environment/path.dsv
[1.629s] -- Installing: /home/srhnabilacademy/ros2_nabil/install/my_robot_description/share/my_robot_description/local_setup.bash
[1.629s] -- Installing: /home/srhnabilacademy/ros2_nabil/install/my_robot_description/share/my_robot_description/local_setup.sh
[1.629s] -- Installing: /home/srhnabilacademy/ros2_nabil/install/my_robot_description/share/my_robot_description/local_setup.zsh
[1.629s] -- Installing: /home/srhnabilacademy/ros2_nabil/install/my_robot_description/share/my_robot_description/local_setup.dsv
[1.629s] -- Installing: /home/srhnabilacademy/ros2_nabil/install/my_robot_description/share/my_robot_description/package.dsv
[1.630s] -- Installing: /home/srhnabilacademy/ros2_nabil/install/my_robot_description/share/ament_index/resource_index/packages/my_robot_description
[1.630s] -- Installing: /home/srhnabilacademy/ros2_nabil/install/my_robot_description/share/my_robot_description/cmake/my_robot_descriptionConfig.cmake
[1.630s] -- Installing: /home/srhnabilacademy/ros2_nabil/install/my_robot_description/share/my_robot_description/cmake/my_robot_descriptionConfig-version.cmake
[1.630s] -- Installing: /home/srhnabilacademy/ros2_nabil/install/my_robot_description/share/my_robot_description/package.xml
[1.634s] Invoked command in '/home/srhnabilacademy/ros2_nabil/build/my_robot_description' returned '0': CMAKE_PREFIX_PATH=${CMAKE_PREFIX_PATH}:/home/srhnabilacademy/ros2_nabil/install/my_robot_controller:/opt/ros/jazzy DEBUGINFOD_URLS=https://debuginfod.ubuntu.com /usr/bin/cmake --install /home/srhnabilacademy/ros2_nabil/build/my_robot_description
