[0.247s] DEBUG:colcon:Command line arguments: ['/usr/bin/colcon', 'build']
[0.247s] DEBUG:colcon:Parsed command line arguments: Namespace(log_base=None, log_level=None, verb_name='build', build_base='build', install_base='install', merge_install=False, symlink_install=False, test_result_base=None, continue_on_error=False, executor='parallel', parallel_workers=4, event_handlers=None, ignore_user_meta=False, metas=['./colcon.meta'], base_paths=['.'], packages_ignore=None, packages_ignore_regex=None, paths=None, packages_up_to=None, packages_up_to_regex=None, packages_above=None, packages_above_and_dependencies=None, packages_above_depth=None, packages_select_by_dep=None, packages_skip_by_dep=None, packages_skip_up_to=None, packages_select_build_failed=False, packages_skip_build_finished=False, packages_select_test_failures=False, packages_skip_test_passed=False, packages_select=None, packages_skip=None, packages_select_regex=None, packages_skip_regex=None, packages_start=None, packages_end=None, allow_overriding=[], cmake_args=None, cmake_target=None, cmake_target_skip_unavailable=False, cmake_clean_cache=False, cmake_clean_first=False, cmake_force_configure=False, ament_cmake_args=None, catkin_cmake_args=None, catkin_skip_building_tests=False, verb_parser=<colcon_defaults.argument_parser.defaults.DefaultArgumentsDecorator object at 0xffffbafd6900>, verb_extension=<colcon_core.verb.build.BuildVerb object at 0xffffbafd67e0>, main=<bound method BuildVerb.main of <colcon_core.verb.build.BuildVerb object at 0xffffbafd67e0>>)
[0.353s] Level 1:colcon.colcon_core.package_discovery:discover_packages(colcon_meta) check parameters
[0.353s] Level 1:colcon.colcon_core.package_discovery:discover_packages(recursive) check parameters
[0.353s] Level 1:colcon.colcon_core.package_discovery:discover_packages(ignore) check parameters
[0.353s] Level 1:colcon.colcon_core.package_discovery:discover_packages(path) check parameters
[0.353s] Level 1:colcon.colcon_core.package_discovery:discover_packages(colcon_meta) discover
[0.353s] Level 1:colcon.colcon_core.package_discovery:discover_packages(recursive) discover
[0.353s] INFO:colcon.colcon_core.package_discovery:Crawling recursively for packages in '/home/srhnabilacademy/ros2_nabil'
[0.353s] Level 1:colcon.colcon_core.package_identification:_identify(.) by extensions ['ignore', 'ignore_ament_install']
[0.353s] Level 1:colcon.colcon_core.package_identification:_identify(.) by extension 'ignore'
[0.354s] Level 1:colcon.colcon_core.package_identification:_identify(.) by extension 'ignore_ament_install'
[0.354s] Level 1:colcon.colcon_core.package_identification:_identify(.) by extensions ['colcon_pkg']
[0.354s] Level 1:colcon.colcon_core.package_identification:_identify(.) by extension 'colcon_pkg'
[0.354s] Level 1:colcon.colcon_core.package_identification:_identify(.) by extensions ['colcon_meta']
[0.354s] Level 1:colcon.colcon_core.package_identification:_identify(.) by extension 'colcon_meta'
[0.354s] Level 1:colcon.colcon_core.package_identification:_identify(.) by extensions ['ros']
[0.354s] Level 1:colcon.colcon_core.package_identification:_identify(.) by extension 'ros'
[0.393s] Level 1:colcon.colcon_core.package_identification:_identify(.) by extensions ['cmake', 'python']
[0.393s] Level 1:colcon.colcon_core.package_identification:_identify(.) by extension 'cmake'
[0.393s] Level 1:colcon.colcon_core.package_identification:_identify(.) by extension 'python'
[0.393s] Level 1:colcon.colcon_core.package_identification:_identify(.) by extensions ['python_setup_py']
[0.393s] Level 1:colcon.colcon_core.package_identification:_identify(.) by extension 'python_setup_py'
[0.393s] Level 1:colcon.colcon_core.package_identification:_identify(build) by extensions ['ignore', 'ignore_ament_install']
[0.393s] Level 1:colcon.colcon_core.package_identification:_identify(build) by extension 'ignore'
[0.393s] Level 1:colcon.colcon_core.package_identification:_identify(build) ignored
[0.393s] Level 1:colcon.colcon_core.package_identification:_identify(install) by extensions ['ignore', 'ignore_ament_install']
[0.393s] Level 1:colcon.colcon_core.package_identification:_identify(install) by extension 'ignore'
[0.394s] Level 1:colcon.colcon_core.package_identification:_identify(install) ignored
[0.394s] Level 1:colcon.colcon_core.package_identification:_identify(log) by extensions ['ignore', 'ignore_ament_install']
[0.394s] Level 1:colcon.colcon_core.package_identification:_identify(log) by extension 'ignore'
[0.394s] Level 1:colcon.colcon_core.package_identification:_identify(log) ignored
[0.394s] Level 1:colcon.colcon_core.package_identification:_identify(src) by extensions ['ignore', 'ignore_ament_install']
[0.394s] Level 1:colcon.colcon_core.package_identification:_identify(src) by extension 'ignore'
[0.394s] Level 1:colcon.colcon_core.package_identification:_identify(src) by extension 'ignore_ament_install'
[0.394s] Level 1:colcon.colcon_core.package_identification:_identify(src) by extensions ['colcon_pkg']
[0.394s] Level 1:colcon.colcon_core.package_identification:_identify(src) by extension 'colcon_pkg'
[0.394s] Level 1:colcon.colcon_core.package_identification:_identify(src) by extensions ['colcon_meta']
[0.394s] Level 1:colcon.colcon_core.package_identification:_identify(src) by extension 'colcon_meta'
[0.394s] Level 1:colcon.colcon_core.package_identification:_identify(src) by extensions ['ros']
[0.394s] Level 1:colcon.colcon_core.package_identification:_identify(src) by extension 'ros'
[0.394s] Level 1:colcon.colcon_core.package_identification:_identify(src) by extensions ['cmake', 'python']
[0.394s] Level 1:colcon.colcon_core.package_identification:_identify(src) by extension 'cmake'
[0.394s] Level 1:colcon.colcon_core.package_identification:_identify(src) by extension 'python'
[0.395s] Level 1:colcon.colcon_core.package_identification:_identify(src) by extensions ['python_setup_py']
[0.395s] Level 1:colcon.colcon_core.package_identification:_identify(src) by extension 'python_setup_py'
[0.395s] Level 1:colcon.colcon_core.package_identification:_identify(src/my_robot_bringup) by extensions ['ignore', 'ignore_ament_install']
[0.395s] Level 1:colcon.colcon_core.package_identification:_identify(src/my_robot_bringup) by extension 'ignore'
[0.395s] Level 1:colcon.colcon_core.package_identification:_identify(src/my_robot_bringup) by extension 'ignore_ament_install'
[0.395s] Level 1:colcon.colcon_core.package_identification:_identify(src/my_robot_bringup) by extensions ['colcon_pkg']
[0.395s] Level 1:colcon.colcon_core.package_identification:_identify(src/my_robot_bringup) by extension 'colcon_pkg'
[0.395s] Level 1:colcon.colcon_core.package_identification:_identify(src/my_robot_bringup) by extensions ['colcon_meta']
[0.395s] Level 1:colcon.colcon_core.package_identification:_identify(src/my_robot_bringup) by extension 'colcon_meta'
[0.395s] Level 1:colcon.colcon_core.package_identification:_identify(src/my_robot_bringup) by extensions ['ros']
[0.395s] Level 1:colcon.colcon_core.package_identification:_identify(src/my_robot_bringup) by extension 'ros'
[0.401s] DEBUG:colcon.colcon_core.package_identification:Package 'src/my_robot_bringup' with type 'ros.ament_cmake' and name 'my_robot_bringup'
[0.402s] Level 1:colcon.colcon_core.package_identification:_identify(src/my_robot_controller) by extensions ['ignore', 'ignore_ament_install']
[0.402s] Level 1:colcon.colcon_core.package_identification:_identify(src/my_robot_controller) by extension 'ignore'
[0.402s] Level 1:colcon.colcon_core.package_identification:_identify(src/my_robot_controller) by extension 'ignore_ament_install'
[0.402s] Level 1:colcon.colcon_core.package_identification:_identify(src/my_robot_controller) by extensions ['colcon_pkg']
[0.402s] Level 1:colcon.colcon_core.package_identification:_identify(src/my_robot_controller) by extension 'colcon_pkg'
[0.402s] Level 1:colcon.colcon_core.package_identification:_identify(src/my_robot_controller) by extensions ['colcon_meta']
[0.402s] Level 1:colcon.colcon_core.package_identification:_identify(src/my_robot_controller) by extension 'colcon_meta'
[0.402s] Level 1:colcon.colcon_core.package_identification:_identify(src/my_robot_controller) by extensions ['ros']
[0.402s] Level 1:colcon.colcon_core.package_identification:_identify(src/my_robot_controller) by extension 'ros'
[0.403s] DEBUG:colcon.colcon_core.package_identification:Package 'src/my_robot_controller' with type 'ros.ament_python' and name 'my_robot_controller'
[0.403s] Level 1:colcon.colcon_core.package_identification:_identify(src/my_robot_description) by extensions ['ignore', 'ignore_ament_install']
[0.403s] Level 1:colcon.colcon_core.package_identification:_identify(src/my_robot_description) by extension 'ignore'
[0.403s] Level 1:colcon.colcon_core.package_identification:_identify(src/my_robot_description) by extension 'ignore_ament_install'
[0.404s] Level 1:colcon.colcon_core.package_identification:_identify(src/my_robot_description) by extensions ['colcon_pkg']
[0.404s] Level 1:colcon.colcon_core.package_identification:_identify(src/my_robot_description) by extension 'colcon_pkg'
[0.404s] Level 1:colcon.colcon_core.package_identification:_identify(src/my_robot_description) by extensions ['colcon_meta']
[0.404s] Level 1:colcon.colcon_core.package_identification:_identify(src/my_robot_description) by extension 'colcon_meta'
[0.404s] Level 1:colcon.colcon_core.package_identification:_identify(src/my_robot_description) by extensions ['ros']
[0.404s] Level 1:colcon.colcon_core.package_identification:_identify(src/my_robot_description) by extension 'ros'
[0.405s] DEBUG:colcon.colcon_core.package_identification:Package 'src/my_robot_description' with type 'ros.ament_cmake' and name 'my_robot_description'
[0.405s] Level 1:colcon.colcon_core.package_discovery:discover_packages(recursive) using defaults
[0.405s] Level 1:colcon.colcon_core.package_discovery:discover_packages(ignore) discover
[0.405s] Level 1:colcon.colcon_core.package_discovery:discover_packages(ignore) using defaults
[0.405s] Level 1:colcon.colcon_core.package_discovery:discover_packages(path) discover
[0.405s] Level 1:colcon.colcon_core.package_discovery:discover_packages(path) using defaults
[0.443s] Level 1:colcon.colcon_core.package_discovery:discover_packages(prefix_path) check parameters
[0.443s] Level 1:colcon.colcon_core.package_discovery:discover_packages(prefix_path) discover
[0.448s] DEBUG:colcon.colcon_installed_package_information.package_discovery:Found 3 installed packages in /home/srhnabilacademy/ros2_nabil/install
[0.449s] DEBUG:colcon.colcon_installed_package_information.package_discovery:Found 1 installed packages in /home/srhnabilacademy/ldlidar_ros2_ws/install
[0.452s] DEBUG:colcon.colcon_installed_package_information.package_discovery:Found 490 installed packages in /opt/ros/jazzy
[0.454s] Level 1:colcon.colcon_core.package_discovery:discover_packages(prefix_path) using defaults
[0.553s] Level 5:colcon.colcon_core.verb:set package 'my_robot_controller' build argument 'cmake_args' from command line to 'None'
[0.553s] Level 5:colcon.colcon_core.verb:set package 'my_robot_controller' build argument 'cmake_target' from command line to 'None'
[0.553s] Level 5:colcon.colcon_core.verb:set package 'my_robot_controller' build argument 'cmake_target_skip_unavailable' from command line to 'False'
[0.553s] Level 5:colcon.colcon_core.verb:set package 'my_robot_controller' build argument 'cmake_clean_cache' from command line to 'False'
[0.553s] Level 5:colcon.colcon_core.verb:set package 'my_robot_controller' build argument 'cmake_clean_first' from command line to 'False'
[0.553s] Level 5:colcon.colcon_core.verb:set package 'my_robot_controller' build argument 'cmake_force_configure' from command line to 'False'
[0.553s] Level 5:colcon.colcon_core.verb:set package 'my_robot_controller' build argument 'ament_cmake_args' from command line to 'None'
[0.553s] Level 5:colcon.colcon_core.verb:set package 'my_robot_controller' build argument 'catkin_cmake_args' from command line to 'None'
[0.553s] Level 5:colcon.colcon_core.verb:set package 'my_robot_controller' build argument 'catkin_skip_building_tests' from command line to 'False'
[0.553s] DEBUG:colcon.colcon_core.verb:Building package 'my_robot_controller' with the following arguments: {'ament_cmake_args': None, 'build_base': '/home/srhnabilacademy/ros2_nabil/build/my_robot_controller', 'catkin_cmake_args': None, 'catkin_skip_building_tests': False, 'cmake_args': None, 'cmake_clean_cache': False, 'cmake_clean_first': False, 'cmake_force_configure': False, 'cmake_target': None, 'cmake_target_skip_unavailable': False, 'install_base': '/home/srhnabilacademy/ros2_nabil/install/my_robot_controller', 'merge_install': False, 'path': '/home/srhnabilacademy/ros2_nabil/src/my_robot_controller', 'symlink_install': False, 'test_result_base': None}
[0.554s] Level 5:colcon.colcon_core.verb:set package 'my_robot_description' build argument 'cmake_args' from command line to 'None'
[0.554s] Level 5:colcon.colcon_core.verb:set package 'my_robot_description' build argument 'cmake_target' from command line to 'None'
[0.554s] Level 5:colcon.colcon_core.verb:set package 'my_robot_description' build argument 'cmake_target_skip_unavailable' from command line to 'False'
[0.554s] Level 5:colcon.colcon_core.verb:set package 'my_robot_description' build argument 'cmake_clean_cache' from command line to 'False'
[0.554s] Level 5:colcon.colcon_core.verb:set package 'my_robot_description' build argument 'cmake_clean_first' from command line to 'False'
[0.554s] Level 5:colcon.colcon_core.verb:set package 'my_robot_description' build argument 'cmake_force_configure' from command line to 'False'
[0.554s] Level 5:colcon.colcon_core.verb:set package 'my_robot_description' build argument 'ament_cmake_args' from command line to 'None'
[0.554s] Level 5:colcon.colcon_core.verb:set package 'my_robot_description' build argument 'catkin_cmake_args' from command line to 'None'
[0.554s] Level 5:colcon.colcon_core.verb:set package 'my_robot_description' build argument 'catkin_skip_building_tests' from command line to 'False'
[0.554s] DEBUG:colcon.colcon_core.verb:Building package 'my_robot_description' with the following arguments: {'ament_cmake_args': None, 'build_base': '/home/srhnabilacademy/ros2_nabil/build/my_robot_description', 'catkin_cmake_args': None, 'catkin_skip_building_tests': False, 'cmake_args': None, 'cmake_clean_cache': False, 'cmake_clean_first': False, 'cmake_force_configure': False, 'cmake_target': None, 'cmake_target_skip_unavailable': False, 'install_base': '/home/srhnabilacademy/ros2_nabil/install/my_robot_description', 'merge_install': False, 'path': '/home/srhnabilacademy/ros2_nabil/src/my_robot_description', 'symlink_install': False, 'test_result_base': None}
[0.554s] Level 5:colcon.colcon_core.verb:set package 'my_robot_bringup' build argument 'cmake_args' from command line to 'None'
[0.554s] Level 5:colcon.colcon_core.verb:set package 'my_robot_bringup' build argument 'cmake_target' from command line to 'None'
[0.554s] Level 5:colcon.colcon_core.verb:set package 'my_robot_bringup' build argument 'cmake_target_skip_unavailable' from command line to 'False'
[0.554s] Level 5:colcon.colcon_core.verb:set package 'my_robot_bringup' build argument 'cmake_clean_cache' from command line to 'False'
[0.554s] Level 5:colcon.colcon_core.verb:set package 'my_robot_bringup' build argument 'cmake_clean_first' from command line to 'False'
[0.554s] Level 5:colcon.colcon_core.verb:set package 'my_robot_bringup' build argument 'cmake_force_configure' from command line to 'False'
[0.554s] Level 5:colcon.colcon_core.verb:set package 'my_robot_bringup' build argument 'ament_cmake_args' from command line to 'None'
[0.554s] Level 5:colcon.colcon_core.verb:set package 'my_robot_bringup' build argument 'catkin_cmake_args' from command line to 'None'
[0.555s] Level 5:colcon.colcon_core.verb:set package 'my_robot_bringup' build argument 'catkin_skip_building_tests' from command line to 'False'
[0.555s] DEBUG:colcon.colcon_core.verb:Building package 'my_robot_bringup' with the following arguments: {'ament_cmake_args': None, 'build_base': '/home/srhnabilacademy/ros2_nabil/build/my_robot_bringup', 'catkin_cmake_args': None, 'catkin_skip_building_tests': False, 'cmake_args': None, 'cmake_clean_cache': False, 'cmake_clean_first': False, 'cmake_force_configure': False, 'cmake_target': None, 'cmake_target_skip_unavailable': False, 'install_base': '/home/srhnabilacademy/ros2_nabil/install/my_robot_bringup', 'merge_install': False, 'path': '/home/srhnabilacademy/ros2_nabil/src/my_robot_bringup', 'symlink_install': False, 'test_result_base': None}
[0.555s] INFO:colcon.colcon_core.executor:Executing jobs using 'parallel' executor
[0.556s] DEBUG:colcon.colcon_parallel_executor.executor.parallel:run_until_complete
[0.557s] INFO:colcon.colcon_ros.task.ament_cmake.build:Building ROS package in '/home/srhnabilacademy/ros2_nabil/src/my_robot_description' with build type 'ament_cmake'
[0.557s] INFO:colcon.colcon_cmake.task.cmake.build:Building CMake package in '/home/srhnabilacademy/ros2_nabil/src/my_robot_description'
[0.583s] INFO:colcon.colcon_core.plugin_system:Skipping extension 'colcon_core.shell.bat': Not used on non-Windows systems
[0.584s] INFO:colcon.colcon_core.shell:Skip shell extension 'powershell' for command environment: Not usable outside of PowerShell
[0.584s] DEBUG:colcon.colcon_core.shell:Skip shell extension 'dsv' for command environment
[0.600s] INFO:colcon.colcon_ros.task.ament_python.build:Building ROS package in '/home/srhnabilacademy/ros2_nabil/src/my_robot_controller' with build type 'ament_python'
[0.601s] Level 1:colcon.colcon_core.shell:create_environment_hook('my_robot_controller', 'ament_prefix_path')
[0.602s] INFO:colcon.colcon_core.shell:Creating environment hook '/home/srhnabilacademy/ros2_nabil/install/my_robot_controller/share/my_robot_controller/hook/ament_prefix_path.ps1'
[0.605s] INFO:colcon.colcon_core.shell:Creating environment descriptor '/home/srhnabilacademy/ros2_nabil/install/my_robot_controller/share/my_robot_controller/hook/ament_prefix_path.dsv'
[0.610s] INFO:colcon.colcon_core.shell:Creating environment hook '/home/srhnabilacademy/ros2_nabil/install/my_robot_controller/share/my_robot_controller/hook/ament_prefix_path.sh'
[0.613s] INFO:colcon.colcon_core.shell:Skip shell extension 'powershell' for command environment: Not usable outside of PowerShell
[0.613s] DEBUG:colcon.colcon_core.shell:Skip shell extension 'dsv' for command environment
[0.637s] DEBUG:colcon.colcon_core.event_handler.log_command:Invoking command in '/home/srhnabilacademy/ros2_nabil/build/my_robot_description': CMAKE_PREFIX_PATH=${CMAKE_PREFIX_PATH}:/home/srhnabilacademy/ros2_nabil/install/my_robot_controller:/opt/ros/jazzy DEBUGINFOD_URLS=https://debuginfod.ubuntu.com /usr/bin/cmake --build /home/srhnabilacademy/ros2_nabil/build/my_robot_description -- -j4 -l4
[1.125s] INFO:colcon.colcon_core.task.python.build:Building Python package in '/home/srhnabilacademy/ros2_nabil/src/my_robot_controller'
[1.125s] INFO:colcon.colcon_core.shell:Skip shell extension 'powershell' for command environment: Not usable outside of PowerShell
[1.125s] DEBUG:colcon.colcon_core.shell:Skip shell extension 'dsv' for command environment
[1.133s] DEBUG:colcon.colcon_core.event_handler.log_command:Invoked command in '/home/srhnabilacademy/ros2_nabil/build/my_robot_description' returned '0': CMAKE_PREFIX_PATH=${CMAKE_PREFIX_PATH}:/home/srhnabilacademy/ros2_nabil/install/my_robot_controller:/opt/ros/jazzy DEBUGINFOD_URLS=https://debuginfod.ubuntu.com /usr/bin/cmake --build /home/srhnabilacademy/ros2_nabil/build/my_robot_description -- -j4 -l4
[1.158s] DEBUG:colcon.colcon_core.event_handler.log_command:Invoking command in '/home/srhnabilacademy/ros2_nabil/build/my_robot_description': CMAKE_PREFIX_PATH=${CMAKE_PREFIX_PATH}:/home/srhnabilacademy/ros2_nabil/install/my_robot_controller:/opt/ros/jazzy DEBUGINFOD_URLS=https://debuginfod.ubuntu.com /usr/bin/cmake --install /home/srhnabilacademy/ros2_nabil/build/my_robot_description
[1.233s] Level 1:colcon.colcon_core.environment:create_environment_scripts_only(my_robot_description)
[1.235s] DEBUG:colcon.colcon_core.event_handler.log_command:Invoked command in '/home/srhnabilacademy/ros2_nabil/build/my_robot_description' returned '0': CMAKE_PREFIX_PATH=${CMAKE_PREFIX_PATH}:/home/srhnabilacademy/ros2_nabil/install/my_robot_controller:/opt/ros/jazzy DEBUGINFOD_URLS=https://debuginfod.ubuntu.com /usr/bin/cmake --install /home/srhnabilacademy/ros2_nabil/build/my_robot_description
[1.247s] Level 1:colcon.colcon_core.environment:checking '/home/srhnabilacademy/ros2_nabil/install/my_robot_description' for CMake module files
[1.247s] Level 1:colcon.colcon_core.environment:checking '/home/srhnabilacademy/ros2_nabil/install/my_robot_description' for CMake config files
[1.248s] Level 1:colcon.colcon_core.shell:create_environment_hook('my_robot_description', 'cmake_prefix_path')
[1.248s] INFO:colcon.colcon_core.shell:Creating environment hook '/home/srhnabilacademy/ros2_nabil/install/my_robot_description/share/my_robot_description/hook/cmake_prefix_path.ps1'
[1.249s] INFO:colcon.colcon_core.shell:Creating environment descriptor '/home/srhnabilacademy/ros2_nabil/install/my_robot_description/share/my_robot_description/hook/cmake_prefix_path.dsv'
[1.250s] INFO:colcon.colcon_core.shell:Creating environment hook '/home/srhnabilacademy/ros2_nabil/install/my_robot_description/share/my_robot_description/hook/cmake_prefix_path.sh'
[1.255s] Level 1:colcon.colcon_core.environment:checking '/home/srhnabilacademy/ros2_nabil/install/my_robot_description/bin'
[1.255s] Level 1:colcon.colcon_core.environment:checking '/home/srhnabilacademy/ros2_nabil/install/my_robot_description/lib/pkgconfig/my_robot_description.pc'
[1.255s] Level 1:colcon.colcon_core.environment:checking '/home/srhnabilacademy/ros2_nabil/install/my_robot_description/lib/python3.12/site-packages'
[1.256s] Level 1:colcon.colcon_core.environment:checking '/home/srhnabilacademy/ros2_nabil/install/my_robot_description/bin'
[1.256s] INFO:colcon.colcon_core.shell:Creating package script '/home/srhnabilacademy/ros2_nabil/install/my_robot_description/share/my_robot_description/package.ps1'
[1.268s] INFO:colcon.colcon_core.shell:Creating package descriptor '/home/srhnabilacademy/ros2_nabil/install/my_robot_description/share/my_robot_description/package.dsv'
[1.280s] INFO:colcon.colcon_core.shell:Creating package script '/home/srhnabilacademy/ros2_nabil/install/my_robot_description/share/my_robot_description/package.sh'
[1.289s] INFO:colcon.colcon_core.shell:Creating package script '/home/srhnabilacademy/ros2_nabil/install/my_robot_description/share/my_robot_description/package.bash'
[1.295s] INFO:colcon.colcon_core.shell:Creating package script '/home/srhnabilacademy/ros2_nabil/install/my_robot_description/share/my_robot_description/package.zsh'
[1.301s] Level 1:colcon.colcon_core.environment:create_file_with_runtime_dependencies(/home/srhnabilacademy/ros2_nabil/install/my_robot_description/share/colcon-core/packages/my_robot_description)
[1.302s] Level 1:colcon.colcon_core.environment:create_environment_scripts_only(my_robot_description)
[1.302s] Level 1:colcon.colcon_core.environment:checking '/home/srhnabilacademy/ros2_nabil/install/my_robot_description' for CMake module files
[1.303s] Level 1:colcon.colcon_core.environment:checking '/home/srhnabilacademy/ros2_nabil/install/my_robot_description' for CMake config files
[1.304s] Level 1:colcon.colcon_core.shell:create_environment_hook('my_robot_description', 'cmake_prefix_path')
[1.304s] INFO:colcon.colcon_core.shell:Creating environment hook '/home/srhnabilacademy/ros2_nabil/install/my_robot_description/share/my_robot_description/hook/cmake_prefix_path.ps1'
[1.304s] INFO:colcon.colcon_core.shell:Creating environment descriptor '/home/srhnabilacademy/ros2_nabil/install/my_robot_description/share/my_robot_description/hook/cmake_prefix_path.dsv'
[1.305s] INFO:colcon.colcon_core.shell:Creating environment hook '/home/srhnabilacademy/ros2_nabil/install/my_robot_description/share/my_robot_description/hook/cmake_prefix_path.sh'
[1.306s] Level 1:colcon.colcon_core.environment:checking '/home/srhnabilacademy/ros2_nabil/install/my_robot_description/bin'
[1.306s] Level 1:colcon.colcon_core.environment:checking '/home/srhnabilacademy/ros2_nabil/install/my_robot_description/lib/pkgconfig/my_robot_description.pc'
[1.306s] Level 1:colcon.colcon_core.environment:checking '/home/srhnabilacademy/ros2_nabil/install/my_robot_description/lib/python3.12/site-packages'
[1.307s] Level 1:colcon.colcon_core.environment:checking '/home/srhnabilacademy/ros2_nabil/install/my_robot_description/bin'
[1.307s] INFO:colcon.colcon_core.shell:Creating package script '/home/srhnabilacademy/ros2_nabil/install/my_robot_description/share/my_robot_description/package.ps1'
[1.308s] INFO:colcon.colcon_core.shell:Creating package descriptor '/home/srhnabilacademy/ros2_nabil/install/my_robot_description/share/my_robot_description/package.dsv'
[1.308s] INFO:colcon.colcon_core.shell:Creating package script '/home/srhnabilacademy/ros2_nabil/install/my_robot_description/share/my_robot_description/package.sh'
[1.309s] INFO:colcon.colcon_core.shell:Creating package script '/home/srhnabilacademy/ros2_nabil/install/my_robot_description/share/my_robot_description/package.bash'
[1.309s] INFO:colcon.colcon_core.shell:Creating package script '/home/srhnabilacademy/ros2_nabil/install/my_robot_description/share/my_robot_description/package.zsh'
[1.310s] Level 1:colcon.colcon_core.environment:create_file_with_runtime_dependencies(/home/srhnabilacademy/ros2_nabil/install/my_robot_description/share/colcon-core/packages/my_robot_description)
[1.310s] INFO:colcon.colcon_ros.task.ament_cmake.build:Building ROS package in '/home/srhnabilacademy/ros2_nabil/src/my_robot_bringup' with build type 'ament_cmake'
[1.311s] INFO:colcon.colcon_cmake.task.cmake.build:Building CMake package in '/home/srhnabilacademy/ros2_nabil/src/my_robot_bringup'
[1.311s] INFO:colcon.colcon_core.shell:Skip shell extension 'powershell' for command environment: Not usable outside of PowerShell
[1.311s] DEBUG:colcon.colcon_core.shell:Skip shell extension 'dsv' for command environment
[1.377s] DEBUG:colcon.colcon_core.event_handler.log_command:Invoking command in '/home/srhnabilacademy/ros2_nabil/build/my_robot_bringup': CMAKE_PREFIX_PATH=/home/srhnabilacademy/ros2_nabil/install/my_robot_description:/home/srhnabilacademy/ldlidar_ros2_ws/install/ldlidar_stl_ros2:/home/srhnabilacademy/ros2_nabil/install/my_robot_bringup:/opt/ros/jazzy/opt/gz_sim_vendor:/opt/ros/jazzy/opt/gz_sensors_vendor:/opt/ros/jazzy/opt/gz_physics_vendor:/opt/ros/jazzy/opt/sdformat_vendor:/opt/ros/jazzy/opt/gz_gui_vendor:/opt/ros/jazzy/opt/gz_transport_vendor:/opt/ros/jazzy/opt/gz_rendering_vendor:/opt/ros/jazzy/opt/gz_plugin_vendor:/opt/ros/jazzy/opt/gz_fuel_tools_vendor:/opt/ros/jazzy/opt/gz_msgs_vendor:/opt/ros/jazzy/opt/gz_common_vendor:/opt/ros/jazzy/opt/gz_math_vendor:/opt/ros/jazzy/opt/gz_utils_vendor:/opt/ros/jazzy/opt/gz_tools_vendor:/opt/ros/jazzy/opt/gz_ogre_next_vendor:/opt/ros/jazzy/opt/gz_dartsim_vendor:/opt/ros/jazzy/opt/gz_cmake_vendor:/home/srhnabilacademy/ros2_nabil/install/my_robot_controller:/opt/ros/jazzy DEBUGINFOD_URLS=https://debuginfod.ubuntu.com /usr/bin/cmake --build /home/srhnabilacademy/ros2_nabil/build/my_robot_bringup -- -j4 -l4
[1.511s] DEBUG:colcon.colcon_core.event_handler.log_command:Invoked command in '/home/srhnabilacademy/ros2_nabil/build/my_robot_bringup' returned '0': CMAKE_PREFIX_PATH=/home/srhnabilacademy/ros2_nabil/install/my_robot_description:/home/srhnabilacademy/ldlidar_ros2_ws/install/ldlidar_stl_ros2:/home/srhnabilacademy/ros2_nabil/install/my_robot_bringup:/opt/ros/jazzy/opt/gz_sim_vendor:/opt/ros/jazzy/opt/gz_sensors_vendor:/opt/ros/jazzy/opt/gz_physics_vendor:/opt/ros/jazzy/opt/sdformat_vendor:/opt/ros/jazzy/opt/gz_gui_vendor:/opt/ros/jazzy/opt/gz_transport_vendor:/opt/ros/jazzy/opt/gz_rendering_vendor:/opt/ros/jazzy/opt/gz_plugin_vendor:/opt/ros/jazzy/opt/gz_fuel_tools_vendor:/opt/ros/jazzy/opt/gz_msgs_vendor:/opt/ros/jazzy/opt/gz_common_vendor:/opt/ros/jazzy/opt/gz_math_vendor:/opt/ros/jazzy/opt/gz_utils_vendor:/opt/ros/jazzy/opt/gz_tools_vendor:/opt/ros/jazzy/opt/gz_ogre_next_vendor:/opt/ros/jazzy/opt/gz_dartsim_vendor:/opt/ros/jazzy/opt/gz_cmake_vendor:/home/srhnabilacademy/ros2_nabil/install/my_robot_controller:/opt/ros/jazzy DEBUGINFOD_URLS=https://debuginfod.ubuntu.com /usr/bin/cmake --build /home/srhnabilacademy/ros2_nabil/build/my_robot_bringup -- -j4 -l4
[1.514s] DEBUG:colcon.colcon_core.event_handler.log_command:Invoking command in '/home/srhnabilacademy/ros2_nabil/build/my_robot_bringup': CMAKE_PREFIX_PATH=/home/srhnabilacademy/ros2_nabil/install/my_robot_description:/home/srhnabilacademy/ldlidar_ros2_ws/install/ldlidar_stl_ros2:/home/srhnabilacademy/ros2_nabil/install/my_robot_bringup:/opt/ros/jazzy/opt/gz_sim_vendor:/opt/ros/jazzy/opt/gz_sensors_vendor:/opt/ros/jazzy/opt/gz_physics_vendor:/opt/ros/jazzy/opt/sdformat_vendor:/opt/ros/jazzy/opt/gz_gui_vendor:/opt/ros/jazzy/opt/gz_transport_vendor:/opt/ros/jazzy/opt/gz_rendering_vendor:/opt/ros/jazzy/opt/gz_plugin_vendor:/opt/ros/jazzy/opt/gz_fuel_tools_vendor:/opt/ros/jazzy/opt/gz_msgs_vendor:/opt/ros/jazzy/opt/gz_common_vendor:/opt/ros/jazzy/opt/gz_math_vendor:/opt/ros/jazzy/opt/gz_utils_vendor:/opt/ros/jazzy/opt/gz_tools_vendor:/opt/ros/jazzy/opt/gz_ogre_next_vendor:/opt/ros/jazzy/opt/gz_dartsim_vendor:/opt/ros/jazzy/opt/gz_cmake_vendor:/home/srhnabilacademy/ros2_nabil/install/my_robot_controller:/opt/ros/jazzy DEBUGINFOD_URLS=https://debuginfod.ubuntu.com /usr/bin/cmake --install /home/srhnabilacademy/ros2_nabil/build/my_robot_bringup
[1.537s] Level 1:colcon.colcon_core.environment:create_environment_scripts_only(my_robot_bringup)
[1.537s] Level 1:colcon.colcon_core.environment:checking '/home/srhnabilacademy/ros2_nabil/install/my_robot_bringup' for CMake module files
[1.538s] DEBUG:colcon.colcon_core.event_handler.log_command:Invoked command in '/home/srhnabilacademy/ros2_nabil/build/my_robot_bringup' returned '0': CMAKE_PREFIX_PATH=/home/srhnabilacademy/ros2_nabil/install/my_robot_description:/home/srhnabilacademy/ldlidar_ros2_ws/install/ldlidar_stl_ros2:/home/srhnabilacademy/ros2_nabil/install/my_robot_bringup:/opt/ros/jazzy/opt/gz_sim_vendor:/opt/ros/jazzy/opt/gz_sensors_vendor:/opt/ros/jazzy/opt/gz_physics_vendor:/opt/ros/jazzy/opt/sdformat_vendor:/opt/ros/jazzy/opt/gz_gui_vendor:/opt/ros/jazzy/opt/gz_transport_vendor:/opt/ros/jazzy/opt/gz_rendering_vendor:/opt/ros/jazzy/opt/gz_plugin_vendor:/opt/ros/jazzy/opt/gz_fuel_tools_vendor:/opt/ros/jazzy/opt/gz_msgs_vendor:/opt/ros/jazzy/opt/gz_common_vendor:/opt/ros/jazzy/opt/gz_math_vendor:/opt/ros/jazzy/opt/gz_utils_vendor:/opt/ros/jazzy/opt/gz_tools_vendor:/opt/ros/jazzy/opt/gz_ogre_next_vendor:/opt/ros/jazzy/opt/gz_dartsim_vendor:/opt/ros/jazzy/opt/gz_cmake_vendor:/home/srhnabilacademy/ros2_nabil/install/my_robot_controller:/opt/ros/jazzy DEBUGINFOD_URLS=https://debuginfod.ubuntu.com /usr/bin/cmake --install /home/srhnabilacademy/ros2_nabil/build/my_robot_bringup
[1.538s] Level 1:colcon.colcon_core.environment:checking '/home/srhnabilacademy/ros2_nabil/install/my_robot_bringup' for CMake config files
[1.539s] Level 1:colcon.colcon_core.shell:create_environment_hook('my_robot_bringup', 'cmake_prefix_path')
[1.539s] INFO:colcon.colcon_core.shell:Creating environment hook '/home/srhnabilacademy/ros2_nabil/install/my_robot_bringup/share/my_robot_bringup/hook/cmake_prefix_path.ps1'
[1.540s] INFO:colcon.colcon_core.shell:Creating environment descriptor '/home/srhnabilacademy/ros2_nabil/install/my_robot_bringup/share/my_robot_bringup/hook/cmake_prefix_path.dsv'
[1.540s] INFO:colcon.colcon_core.shell:Creating environment hook '/home/srhnabilacademy/ros2_nabil/install/my_robot_bringup/share/my_robot_bringup/hook/cmake_prefix_path.sh'
[1.541s] Level 1:colcon.colcon_core.environment:checking '/home/srhnabilacademy/ros2_nabil/install/my_robot_bringup/bin'
[1.541s] Level 1:colcon.colcon_core.environment:checking '/home/srhnabilacademy/ros2_nabil/install/my_robot_bringup/lib/pkgconfig/my_robot_bringup.pc'
[1.541s] Level 1:colcon.colcon_core.environment:checking '/home/srhnabilacademy/ros2_nabil/install/my_robot_bringup/lib/python3.12/site-packages'
[1.542s] Level 1:colcon.colcon_core.environment:checking '/home/srhnabilacademy/ros2_nabil/install/my_robot_bringup/bin'
[1.542s] INFO:colcon.colcon_core.shell:Creating package script '/home/srhnabilacademy/ros2_nabil/install/my_robot_bringup/share/my_robot_bringup/package.ps1'
[1.543s] INFO:colcon.colcon_core.shell:Creating package descriptor '/home/srhnabilacademy/ros2_nabil/install/my_robot_bringup/share/my_robot_bringup/package.dsv'
[1.543s] INFO:colcon.colcon_core.shell:Creating package script '/home/srhnabilacademy/ros2_nabil/install/my_robot_bringup/share/my_robot_bringup/package.sh'
[1.544s] INFO:colcon.colcon_core.shell:Creating package script '/home/srhnabilacademy/ros2_nabil/install/my_robot_bringup/share/my_robot_bringup/package.bash'
[1.544s] INFO:colcon.colcon_core.shell:Creating package script '/home/srhnabilacademy/ros2_nabil/install/my_robot_bringup/share/my_robot_bringup/package.zsh'
[1.544s] Level 1:colcon.colcon_core.environment:create_file_with_runtime_dependencies(/home/srhnabilacademy/ros2_nabil/install/my_robot_bringup/share/colcon-core/packages/my_robot_bringup)
[1.545s] Level 1:colcon.colcon_core.environment:create_environment_scripts_only(my_robot_bringup)
[1.545s] Level 1:colcon.colcon_core.environment:checking '/home/srhnabilacademy/ros2_nabil/install/my_robot_bringup' for CMake module files
[1.546s] Level 1:colcon.colcon_core.environment:checking '/home/srhnabilacademy/ros2_nabil/install/my_robot_bringup' for CMake config files
[1.546s] Level 1:colcon.colcon_core.shell:create_environment_hook('my_robot_bringup', 'cmake_prefix_path')
[1.546s] INFO:colcon.colcon_core.shell:Creating environment hook '/home/srhnabilacademy/ros2_nabil/install/my_robot_bringup/share/my_robot_bringup/hook/cmake_prefix_path.ps1'
[1.547s] INFO:colcon.colcon_core.shell:Creating environment descriptor '/home/srhnabilacademy/ros2_nabil/install/my_robot_bringup/share/my_robot_bringup/hook/cmake_prefix_path.dsv'
[1.547s] INFO:colcon.colcon_core.shell:Creating environment hook '/home/srhnabilacademy/ros2_nabil/install/my_robot_bringup/share/my_robot_bringup/hook/cmake_prefix_path.sh'
[1.548s] Level 1:colcon.colcon_core.environment:checking '/home/srhnabilacademy/ros2_nabil/install/my_robot_bringup/bin'
[1.548s] Level 1:colcon.colcon_core.environment:checking '/home/srhnabilacademy/ros2_nabil/install/my_robot_bringup/lib/pkgconfig/my_robot_bringup.pc'
[1.548s] Level 1:colcon.colcon_core.environment:checking '/home/srhnabilacademy/ros2_nabil/install/my_robot_bringup/lib/python3.12/site-packages'
[1.549s] Level 1:colcon.colcon_core.environment:checking '/home/srhnabilacademy/ros2_nabil/install/my_robot_bringup/bin'
[1.549s] INFO:colcon.colcon_core.shell:Creating package script '/home/srhnabilacademy/ros2_nabil/install/my_robot_bringup/share/my_robot_bringup/package.ps1'
[1.550s] INFO:colcon.colcon_core.shell:Creating package descriptor '/home/srhnabilacademy/ros2_nabil/install/my_robot_bringup/share/my_robot_bringup/package.dsv'
[1.550s] INFO:colcon.colcon_core.shell:Creating package script '/home/srhnabilacademy/ros2_nabil/install/my_robot_bringup/share/my_robot_bringup/package.sh'
[1.551s] INFO:colcon.colcon_core.shell:Creating package script '/home/srhnabilacademy/ros2_nabil/install/my_robot_bringup/share/my_robot_bringup/package.bash'
[1.551s] INFO:colcon.colcon_core.shell:Creating package script '/home/srhnabilacademy/ros2_nabil/install/my_robot_bringup/share/my_robot_bringup/package.zsh'
[1.552s] Level 1:colcon.colcon_core.environment:create_file_with_runtime_dependencies(/home/srhnabilacademy/ros2_nabil/install/my_robot_bringup/share/colcon-core/packages/my_robot_bringup)
[2.839s] DEBUG:colcon.colcon_core.event_handler.log_command:Invoking command in '/home/srhnabilacademy/ros2_nabil/src/my_robot_controller': DEBUGINFOD_URLS=https://debuginfod.ubuntu.com PYTHONPATH=/home/srhnabilacademy/ros2_nabil/build/my_robot_controller/prefix_override:/usr/lib/python3/dist-packages/colcon_core/task/python/colcon_distutils_commands:/home/srhnabilacademy/ros2_nabil/install/my_robot_controller/lib/python3.12/site-packages:${PYTHONPATH} /usr/bin/python3 -W ignore:setup.py install is deprecated -W ignore:easy_install command is deprecated setup.py egg_info --egg-base ../../build/my_robot_controller build --build-base /home/srhnabilacademy/ros2_nabil/build/my_robot_controller/build install --record /home/srhnabilacademy/ros2_nabil/build/my_robot_controller/install.log --single-version-externally-managed install_data
[3.859s] Level 1:colcon.colcon_core.environment:checking '/home/srhnabilacademy/ros2_nabil/install/my_robot_controller' for CMake module files
[3.859s] DEBUG:colcon.colcon_core.event_handler.log_command:Invoked command in '/home/srhnabilacademy/ros2_nabil/src/my_robot_controller' returned '0': DEBUGINFOD_URLS=https://debuginfod.ubuntu.com PYTHONPATH=/home/srhnabilacademy/ros2_nabil/build/my_robot_controller/prefix_override:/usr/lib/python3/dist-packages/colcon_core/task/python/colcon_distutils_commands:/home/srhnabilacademy/ros2_nabil/install/my_robot_controller/lib/python3.12/site-packages:${PYTHONPATH} /usr/bin/python3 -W ignore:setup.py install is deprecated -W ignore:easy_install command is deprecated setup.py egg_info --egg-base ../../build/my_robot_controller build --build-base /home/srhnabilacademy/ros2_nabil/build/my_robot_controller/build install --record /home/srhnabilacademy/ros2_nabil/build/my_robot_controller/install.log --single-version-externally-managed install_data
[3.860s] Level 1:colcon.colcon_core.environment:checking '/home/srhnabilacademy/ros2_nabil/install/my_robot_controller' for CMake config files
[3.861s] Level 1:colcon.colcon_core.environment:checking '/home/srhnabilacademy/ros2_nabil/install/my_robot_controller/lib'
[3.861s] Level 1:colcon.colcon_core.environment:checking '/home/srhnabilacademy/ros2_nabil/install/my_robot_controller/bin'
[3.861s] Level 1:colcon.colcon_core.environment:checking '/home/srhnabilacademy/ros2_nabil/install/my_robot_controller/lib/pkgconfig/my_robot_controller.pc'
[3.861s] Level 1:colcon.colcon_core.environment:checking '/home/srhnabilacademy/ros2_nabil/install/my_robot_controller/lib/python3.12/site-packages'
[3.861s] Level 1:colcon.colcon_core.shell:create_environment_hook('my_robot_controller', 'pythonpath')
[3.862s] INFO:colcon.colcon_core.shell:Creating environment hook '/home/srhnabilacademy/ros2_nabil/install/my_robot_controller/share/my_robot_controller/hook/pythonpath.ps1'
[3.862s] INFO:colcon.colcon_core.shell:Creating environment descriptor '/home/srhnabilacademy/ros2_nabil/install/my_robot_controller/share/my_robot_controller/hook/pythonpath.dsv'
[3.863s] INFO:colcon.colcon_core.shell:Creating environment hook '/home/srhnabilacademy/ros2_nabil/install/my_robot_controller/share/my_robot_controller/hook/pythonpath.sh'
[3.864s] Level 1:colcon.colcon_core.environment:checking '/home/srhnabilacademy/ros2_nabil/install/my_robot_controller/bin'
[3.864s] Level 1:colcon.colcon_core.environment:create_environment_scripts_only(my_robot_controller)
[3.864s] INFO:colcon.colcon_core.shell:Creating package script '/home/srhnabilacademy/ros2_nabil/install/my_robot_controller/share/my_robot_controller/package.ps1'
[3.865s] INFO:colcon.colcon_core.shell:Creating package descriptor '/home/srhnabilacademy/ros2_nabil/install/my_robot_controller/share/my_robot_controller/package.dsv'
[3.865s] INFO:colcon.colcon_core.shell:Creating package script '/home/srhnabilacademy/ros2_nabil/install/my_robot_controller/share/my_robot_controller/package.sh'
[3.866s] INFO:colcon.colcon_core.shell:Creating package script '/home/srhnabilacademy/ros2_nabil/install/my_robot_controller/share/my_robot_controller/package.bash'
[3.866s] INFO:colcon.colcon_core.shell:Creating package script '/home/srhnabilacademy/ros2_nabil/install/my_robot_controller/share/my_robot_controller/package.zsh'
[3.867s] Level 1:colcon.colcon_core.environment:create_file_with_runtime_dependencies(/home/srhnabilacademy/ros2_nabil/install/my_robot_controller/share/colcon-core/packages/my_robot_controller)
[3.867s] DEBUG:colcon.colcon_parallel_executor.executor.parallel:closing loop
[3.868s] DEBUG:colcon.colcon_parallel_executor.executor.parallel:loop closed
[3.869s] DEBUG:colcon.colcon_parallel_executor.executor.parallel:run_until_complete finished with '0'
[3.869s] DEBUG:colcon.colcon_core.event_reactor:joining thread
[3.903s] INFO:colcon.colcon_core.plugin_system:Skipping extension 'colcon_notification.desktop_notification.terminal_notifier': Not used on non-Darwin systems
[3.903s] INFO:colcon.colcon_core.plugin_system:Skipping extension 'colcon_notification.desktop_notification.win32': Not used on non-Windows systems
[3.903s] INFO:colcon.colcon_notification.desktop_notification:Sending desktop notification using 'notify2'
[3.938s] DEBUG:colcon.colcon_core.event_reactor:joined thread
[3.940s] INFO:colcon.colcon_core.shell:Creating prefix script '/home/srhnabilacademy/ros2_nabil/install/local_setup.ps1'
[3.945s] INFO:colcon.colcon_core.shell:Creating prefix util module '/home/srhnabilacademy/ros2_nabil/install/_local_setup_util_ps1.py'
[3.952s] INFO:colcon.colcon_core.shell:Creating prefix chain script '/home/srhnabilacademy/ros2_nabil/install/setup.ps1'
[3.959s] INFO:colcon.colcon_core.shell:Creating prefix script '/home/srhnabilacademy/ros2_nabil/install/local_setup.sh'
[3.967s] INFO:colcon.colcon_core.shell:Creating prefix util module '/home/srhnabilacademy/ros2_nabil/install/_local_setup_util_sh.py'
[3.969s] INFO:colcon.colcon_core.shell:Creating prefix chain script '/home/srhnabilacademy/ros2_nabil/install/setup.sh'
[3.975s] INFO:colcon.colcon_core.shell:Creating prefix script '/home/srhnabilacademy/ros2_nabil/install/local_setup.bash'
[3.978s] INFO:colcon.colcon_core.shell:Creating prefix chain script '/home/srhnabilacademy/ros2_nabil/install/setup.bash'
[3.982s] INFO:colcon.colcon_core.shell:Creating prefix script '/home/srhnabilacademy/ros2_nabil/install/local_setup.zsh'
[3.984s] INFO:colcon.colcon_core.shell:Creating prefix chain script '/home/srhnabilacademy/ros2_nabil/install/setup.zsh'
