[0.024s] Invoking command in '/home/srhnabilacademy/ros2_nabil/build/my_robot_bringup': CMAKE_PREFIX_PATH=/home/srhnabilacademy/ros2_nabil/install/my_robot_description:/home/srhnabilacademy/ldlidar_ros2_ws/install/ldlidar_stl_ros2:/home/srhnabilacademy/ros2_nabil/install/my_robot_bringup:/opt/ros/jazzy/opt/gz_sim_vendor:/opt/ros/jazzy/opt/gz_sensors_vendor:/opt/ros/jazzy/opt/gz_physics_vendor:/opt/ros/jazzy/opt/sdformat_vendor:/opt/ros/jazzy/opt/gz_gui_vendor:/opt/ros/jazzy/opt/gz_transport_vendor:/opt/ros/jazzy/opt/gz_rendering_vendor:/opt/ros/jazzy/opt/gz_plugin_vendor:/opt/ros/jazzy/opt/gz_fuel_tools_vendor:/opt/ros/jazzy/opt/gz_msgs_vendor:/opt/ros/jazzy/opt/gz_common_vendor:/opt/ros/jazzy/opt/gz_math_vendor:/opt/ros/jazzy/opt/gz_utils_vendor:/opt/ros/jazzy/opt/gz_tools_vendor:/opt/ros/jazzy/opt/gz_ogre_next_vendor:/opt/ros/jazzy/opt/gz_dartsim_vendor:/opt/ros/jazzy/opt/gz_cmake_vendor:/home/srhnabilacademy/ros2_nabil/install/my_robot_controller:/opt/ros/jazzy DEBUGINFOD_URLS=https://debuginfod.ubuntu.com /usr/bin/cmake /home/srhnabilacademy/ros2_nabil/src/my_robot_bringup -DCMAKE_INSTALL_PREFIX=/home/srhnabilacademy/ros2_nabil/install/my_robot_bringup
[0.142s] -- The C compiler identification is GNU 13.3.0
[0.254s] -- The CXX compiler identification is GNU 13.3.0
[0.285s] -- Detecting C compiler ABI info
[0.472s] -- Detecting C compiler ABI info - done
[0.486s] -- Check for working C compiler: /usr/bin/cc - skipped
[0.486s] -- Detecting C compile features
[0.486s] -- Detecting C compile features - done
[0.501s] -- Detecting CXX compiler ABI info
[0.704s] -- Detecting CXX compiler ABI info - done
[0.719s] -- Check for working CXX compiler: /usr/bin/c++ - skipped
[0.719s] -- Detecting CXX compile features
[0.720s] -- Detecting CXX compile features - done
[0.728s] -- Found ament_cmake: 2.5.4 (/opt/ros/jazzy/share/ament_cmake/cmake)
[1.007s] -- Found Python3: /usr/bin/python3 (found version "3.12.3") found components: Interpreter 
[1.392s] -- Configuring done (1.3s)
[1.396s] -- Generating done (0.0s)
[1.399s] -- Build files have been written to: /home/srhnabilacademy/ros2_nabil/build/my_robot_bringup
[1.409s] Invoked command in '/home/srhnabilacademy/ros2_nabil/build/my_robot_bringup' returned '0': CMAKE_PREFIX_PATH=/home/srhnabilacademy/ros2_nabil/install/my_robot_description:/home/srhnabilacademy/ldlidar_ros2_ws/install/ldlidar_stl_ros2:/home/srhnabilacademy/ros2_nabil/install/my_robot_bringup:/opt/ros/jazzy/opt/gz_sim_vendor:/opt/ros/jazzy/opt/gz_sensors_vendor:/opt/ros/jazzy/opt/gz_physics_vendor:/opt/ros/jazzy/opt/sdformat_vendor:/opt/ros/jazzy/opt/gz_gui_vendor:/opt/ros/jazzy/opt/gz_transport_vendor:/opt/ros/jazzy/opt/gz_rendering_vendor:/opt/ros/jazzy/opt/gz_plugin_vendor:/opt/ros/jazzy/opt/gz_fuel_tools_vendor:/opt/ros/jazzy/opt/gz_msgs_vendor:/opt/ros/jazzy/opt/gz_common_vendor:/opt/ros/jazzy/opt/gz_math_vendor:/opt/ros/jazzy/opt/gz_utils_vendor:/opt/ros/jazzy/opt/gz_tools_vendor:/opt/ros/jazzy/opt/gz_ogre_next_vendor:/opt/ros/jazzy/opt/gz_dartsim_vendor:/opt/ros/jazzy/opt/gz_cmake_vendor:/home/srhnabilacademy/ros2_nabil/install/my_robot_controller:/opt/ros/jazzy DEBUGINFOD_URLS=https://debuginfod.ubuntu.com /usr/bin/cmake /home/srhnabilacademy/ros2_nabil/src/my_robot_bringup -DCMAKE_INSTALL_PREFIX=/home/srhnabilacademy/ros2_nabil/install/my_robot_bringup
[1.410s] Invoking command in '/home/srhnabilacademy/ros2_nabil/build/my_robot_bringup': CMAKE_PREFIX_PATH=/home/srhnabilacademy/ros2_nabil/install/my_robot_description:/home/srhnabilacademy/ldlidar_ros2_ws/install/ldlidar_stl_ros2:/home/srhnabilacademy/ros2_nabil/install/my_robot_bringup:/opt/ros/jazzy/opt/gz_sim_vendor:/opt/ros/jazzy/opt/gz_sensors_vendor:/opt/ros/jazzy/opt/gz_physics_vendor:/opt/ros/jazzy/opt/sdformat_vendor:/opt/ros/jazzy/opt/gz_gui_vendor:/opt/ros/jazzy/opt/gz_transport_vendor:/opt/ros/jazzy/opt/gz_rendering_vendor:/opt/ros/jazzy/opt/gz_plugin_vendor:/opt/ros/jazzy/opt/gz_fuel_tools_vendor:/opt/ros/jazzy/opt/gz_msgs_vendor:/opt/ros/jazzy/opt/gz_common_vendor:/opt/ros/jazzy/opt/gz_math_vendor:/opt/ros/jazzy/opt/gz_utils_vendor:/opt/ros/jazzy/opt/gz_tools_vendor:/opt/ros/jazzy/opt/gz_ogre_next_vendor:/opt/ros/jazzy/opt/gz_dartsim_vendor:/opt/ros/jazzy/opt/gz_cmake_vendor:/home/srhnabilacademy/ros2_nabil/install/my_robot_controller:/opt/ros/jazzy DEBUGINFOD_URLS=https://debuginfod.ubuntu.com /usr/bin/cmake --build /home/srhnabilacademy/ros2_nabil/build/my_robot_bringup -- -j4 -l4
[1.497s] Invoked command in '/home/srhnabilacademy/ros2_nabil/build/my_robot_bringup' returned '0': CMAKE_PREFIX_PATH=/home/srhnabilacademy/ros2_nabil/install/my_robot_description:/home/srhnabilacademy/ldlidar_ros2_ws/install/ldlidar_stl_ros2:/home/srhnabilacademy/ros2_nabil/install/my_robot_bringup:/opt/ros/jazzy/opt/gz_sim_vendor:/opt/ros/jazzy/opt/gz_sensors_vendor:/opt/ros/jazzy/opt/gz_physics_vendor:/opt/ros/jazzy/opt/sdformat_vendor:/opt/ros/jazzy/opt/gz_gui_vendor:/opt/ros/jazzy/opt/gz_transport_vendor:/opt/ros/jazzy/opt/gz_rendering_vendor:/opt/ros/jazzy/opt/gz_plugin_vendor:/opt/ros/jazzy/opt/gz_fuel_tools_vendor:/opt/ros/jazzy/opt/gz_msgs_vendor:/opt/ros/jazzy/opt/gz_common_vendor:/opt/ros/jazzy/opt/gz_math_vendor:/opt/ros/jazzy/opt/gz_utils_vendor:/opt/ros/jazzy/opt/gz_tools_vendor:/opt/ros/jazzy/opt/gz_ogre_next_vendor:/opt/ros/jazzy/opt/gz_dartsim_vendor:/opt/ros/jazzy/opt/gz_cmake_vendor:/home/srhnabilacademy/ros2_nabil/install/my_robot_controller:/opt/ros/jazzy DEBUGINFOD_URLS=https://debuginfod.ubuntu.com /usr/bin/cmake --build /home/srhnabilacademy/ros2_nabil/build/my_robot_bringup -- -j4 -l4
[1.499s] Invoking command in '/home/srhnabilacademy/ros2_nabil/build/my_robot_bringup': CMAKE_PREFIX_PATH=/home/srhnabilacademy/ros2_nabil/install/my_robot_description:/home/srhnabilacademy/ldlidar_ros2_ws/install/ldlidar_stl_ros2:/home/srhnabilacademy/ros2_nabil/install/my_robot_bringup:/opt/ros/jazzy/opt/gz_sim_vendor:/opt/ros/jazzy/opt/gz_sensors_vendor:/opt/ros/jazzy/opt/gz_physics_vendor:/opt/ros/jazzy/opt/sdformat_vendor:/opt/ros/jazzy/opt/gz_gui_vendor:/opt/ros/jazzy/opt/gz_transport_vendor:/opt/ros/jazzy/opt/gz_rendering_vendor:/opt/ros/jazzy/opt/gz_plugin_vendor:/opt/ros/jazzy/opt/gz_fuel_tools_vendor:/opt/ros/jazzy/opt/gz_msgs_vendor:/opt/ros/jazzy/opt/gz_common_vendor:/opt/ros/jazzy/opt/gz_math_vendor:/opt/ros/jazzy/opt/gz_utils_vendor:/opt/ros/jazzy/opt/gz_tools_vendor:/opt/ros/jazzy/opt/gz_ogre_next_vendor:/opt/ros/jazzy/opt/gz_dartsim_vendor:/opt/ros/jazzy/opt/gz_cmake_vendor:/home/srhnabilacademy/ros2_nabil/install/my_robot_controller:/opt/ros/jazzy DEBUGINFOD_URLS=https://debuginfod.ubuntu.com /usr/bin/cmake --install /home/srhnabilacademy/ros2_nabil/build/my_robot_bringup
[1.516s] -- Install configuration: ""
[1.516s] -- Installing: /home/srhnabilacademy/ros2_nabil/install/my_robot_bringup/share/my_robot_bringup//launch
[1.516s] -- Installing: /home/srhnabilacademy/ros2_nabil/install/my_robot_bringup/share/my_robot_bringup//launch/my_robot_gazebo.launch.xml
[1.517s] -- Installing: /home/srhnabilacademy/ros2_nabil/install/my_robot_bringup/share/my_robot_bringup//launch/diff_nabil_robot.launch.xml
[1.517s] -- Installing: /home/srhnabilacademy/ros2_nabil/install/my_robot_bringup/share/my_robot_bringup//rviz
[1.517s] -- Installing: /home/srhnabilacademy/ros2_nabil/install/my_robot_bringup/share/my_robot_bringup//rviz/diff_drive_robot.rviz
[1.517s] -- Installing: /home/srhnabilacademy/ros2_nabil/install/my_robot_bringup/share/my_robot_bringup//rviz/urdf_config.rviz
[1.517s] -- Installing: /home/srhnabilacademy/ros2_nabil/install/my_robot_bringup/share/ament_index/resource_index/package_run_dependencies/my_robot_bringup
[1.518s] -- Installing: /home/srhnabilacademy/ros2_nabil/install/my_robot_bringup/share/ament_index/resource_index/parent_prefix_path/my_robot_bringup
[1.518s] -- Installing: /home/srhnabilacademy/ros2_nabil/install/my_robot_bringup/share/my_robot_bringup/environment/ament_prefix_path.sh
[1.518s] -- Installing: /home/srhnabilacademy/ros2_nabil/install/my_robot_bringup/share/my_robot_bringup/environment/ament_prefix_path.dsv
[1.518s] -- Installing: /home/srhnabilacademy/ros2_nabil/install/my_robot_bringup/share/my_robot_bringup/environment/path.sh
[1.519s] -- Installing: /home/srhnabilacademy/ros2_nabil/install/my_robot_bringup/share/my_robot_bringup/environment/path.dsv
[1.519s] -- Installing: /home/srhnabilacademy/ros2_nabil/install/my_robot_bringup/share/my_robot_bringup/local_setup.bash
[1.519s] -- Installing: /home/srhnabilacademy/ros2_nabil/install/my_robot_bringup/share/my_robot_bringup/local_setup.sh
[1.519s] -- Installing: /home/srhnabilacademy/ros2_nabil/install/my_robot_bringup/share/my_robot_bringup/local_setup.zsh
[1.519s] -- Installing: /home/srhnabilacademy/ros2_nabil/install/my_robot_bringup/share/my_robot_bringup/local_setup.dsv
[1.519s] -- Installing: /home/srhnabilacademy/ros2_nabil/install/my_robot_bringup/share/my_robot_bringup/package.dsv
[1.520s] -- Installing: /home/srhnabilacademy/ros2_nabil/install/my_robot_bringup/share/ament_index/resource_index/packages/my_robot_bringup
[1.520s] -- Installing: /home/srhnabilacademy/ros2_nabil/install/my_robot_bringup/share/my_robot_bringup/cmake/my_robot_bringupConfig.cmake
[1.520s] -- Installing: /home/srhnabilacademy/ros2_nabil/install/my_robot_bringup/share/my_robot_bringup/cmake/my_robot_bringupConfig-version.cmake
[1.520s] -- Installing: /home/srhnabilacademy/ros2_nabil/install/my_robot_bringup/share/my_robot_bringup/package.xml
[1.524s] Invoked command in '/home/srhnabilacademy/ros2_nabil/build/my_robot_bringup' returned '0': CMAKE_PREFIX_PATH=/home/srhnabilacademy/ros2_nabil/install/my_robot_description:/home/srhnabilacademy/ldlidar_ros2_ws/install/ldlidar_stl_ros2:/home/srhnabilacademy/ros2_nabil/install/my_robot_bringup:/opt/ros/jazzy/opt/gz_sim_vendor:/opt/ros/jazzy/opt/gz_sensors_vendor:/opt/ros/jazzy/opt/gz_physics_vendor:/opt/ros/jazzy/opt/sdformat_vendor:/opt/ros/jazzy/opt/gz_gui_vendor:/opt/ros/jazzy/opt/gz_transport_vendor:/opt/ros/jazzy/opt/gz_rendering_vendor:/opt/ros/jazzy/opt/gz_plugin_vendor:/opt/ros/jazzy/opt/gz_fuel_tools_vendor:/opt/ros/jazzy/opt/gz_msgs_vendor:/opt/ros/jazzy/opt/gz_common_vendor:/opt/ros/jazzy/opt/gz_math_vendor:/opt/ros/jazzy/opt/gz_utils_vendor:/opt/ros/jazzy/opt/gz_tools_vendor:/opt/ros/jazzy/opt/gz_ogre_next_vendor:/opt/ros/jazzy/opt/gz_dartsim_vendor:/opt/ros/jazzy/opt/gz_cmake_vendor:/home/srhnabilacademy/ros2_nabil/install/my_robot_controller:/opt/ros/jazzy DEBUGINFOD_URLS=https://debuginfod.ubuntu.com /usr/bin/cmake --install /home/srhnabilacademy/ros2_nabil/build/my_robot_bringup
