[0.147s] DEBUG:colcon:Command line arguments: ['/usr/bin/colcon', 'build']
[0.147s] DEBUG:colcon:Parsed command line arguments: Namespace(log_base=None, log_level=None, verb_name='build', build_base='build', install_base='install', merge_install=False, symlink_install=False, test_result_base=None, continue_on_error=False, executor='parallel', parallel_workers=4, event_handlers=None, ignore_user_meta=False, metas=['./colcon.meta'], base_paths=['.'], packages_ignore=None, packages_ignore_regex=None, paths=None, packages_up_to=None, packages_up_to_regex=None, packages_above=None, packages_above_and_dependencies=None, packages_above_depth=None, packages_select_by_dep=None, packages_skip_by_dep=None, packages_skip_up_to=None, packages_select_build_failed=False, packages_skip_build_finished=False, packages_select_test_failures=False, packages_skip_test_passed=False, packages_select=None, packages_skip=None, packages_select_regex=None, packages_skip_regex=None, packages_start=None, packages_end=None, allow_overriding=[], cmake_args=None, cmake_target=None, cmake_target_skip_unavailable=False, cmake_clean_cache=False, cmake_clean_first=False, cmake_force_configure=False, ament_cmake_args=None, catkin_cmake_args=None, catkin_skip_building_tests=False, verb_parser=<colcon_defaults.argument_parser.defaults.DefaultArgumentsDecorator object at 0xffffbd04abd0>, verb_extension=<colcon_core.verb.build.BuildVerb object at 0xffffbd368830>, main=<bound method BuildVerb.main of <colcon_core.verb.build.BuildVerb object at 0xffffbd368830>>)
[0.205s] Level 1:colcon.colcon_core.package_discovery:discover_packages(colcon_meta) check parameters
[0.205s] Level 1:colcon.colcon_core.package_discovery:discover_packages(recursive) check parameters
[0.205s] Level 1:colcon.colcon_core.package_discovery:discover_packages(ignore) check parameters
[0.205s] Level 1:colcon.colcon_core.package_discovery:discover_packages(path) check parameters
[0.205s] Level 1:colcon.colcon_core.package_discovery:discover_packages(colcon_meta) discover
[0.205s] Level 1:colcon.colcon_core.package_discovery:discover_packages(recursive) discover
[0.205s] INFO:colcon.colcon_core.package_discovery:Crawling recursively for packages in '/home/srhnabilacademy/ros2_nabil'
[0.205s] Level 1:colcon.colcon_core.package_identification:_identify(.) by extensions ['ignore', 'ignore_ament_install']
[0.205s] Level 1:colcon.colcon_core.package_identification:_identify(.) by extension 'ignore'
[0.205s] Level 1:colcon.colcon_core.package_identification:_identify(.) by extension 'ignore_ament_install'
[0.206s] Level 1:colcon.colcon_core.package_identification:_identify(.) by extensions ['colcon_pkg']
[0.206s] Level 1:colcon.colcon_core.package_identification:_identify(.) by extension 'colcon_pkg'
[0.206s] Level 1:colcon.colcon_core.package_identification:_identify(.) by extensions ['colcon_meta']
[0.206s] Level 1:colcon.colcon_core.package_identification:_identify(.) by extension 'colcon_meta'
[0.206s] Level 1:colcon.colcon_core.package_identification:_identify(.) by extensions ['ros']
[0.206s] Level 1:colcon.colcon_core.package_identification:_identify(.) by extension 'ros'
[0.243s] Level 1:colcon.colcon_core.package_identification:_identify(.) by extensions ['cmake', 'python']
[0.243s] Level 1:colcon.colcon_core.package_identification:_identify(.) by extension 'cmake'
[0.243s] Level 1:colcon.colcon_core.package_identification:_identify(.) by extension 'python'
[0.243s] Level 1:colcon.colcon_core.package_identification:_identify(.) by extensions ['python_setup_py']
[0.244s] Level 1:colcon.colcon_core.package_identification:_identify(.) by extension 'python_setup_py'
[0.244s] Level 1:colcon.colcon_core.package_identification:_identify(build) by extensions ['ignore', 'ignore_ament_install']
[0.244s] Level 1:colcon.colcon_core.package_identification:_identify(build) by extension 'ignore'
[0.244s] Level 1:colcon.colcon_core.package_identification:_identify(build) ignored
[0.244s] Level 1:colcon.colcon_core.package_identification:_identify(install) by extensions ['ignore', 'ignore_ament_install']
[0.244s] Level 1:colcon.colcon_core.package_identification:_identify(install) by extension 'ignore'
[0.244s] Level 1:colcon.colcon_core.package_identification:_identify(install) ignored
[0.244s] Level 1:colcon.colcon_core.package_identification:_identify(log) by extensions ['ignore', 'ignore_ament_install']
[0.244s] Level 1:colcon.colcon_core.package_identification:_identify(log) by extension 'ignore'
[0.244s] Level 1:colcon.colcon_core.package_identification:_identify(log) ignored
[0.245s] Level 1:colcon.colcon_core.package_identification:_identify(src) by extensions ['ignore', 'ignore_ament_install']
[0.245s] Level 1:colcon.colcon_core.package_identification:_identify(src) by extension 'ignore'
[0.245s] Level 1:colcon.colcon_core.package_identification:_identify(src) by extension 'ignore_ament_install'
[0.245s] Level 1:colcon.colcon_core.package_identification:_identify(src) by extensions ['colcon_pkg']
[0.245s] Level 1:colcon.colcon_core.package_identification:_identify(src) by extension 'colcon_pkg'
[0.245s] Level 1:colcon.colcon_core.package_identification:_identify(src) by extensions ['colcon_meta']
[0.245s] Level 1:colcon.colcon_core.package_identification:_identify(src) by extension 'colcon_meta'
[0.245s] Level 1:colcon.colcon_core.package_identification:_identify(src) by extensions ['ros']
[0.245s] Level 1:colcon.colcon_core.package_identification:_identify(src) by extension 'ros'
[0.245s] Level 1:colcon.colcon_core.package_identification:_identify(src) by extensions ['cmake', 'python']
[0.245s] Level 1:colcon.colcon_core.package_identification:_identify(src) by extension 'cmake'
[0.245s] Level 1:colcon.colcon_core.package_identification:_identify(src) by extension 'python'
[0.245s] Level 1:colcon.colcon_core.package_identification:_identify(src) by extensions ['python_setup_py']
[0.245s] Level 1:colcon.colcon_core.package_identification:_identify(src) by extension 'python_setup_py'
[0.245s] Level 1:colcon.colcon_core.package_identification:_identify(src/my_robot_bringup) by extensions ['ignore', 'ignore_ament_install']
[0.245s] Level 1:colcon.colcon_core.package_identification:_identify(src/my_robot_bringup) by extension 'ignore'
[0.245s] Level 1:colcon.colcon_core.package_identification:_identify(src/my_robot_bringup) by extension 'ignore_ament_install'
[0.246s] Level 1:colcon.colcon_core.package_identification:_identify(src/my_robot_bringup) by extensions ['colcon_pkg']
[0.246s] Level 1:colcon.colcon_core.package_identification:_identify(src/my_robot_bringup) by extension 'colcon_pkg'
[0.246s] Level 1:colcon.colcon_core.package_identification:_identify(src/my_robot_bringup) by extensions ['colcon_meta']
[0.246s] Level 1:colcon.colcon_core.package_identification:_identify(src/my_robot_bringup) by extension 'colcon_meta'
[0.246s] Level 1:colcon.colcon_core.package_identification:_identify(src/my_robot_bringup) by extensions ['ros']
[0.246s] Level 1:colcon.colcon_core.package_identification:_identify(src/my_robot_bringup) by extension 'ros'
[0.251s] DEBUG:colcon.colcon_core.package_identification:Package 'src/my_robot_bringup' with type 'ros.ament_cmake' and name 'my_robot_bringup'
[0.252s] Level 1:colcon.colcon_core.package_identification:_identify(src/my_robot_controller) by extensions ['ignore', 'ignore_ament_install']
[0.252s] Level 1:colcon.colcon_core.package_identification:_identify(src/my_robot_controller) by extension 'ignore'
[0.252s] Level 1:colcon.colcon_core.package_identification:_identify(src/my_robot_controller) by extension 'ignore_ament_install'
[0.252s] Level 1:colcon.colcon_core.package_identification:_identify(src/my_robot_controller) by extensions ['colcon_pkg']
[0.252s] Level 1:colcon.colcon_core.package_identification:_identify(src/my_robot_controller) by extension 'colcon_pkg'
[0.252s] Level 1:colcon.colcon_core.package_identification:_identify(src/my_robot_controller) by extensions ['colcon_meta']
[0.252s] Level 1:colcon.colcon_core.package_identification:_identify(src/my_robot_controller) by extension 'colcon_meta'
[0.252s] Level 1:colcon.colcon_core.package_identification:_identify(src/my_robot_controller) by extensions ['ros']
[0.252s] Level 1:colcon.colcon_core.package_identification:_identify(src/my_robot_controller) by extension 'ros'
[0.253s] DEBUG:colcon.colcon_core.package_identification:Package 'src/my_robot_controller' with type 'ros.ament_python' and name 'my_robot_controller'
[0.253s] Level 1:colcon.colcon_core.package_identification:_identify(src/my_robot_description) by extensions ['ignore', 'ignore_ament_install']
[0.253s] Level 1:colcon.colcon_core.package_identification:_identify(src/my_robot_description) by extension 'ignore'
[0.253s] Level 1:colcon.colcon_core.package_identification:_identify(src/my_robot_description) by extension 'ignore_ament_install'
[0.254s] Level 1:colcon.colcon_core.package_identification:_identify(src/my_robot_description) by extensions ['colcon_pkg']
[0.254s] Level 1:colcon.colcon_core.package_identification:_identify(src/my_robot_description) by extension 'colcon_pkg'
[0.254s] Level 1:colcon.colcon_core.package_identification:_identify(src/my_robot_description) by extensions ['colcon_meta']
[0.254s] Level 1:colcon.colcon_core.package_identification:_identify(src/my_robot_description) by extension 'colcon_meta'
[0.254s] Level 1:colcon.colcon_core.package_identification:_identify(src/my_robot_description) by extensions ['ros']
[0.254s] Level 1:colcon.colcon_core.package_identification:_identify(src/my_robot_description) by extension 'ros'
[0.254s] DEBUG:colcon.colcon_core.package_identification:Package 'src/my_robot_description' with type 'ros.ament_cmake' and name 'my_robot_description'
[0.255s] Level 1:colcon.colcon_core.package_discovery:discover_packages(recursive) using defaults
[0.255s] Level 1:colcon.colcon_core.package_discovery:discover_packages(ignore) discover
[0.255s] Level 1:colcon.colcon_core.package_discovery:discover_packages(ignore) using defaults
[0.255s] Level 1:colcon.colcon_core.package_discovery:discover_packages(path) discover
[0.255s] Level 1:colcon.colcon_core.package_discovery:discover_packages(path) using defaults
[0.279s] Level 1:colcon.colcon_core.package_discovery:discover_packages(prefix_path) check parameters
[0.279s] Level 1:colcon.colcon_core.package_discovery:discover_packages(prefix_path) discover
[0.281s] DEBUG:colcon.colcon_installed_package_information.package_discovery:Found 3 installed packages in /home/srhnabilacademy/ros2_nabil/install
[0.282s] DEBUG:colcon.colcon_installed_package_information.package_discovery:Found 1 installed packages in /home/srhnabilacademy/ldlidar_ros2_ws/install
[0.285s] DEBUG:colcon.colcon_installed_package_information.package_discovery:Found 490 installed packages in /opt/ros/jazzy
[0.287s] Level 1:colcon.colcon_core.package_discovery:discover_packages(prefix_path) using defaults
[0.379s] Level 5:colcon.colcon_core.verb:set package 'my_robot_controller' build argument 'cmake_args' from command line to 'None'
[0.379s] Level 5:colcon.colcon_core.verb:set package 'my_robot_controller' build argument 'cmake_target' from command line to 'None'
[0.379s] Level 5:colcon.colcon_core.verb:set package 'my_robot_controller' build argument 'cmake_target_skip_unavailable' from command line to 'False'
[0.379s] Level 5:colcon.colcon_core.verb:set package 'my_robot_controller' build argument 'cmake_clean_cache' from command line to 'False'
[0.379s] Level 5:colcon.colcon_core.verb:set package 'my_robot_controller' build argument 'cmake_clean_first' from command line to 'False'
[0.379s] Level 5:colcon.colcon_core.verb:set package 'my_robot_controller' build argument 'cmake_force_configure' from command line to 'False'
[0.379s] Level 5:colcon.colcon_core.verb:set package 'my_robot_controller' build argument 'ament_cmake_args' from command line to 'None'
[0.379s] Level 5:colcon.colcon_core.verb:set package 'my_robot_controller' build argument 'catkin_cmake_args' from command line to 'None'
[0.379s] Level 5:colcon.colcon_core.verb:set package 'my_robot_controller' build argument 'catkin_skip_building_tests' from command line to 'False'
[0.379s] DEBUG:colcon.colcon_core.verb:Building package 'my_robot_controller' with the following arguments: {'ament_cmake_args': None, 'build_base': '/home/srhnabilacademy/ros2_nabil/build/my_robot_controller', 'catkin_cmake_args': None, 'catkin_skip_building_tests': False, 'cmake_args': None, 'cmake_clean_cache': False, 'cmake_clean_first': False, 'cmake_force_configure': False, 'cmake_target': None, 'cmake_target_skip_unavailable': False, 'install_base': '/home/srhnabilacademy/ros2_nabil/install/my_robot_controller', 'merge_install': False, 'path': '/home/srhnabilacademy/ros2_nabil/src/my_robot_controller', 'symlink_install': False, 'test_result_base': None}
[0.379s] Level 5:colcon.colcon_core.verb:set package 'my_robot_description' build argument 'cmake_args' from command line to 'None'
[0.379s] Level 5:colcon.colcon_core.verb:set package 'my_robot_description' build argument 'cmake_target' from command line to 'None'
[0.379s] Level 5:colcon.colcon_core.verb:set package 'my_robot_description' build argument 'cmake_target_skip_unavailable' from command line to 'False'
[0.379s] Level 5:colcon.colcon_core.verb:set package 'my_robot_description' build argument 'cmake_clean_cache' from command line to 'False'
[0.379s] Level 5:colcon.colcon_core.verb:set package 'my_robot_description' build argument 'cmake_clean_first' from command line to 'False'
[0.380s] Level 5:colcon.colcon_core.verb:set package 'my_robot_description' build argument 'cmake_force_configure' from command line to 'False'
[0.380s] Level 5:colcon.colcon_core.verb:set package 'my_robot_description' build argument 'ament_cmake_args' from command line to 'None'
[0.380s] Level 5:colcon.colcon_core.verb:set package 'my_robot_description' build argument 'catkin_cmake_args' from command line to 'None'
[0.380s] Level 5:colcon.colcon_core.verb:set package 'my_robot_description' build argument 'catkin_skip_building_tests' from command line to 'False'
[0.380s] DEBUG:colcon.colcon_core.verb:Building package 'my_robot_description' with the following arguments: {'ament_cmake_args': None, 'build_base': '/home/srhnabilacademy/ros2_nabil/build/my_robot_description', 'catkin_cmake_args': None, 'catkin_skip_building_tests': False, 'cmake_args': None, 'cmake_clean_cache': False, 'cmake_clean_first': False, 'cmake_force_configure': False, 'cmake_target': None, 'cmake_target_skip_unavailable': False, 'install_base': '/home/srhnabilacademy/ros2_nabil/install/my_robot_description', 'merge_install': False, 'path': '/home/srhnabilacademy/ros2_nabil/src/my_robot_description', 'symlink_install': False, 'test_result_base': None}
[0.380s] Level 5:colcon.colcon_core.verb:set package 'my_robot_bringup' build argument 'cmake_args' from command line to 'None'
[0.380s] Level 5:colcon.colcon_core.verb:set package 'my_robot_bringup' build argument 'cmake_target' from command line to 'None'
[0.380s] Level 5:colcon.colcon_core.verb:set package 'my_robot_bringup' build argument 'cmake_target_skip_unavailable' from command line to 'False'
[0.380s] Level 5:colcon.colcon_core.verb:set package 'my_robot_bringup' build argument 'cmake_clean_cache' from command line to 'False'
[0.380s] Level 5:colcon.colcon_core.verb:set package 'my_robot_bringup' build argument 'cmake_clean_first' from command line to 'False'
[0.380s] Level 5:colcon.colcon_core.verb:set package 'my_robot_bringup' build argument 'cmake_force_configure' from command line to 'False'
[0.380s] Level 5:colcon.colcon_core.verb:set package 'my_robot_bringup' build argument 'ament_cmake_args' from command line to 'None'
[0.380s] Level 5:colcon.colcon_core.verb:set package 'my_robot_bringup' build argument 'catkin_cmake_args' from command line to 'None'
[0.380s] Level 5:colcon.colcon_core.verb:set package 'my_robot_bringup' build argument 'catkin_skip_building_tests' from command line to 'False'
[0.380s] DEBUG:colcon.colcon_core.verb:Building package 'my_robot_bringup' with the following arguments: {'ament_cmake_args': None, 'build_base': '/home/srhnabilacademy/ros2_nabil/build/my_robot_bringup', 'catkin_cmake_args': None, 'catkin_skip_building_tests': False, 'cmake_args': None, 'cmake_clean_cache': False, 'cmake_clean_first': False, 'cmake_force_configure': False, 'cmake_target': None, 'cmake_target_skip_unavailable': False, 'install_base': '/home/srhnabilacademy/ros2_nabil/install/my_robot_bringup', 'merge_install': False, 'path': '/home/srhnabilacademy/ros2_nabil/src/my_robot_bringup', 'symlink_install': False, 'test_result_base': None}
[0.380s] INFO:colcon.colcon_core.executor:Executing jobs using 'parallel' executor
[0.382s] DEBUG:colcon.colcon_parallel_executor.executor.parallel:run_until_complete
[0.382s] INFO:colcon.colcon_ros.task.ament_cmake.build:Building ROS package in '/home/srhnabilacademy/ros2_nabil/src/my_robot_description' with build type 'ament_cmake'
[0.382s] INFO:colcon.colcon_cmake.task.cmake.build:Building CMake package in '/home/srhnabilacademy/ros2_nabil/src/my_robot_description'
[0.388s] INFO:colcon.colcon_core.plugin_system:Skipping extension 'colcon_core.shell.bat': Not used on non-Windows systems
[0.389s] INFO:colcon.colcon_core.shell:Skip shell extension 'powershell' for command environment: Not usable outside of PowerShell
[0.389s] DEBUG:colcon.colcon_core.shell:Skip shell extension 'dsv' for command environment
[0.403s] INFO:colcon.colcon_ros.task.ament_python.build:Building ROS package in '/home/srhnabilacademy/ros2_nabil/src/my_robot_controller' with build type 'ament_python'
[0.403s] Level 1:colcon.colcon_core.shell:create_environment_hook('my_robot_controller', 'ament_prefix_path')
[0.404s] INFO:colcon.colcon_core.shell:Creating environment hook '/home/srhnabilacademy/ros2_nabil/install/my_robot_controller/share/my_robot_controller/hook/ament_prefix_path.ps1'
[0.407s] INFO:colcon.colcon_core.shell:Creating environment descriptor '/home/srhnabilacademy/ros2_nabil/install/my_robot_controller/share/my_robot_controller/hook/ament_prefix_path.dsv'
[0.408s] INFO:colcon.colcon_core.shell:Creating environment hook '/home/srhnabilacademy/ros2_nabil/install/my_robot_controller/share/my_robot_controller/hook/ament_prefix_path.sh'
[0.410s] INFO:colcon.colcon_core.shell:Skip shell extension 'powershell' for command environment: Not usable outside of PowerShell
[0.410s] DEBUG:colcon.colcon_core.shell:Skip shell extension 'dsv' for command environment
[0.434s] DEBUG:colcon.colcon_core.event_handler.log_command:Invoking command in '/home/srhnabilacademy/ros2_nabil/build/my_robot_description': CMAKE_PREFIX_PATH=${CMAKE_PREFIX_PATH}:/home/srhnabilacademy/ros2_nabil/install/my_robot_controller:/opt/ros/jazzy DEBUGINFOD_URLS=https://debuginfod.ubuntu.com /usr/bin/cmake --build /home/srhnabilacademy/ros2_nabil/build/my_robot_description -- -j4 -l4
[0.796s] INFO:colcon.colcon_core.task.python.build:Building Python package in '/home/srhnabilacademy/ros2_nabil/src/my_robot_controller'
[0.797s] INFO:colcon.colcon_core.shell:Skip shell extension 'powershell' for command environment: Not usable outside of PowerShell
[0.797s] DEBUG:colcon.colcon_core.shell:Skip shell extension 'dsv' for command environment
[0.804s] DEBUG:colcon.colcon_core.event_handler.log_command:Invoked command in '/home/srhnabilacademy/ros2_nabil/build/my_robot_description' returned '0': CMAKE_PREFIX_PATH=${CMAKE_PREFIX_PATH}:/home/srhnabilacademy/ros2_nabil/install/my_robot_controller:/opt/ros/jazzy DEBUGINFOD_URLS=https://debuginfod.ubuntu.com /usr/bin/cmake --build /home/srhnabilacademy/ros2_nabil/build/my_robot_description -- -j4 -l4
[0.827s] DEBUG:colcon.colcon_core.event_handler.log_command:Invoking command in '/home/srhnabilacademy/ros2_nabil/build/my_robot_description': CMAKE_PREFIX_PATH=${CMAKE_PREFIX_PATH}:/home/srhnabilacademy/ros2_nabil/install/my_robot_controller:/opt/ros/jazzy DEBUGINFOD_URLS=https://debuginfod.ubuntu.com /usr/bin/cmake --install /home/srhnabilacademy/ros2_nabil/build/my_robot_description
[0.852s] Level 1:colcon.colcon_core.environment:create_environment_scripts_only(my_robot_description)
[0.853s] DEBUG:colcon.colcon_core.event_handler.log_command:Invoked command in '/home/srhnabilacademy/ros2_nabil/build/my_robot_description' returned '0': CMAKE_PREFIX_PATH=${CMAKE_PREFIX_PATH}:/home/srhnabilacademy/ros2_nabil/install/my_robot_controller:/opt/ros/jazzy DEBUGINFOD_URLS=https://debuginfod.ubuntu.com /usr/bin/cmake --install /home/srhnabilacademy/ros2_nabil/build/my_robot_description
[0.856s] Level 1:colcon.colcon_core.environment:checking '/home/srhnabilacademy/ros2_nabil/install/my_robot_description' for CMake module files
[0.856s] Level 1:colcon.colcon_core.environment:checking '/home/srhnabilacademy/ros2_nabil/install/my_robot_description' for CMake config files
[0.857s] Level 1:colcon.colcon_core.shell:create_environment_hook('my_robot_description', 'cmake_prefix_path')
[0.857s] INFO:colcon.colcon_core.shell:Creating environment hook '/home/srhnabilacademy/ros2_nabil/install/my_robot_description/share/my_robot_description/hook/cmake_prefix_path.ps1'
[0.858s] INFO:colcon.colcon_core.shell:Creating environment descriptor '/home/srhnabilacademy/ros2_nabil/install/my_robot_description/share/my_robot_description/hook/cmake_prefix_path.dsv'
[0.858s] INFO:colcon.colcon_core.shell:Creating environment hook '/home/srhnabilacademy/ros2_nabil/install/my_robot_description/share/my_robot_description/hook/cmake_prefix_path.sh'
[0.859s] Level 1:colcon.colcon_core.environment:checking '/home/srhnabilacademy/ros2_nabil/install/my_robot_description/bin'
[0.859s] Level 1:colcon.colcon_core.environment:checking '/home/srhnabilacademy/ros2_nabil/install/my_robot_description/lib/pkgconfig/my_robot_description.pc'
[0.860s] Level 1:colcon.colcon_core.environment:checking '/home/srhnabilacademy/ros2_nabil/install/my_robot_description/lib/python3.12/site-packages'
[0.860s] Level 1:colcon.colcon_core.environment:checking '/home/srhnabilacademy/ros2_nabil/install/my_robot_description/bin'
[0.860s] INFO:colcon.colcon_core.shell:Creating package script '/home/srhnabilacademy/ros2_nabil/install/my_robot_description/share/my_robot_description/package.ps1'
[0.861s] INFO:colcon.colcon_core.shell:Creating package descriptor '/home/srhnabilacademy/ros2_nabil/install/my_robot_description/share/my_robot_description/package.dsv'
[0.862s] INFO:colcon.colcon_core.shell:Creating package script '/home/srhnabilacademy/ros2_nabil/install/my_robot_description/share/my_robot_description/package.sh'
[0.863s] INFO:colcon.colcon_core.shell:Creating package script '/home/srhnabilacademy/ros2_nabil/install/my_robot_description/share/my_robot_description/package.bash'
[0.864s] INFO:colcon.colcon_core.shell:Creating package script '/home/srhnabilacademy/ros2_nabil/install/my_robot_description/share/my_robot_description/package.zsh'
[0.865s] Level 1:colcon.colcon_core.environment:create_file_with_runtime_dependencies(/home/srhnabilacademy/ros2_nabil/install/my_robot_description/share/colcon-core/packages/my_robot_description)
[0.866s] Level 1:colcon.colcon_core.environment:create_environment_scripts_only(my_robot_description)
[0.866s] Level 1:colcon.colcon_core.environment:checking '/home/srhnabilacademy/ros2_nabil/install/my_robot_description' for CMake module files
[0.867s] Level 1:colcon.colcon_core.environment:checking '/home/srhnabilacademy/ros2_nabil/install/my_robot_description' for CMake config files
[0.867s] Level 1:colcon.colcon_core.shell:create_environment_hook('my_robot_description', 'cmake_prefix_path')
[0.867s] INFO:colcon.colcon_core.shell:Creating environment hook '/home/srhnabilacademy/ros2_nabil/install/my_robot_description/share/my_robot_description/hook/cmake_prefix_path.ps1'
[0.868s] INFO:colcon.colcon_core.shell:Creating environment descriptor '/home/srhnabilacademy/ros2_nabil/install/my_robot_description/share/my_robot_description/hook/cmake_prefix_path.dsv'
[0.868s] INFO:colcon.colcon_core.shell:Creating environment hook '/home/srhnabilacademy/ros2_nabil/install/my_robot_description/share/my_robot_description/hook/cmake_prefix_path.sh'
[0.869s] Level 1:colcon.colcon_core.environment:checking '/home/srhnabilacademy/ros2_nabil/install/my_robot_description/bin'
[0.869s] Level 1:colcon.colcon_core.environment:checking '/home/srhnabilacademy/ros2_nabil/install/my_robot_description/lib/pkgconfig/my_robot_description.pc'
[0.869s] Level 1:colcon.colcon_core.environment:checking '/home/srhnabilacademy/ros2_nabil/install/my_robot_description/lib/python3.12/site-packages'
[0.869s] Level 1:colcon.colcon_core.environment:checking '/home/srhnabilacademy/ros2_nabil/install/my_robot_description/bin'
[0.870s] INFO:colcon.colcon_core.shell:Creating package script '/home/srhnabilacademy/ros2_nabil/install/my_robot_description/share/my_robot_description/package.ps1'
[0.870s] INFO:colcon.colcon_core.shell:Creating package descriptor '/home/srhnabilacademy/ros2_nabil/install/my_robot_description/share/my_robot_description/package.dsv'
[0.871s] INFO:colcon.colcon_core.shell:Creating package script '/home/srhnabilacademy/ros2_nabil/install/my_robot_description/share/my_robot_description/package.sh'
[0.871s] INFO:colcon.colcon_core.shell:Creating package script '/home/srhnabilacademy/ros2_nabil/install/my_robot_description/share/my_robot_description/package.bash'
[0.872s] INFO:colcon.colcon_core.shell:Creating package script '/home/srhnabilacademy/ros2_nabil/install/my_robot_description/share/my_robot_description/package.zsh'
[0.872s] Level 1:colcon.colcon_core.environment:create_file_with_runtime_dependencies(/home/srhnabilacademy/ros2_nabil/install/my_robot_description/share/colcon-core/packages/my_robot_description)
[0.872s] INFO:colcon.colcon_ros.task.ament_cmake.build:Building ROS package in '/home/srhnabilacademy/ros2_nabil/src/my_robot_bringup' with build type 'ament_cmake'
[0.873s] INFO:colcon.colcon_cmake.task.cmake.build:Building CMake package in '/home/srhnabilacademy/ros2_nabil/src/my_robot_bringup'
[0.873s] INFO:colcon.colcon_core.shell:Skip shell extension 'powershell' for command environment: Not usable outside of PowerShell
[0.873s] DEBUG:colcon.colcon_core.shell:Skip shell extension 'dsv' for command environment
[0.915s] DEBUG:colcon.colcon_core.event_handler.log_command:Invoking command in '/home/srhnabilacademy/ros2_nabil/build/my_robot_bringup': CMAKE_PREFIX_PATH=/home/srhnabilacademy/ros2_nabil/install/my_robot_description:/home/srhnabilacademy/ldlidar_ros2_ws/install/ldlidar_stl_ros2:/home/srhnabilacademy/ros2_nabil/install/my_robot_bringup:/opt/ros/jazzy/opt/gz_sim_vendor:/opt/ros/jazzy/opt/gz_sensors_vendor:/opt/ros/jazzy/opt/gz_physics_vendor:/opt/ros/jazzy/opt/sdformat_vendor:/opt/ros/jazzy/opt/gz_gui_vendor:/opt/ros/jazzy/opt/gz_transport_vendor:/opt/ros/jazzy/opt/gz_rendering_vendor:/opt/ros/jazzy/opt/gz_plugin_vendor:/opt/ros/jazzy/opt/gz_fuel_tools_vendor:/opt/ros/jazzy/opt/gz_msgs_vendor:/opt/ros/jazzy/opt/gz_common_vendor:/opt/ros/jazzy/opt/gz_math_vendor:/opt/ros/jazzy/opt/gz_utils_vendor:/opt/ros/jazzy/opt/gz_tools_vendor:/opt/ros/jazzy/opt/gz_ogre_next_vendor:/opt/ros/jazzy/opt/gz_dartsim_vendor:/opt/ros/jazzy/opt/gz_cmake_vendor:/home/srhnabilacademy/ros2_nabil/install/my_robot_controller:/opt/ros/jazzy DEBUGINFOD_URLS=https://debuginfod.ubuntu.com /usr/bin/cmake --build /home/srhnabilacademy/ros2_nabil/build/my_robot_bringup -- -j4 -l4
[1.011s] DEBUG:colcon.colcon_core.event_handler.log_command:Invoked command in '/home/srhnabilacademy/ros2_nabil/build/my_robot_bringup' returned '0': CMAKE_PREFIX_PATH=/home/srhnabilacademy/ros2_nabil/install/my_robot_description:/home/srhnabilacademy/ldlidar_ros2_ws/install/ldlidar_stl_ros2:/home/srhnabilacademy/ros2_nabil/install/my_robot_bringup:/opt/ros/jazzy/opt/gz_sim_vendor:/opt/ros/jazzy/opt/gz_sensors_vendor:/opt/ros/jazzy/opt/gz_physics_vendor:/opt/ros/jazzy/opt/sdformat_vendor:/opt/ros/jazzy/opt/gz_gui_vendor:/opt/ros/jazzy/opt/gz_transport_vendor:/opt/ros/jazzy/opt/gz_rendering_vendor:/opt/ros/jazzy/opt/gz_plugin_vendor:/opt/ros/jazzy/opt/gz_fuel_tools_vendor:/opt/ros/jazzy/opt/gz_msgs_vendor:/opt/ros/jazzy/opt/gz_common_vendor:/opt/ros/jazzy/opt/gz_math_vendor:/opt/ros/jazzy/opt/gz_utils_vendor:/opt/ros/jazzy/opt/gz_tools_vendor:/opt/ros/jazzy/opt/gz_ogre_next_vendor:/opt/ros/jazzy/opt/gz_dartsim_vendor:/opt/ros/jazzy/opt/gz_cmake_vendor:/home/srhnabilacademy/ros2_nabil/install/my_robot_controller:/opt/ros/jazzy DEBUGINFOD_URLS=https://debuginfod.ubuntu.com /usr/bin/cmake --build /home/srhnabilacademy/ros2_nabil/build/my_robot_bringup -- -j4 -l4
[1.014s] DEBUG:colcon.colcon_core.event_handler.log_command:Invoking command in '/home/srhnabilacademy/ros2_nabil/build/my_robot_bringup': CMAKE_PREFIX_PATH=/home/srhnabilacademy/ros2_nabil/install/my_robot_description:/home/srhnabilacademy/ldlidar_ros2_ws/install/ldlidar_stl_ros2:/home/srhnabilacademy/ros2_nabil/install/my_robot_bringup:/opt/ros/jazzy/opt/gz_sim_vendor:/opt/ros/jazzy/opt/gz_sensors_vendor:/opt/ros/jazzy/opt/gz_physics_vendor:/opt/ros/jazzy/opt/sdformat_vendor:/opt/ros/jazzy/opt/gz_gui_vendor:/opt/ros/jazzy/opt/gz_transport_vendor:/opt/ros/jazzy/opt/gz_rendering_vendor:/opt/ros/jazzy/opt/gz_plugin_vendor:/opt/ros/jazzy/opt/gz_fuel_tools_vendor:/opt/ros/jazzy/opt/gz_msgs_vendor:/opt/ros/jazzy/opt/gz_common_vendor:/opt/ros/jazzy/opt/gz_math_vendor:/opt/ros/jazzy/opt/gz_utils_vendor:/opt/ros/jazzy/opt/gz_tools_vendor:/opt/ros/jazzy/opt/gz_ogre_next_vendor:/opt/ros/jazzy/opt/gz_dartsim_vendor:/opt/ros/jazzy/opt/gz_cmake_vendor:/home/srhnabilacademy/ros2_nabil/install/my_robot_controller:/opt/ros/jazzy DEBUGINFOD_URLS=https://debuginfod.ubuntu.com /usr/bin/cmake --install /home/srhnabilacademy/ros2_nabil/build/my_robot_bringup
[1.037s] Level 1:colcon.colcon_core.environment:create_environment_scripts_only(my_robot_bringup)
[1.037s] Level 1:colcon.colcon_core.environment:checking '/home/srhnabilacademy/ros2_nabil/install/my_robot_bringup' for CMake module files
[1.038s] DEBUG:colcon.colcon_core.event_handler.log_command:Invoked command in '/home/srhnabilacademy/ros2_nabil/build/my_robot_bringup' returned '0': CMAKE_PREFIX_PATH=/home/srhnabilacademy/ros2_nabil/install/my_robot_description:/home/srhnabilacademy/ldlidar_ros2_ws/install/ldlidar_stl_ros2:/home/srhnabilacademy/ros2_nabil/install/my_robot_bringup:/opt/ros/jazzy/opt/gz_sim_vendor:/opt/ros/jazzy/opt/gz_sensors_vendor:/opt/ros/jazzy/opt/gz_physics_vendor:/opt/ros/jazzy/opt/sdformat_vendor:/opt/ros/jazzy/opt/gz_gui_vendor:/opt/ros/jazzy/opt/gz_transport_vendor:/opt/ros/jazzy/opt/gz_rendering_vendor:/opt/ros/jazzy/opt/gz_plugin_vendor:/opt/ros/jazzy/opt/gz_fuel_tools_vendor:/opt/ros/jazzy/opt/gz_msgs_vendor:/opt/ros/jazzy/opt/gz_common_vendor:/opt/ros/jazzy/opt/gz_math_vendor:/opt/ros/jazzy/opt/gz_utils_vendor:/opt/ros/jazzy/opt/gz_tools_vendor:/opt/ros/jazzy/opt/gz_ogre_next_vendor:/opt/ros/jazzy/opt/gz_dartsim_vendor:/opt/ros/jazzy/opt/gz_cmake_vendor:/home/srhnabilacademy/ros2_nabil/install/my_robot_controller:/opt/ros/jazzy DEBUGINFOD_URLS=https://debuginfod.ubuntu.com /usr/bin/cmake --install /home/srhnabilacademy/ros2_nabil/build/my_robot_bringup
[1.039s] Level 1:colcon.colcon_core.environment:checking '/home/srhnabilacademy/ros2_nabil/install/my_robot_bringup' for CMake config files
[1.039s] Level 1:colcon.colcon_core.shell:create_environment_hook('my_robot_bringup', 'cmake_prefix_path')
[1.039s] INFO:colcon.colcon_core.shell:Creating environment hook '/home/srhnabilacademy/ros2_nabil/install/my_robot_bringup/share/my_robot_bringup/hook/cmake_prefix_path.ps1'
[1.040s] INFO:colcon.colcon_core.shell:Creating environment descriptor '/home/srhnabilacademy/ros2_nabil/install/my_robot_bringup/share/my_robot_bringup/hook/cmake_prefix_path.dsv'
[1.040s] INFO:colcon.colcon_core.shell:Creating environment hook '/home/srhnabilacademy/ros2_nabil/install/my_robot_bringup/share/my_robot_bringup/hook/cmake_prefix_path.sh'
[1.041s] Level 1:colcon.colcon_core.environment:checking '/home/srhnabilacademy/ros2_nabil/install/my_robot_bringup/bin'
[1.041s] Level 1:colcon.colcon_core.environment:checking '/home/srhnabilacademy/ros2_nabil/install/my_robot_bringup/lib/pkgconfig/my_robot_bringup.pc'
[1.042s] Level 1:colcon.colcon_core.environment:checking '/home/srhnabilacademy/ros2_nabil/install/my_robot_bringup/lib/python3.12/site-packages'
[1.042s] Level 1:colcon.colcon_core.environment:checking '/home/srhnabilacademy/ros2_nabil/install/my_robot_bringup/bin'
[1.042s] INFO:colcon.colcon_core.shell:Creating package script '/home/srhnabilacademy/ros2_nabil/install/my_robot_bringup/share/my_robot_bringup/package.ps1'
[1.043s] INFO:colcon.colcon_core.shell:Creating package descriptor '/home/srhnabilacademy/ros2_nabil/install/my_robot_bringup/share/my_robot_bringup/package.dsv'
[1.044s] INFO:colcon.colcon_core.shell:Creating package script '/home/srhnabilacademy/ros2_nabil/install/my_robot_bringup/share/my_robot_bringup/package.sh'
[1.044s] INFO:colcon.colcon_core.shell:Creating package script '/home/srhnabilacademy/ros2_nabil/install/my_robot_bringup/share/my_robot_bringup/package.bash'
[1.045s] INFO:colcon.colcon_core.shell:Creating package script '/home/srhnabilacademy/ros2_nabil/install/my_robot_bringup/share/my_robot_bringup/package.zsh'
[1.045s] Level 1:colcon.colcon_core.environment:create_file_with_runtime_dependencies(/home/srhnabilacademy/ros2_nabil/install/my_robot_bringup/share/colcon-core/packages/my_robot_bringup)
[1.046s] Level 1:colcon.colcon_core.environment:create_environment_scripts_only(my_robot_bringup)
[1.047s] Level 1:colcon.colcon_core.environment:checking '/home/srhnabilacademy/ros2_nabil/install/my_robot_bringup' for CMake module files
[1.047s] Level 1:colcon.colcon_core.environment:checking '/home/srhnabilacademy/ros2_nabil/install/my_robot_bringup' for CMake config files
[1.048s] Level 1:colcon.colcon_core.shell:create_environment_hook('my_robot_bringup', 'cmake_prefix_path')
[1.048s] INFO:colcon.colcon_core.shell:Creating environment hook '/home/srhnabilacademy/ros2_nabil/install/my_robot_bringup/share/my_robot_bringup/hook/cmake_prefix_path.ps1'
[1.048s] INFO:colcon.colcon_core.shell:Creating environment descriptor '/home/srhnabilacademy/ros2_nabil/install/my_robot_bringup/share/my_robot_bringup/hook/cmake_prefix_path.dsv'
[1.049s] INFO:colcon.colcon_core.shell:Creating environment hook '/home/srhnabilacademy/ros2_nabil/install/my_robot_bringup/share/my_robot_bringup/hook/cmake_prefix_path.sh'
[1.050s] Level 1:colcon.colcon_core.environment:checking '/home/srhnabilacademy/ros2_nabil/install/my_robot_bringup/bin'
[1.050s] Level 1:colcon.colcon_core.environment:checking '/home/srhnabilacademy/ros2_nabil/install/my_robot_bringup/lib/pkgconfig/my_robot_bringup.pc'
[1.050s] Level 1:colcon.colcon_core.environment:checking '/home/srhnabilacademy/ros2_nabil/install/my_robot_bringup/lib/python3.12/site-packages'
[1.051s] Level 1:colcon.colcon_core.environment:checking '/home/srhnabilacademy/ros2_nabil/install/my_robot_bringup/bin'
[1.051s] INFO:colcon.colcon_core.shell:Creating package script '/home/srhnabilacademy/ros2_nabil/install/my_robot_bringup/share/my_robot_bringup/package.ps1'
[1.052s] INFO:colcon.colcon_core.shell:Creating package descriptor '/home/srhnabilacademy/ros2_nabil/install/my_robot_bringup/share/my_robot_bringup/package.dsv'
[1.053s] INFO:colcon.colcon_core.shell:Creating package script '/home/srhnabilacademy/ros2_nabil/install/my_robot_bringup/share/my_robot_bringup/package.sh'
[1.053s] INFO:colcon.colcon_core.shell:Creating package script '/home/srhnabilacademy/ros2_nabil/install/my_robot_bringup/share/my_robot_bringup/package.bash'
[1.054s] INFO:colcon.colcon_core.shell:Creating package script '/home/srhnabilacademy/ros2_nabil/install/my_robot_bringup/share/my_robot_bringup/package.zsh'
[1.054s] Level 1:colcon.colcon_core.environment:create_file_with_runtime_dependencies(/home/srhnabilacademy/ros2_nabil/install/my_robot_bringup/share/colcon-core/packages/my_robot_bringup)
[2.153s] DEBUG:colcon.colcon_core.event_handler.log_command:Invoking command in '/home/srhnabilacademy/ros2_nabil/src/my_robot_controller': DEBUGINFOD_URLS=https://debuginfod.ubuntu.com PYTHONPATH=/home/srhnabilacademy/ros2_nabil/build/my_robot_controller/prefix_override:/usr/lib/python3/dist-packages/colcon_core/task/python/colcon_distutils_commands:/home/srhnabilacademy/ros2_nabil/install/my_robot_controller/lib/python3.12/site-packages:${PYTHONPATH} /usr/bin/python3 -W ignore:setup.py install is deprecated -W ignore:easy_install command is deprecated setup.py egg_info --egg-base ../../build/my_robot_controller build --build-base /home/srhnabilacademy/ros2_nabil/build/my_robot_controller/build install --record /home/srhnabilacademy/ros2_nabil/build/my_robot_controller/install.log --single-version-externally-managed install_data
[2.981s] Level 1:colcon.colcon_core.environment:checking '/home/srhnabilacademy/ros2_nabil/install/my_robot_controller' for CMake module files
[2.982s] DEBUG:colcon.colcon_core.event_handler.log_command:Invoked command in '/home/srhnabilacademy/ros2_nabil/src/my_robot_controller' returned '0': DEBUGINFOD_URLS=https://debuginfod.ubuntu.com PYTHONPATH=/home/srhnabilacademy/ros2_nabil/build/my_robot_controller/prefix_override:/usr/lib/python3/dist-packages/colcon_core/task/python/colcon_distutils_commands:/home/srhnabilacademy/ros2_nabil/install/my_robot_controller/lib/python3.12/site-packages:${PYTHONPATH} /usr/bin/python3 -W ignore:setup.py install is deprecated -W ignore:easy_install command is deprecated setup.py egg_info --egg-base ../../build/my_robot_controller build --build-base /home/srhnabilacademy/ros2_nabil/build/my_robot_controller/build install --record /home/srhnabilacademy/ros2_nabil/build/my_robot_controller/install.log --single-version-externally-managed install_data
[2.982s] Level 1:colcon.colcon_core.environment:checking '/home/srhnabilacademy/ros2_nabil/install/my_robot_controller' for CMake config files
[2.983s] Level 1:colcon.colcon_core.environment:checking '/home/srhnabilacademy/ros2_nabil/install/my_robot_controller/lib'
[2.983s] Level 1:colcon.colcon_core.environment:checking '/home/srhnabilacademy/ros2_nabil/install/my_robot_controller/bin'
[2.983s] Level 1:colcon.colcon_core.environment:checking '/home/srhnabilacademy/ros2_nabil/install/my_robot_controller/lib/pkgconfig/my_robot_controller.pc'
[2.984s] Level 1:colcon.colcon_core.environment:checking '/home/srhnabilacademy/ros2_nabil/install/my_robot_controller/lib/python3.12/site-packages'
[2.984s] Level 1:colcon.colcon_core.shell:create_environment_hook('my_robot_controller', 'pythonpath')
[2.984s] INFO:colcon.colcon_core.shell:Creating environment hook '/home/srhnabilacademy/ros2_nabil/install/my_robot_controller/share/my_robot_controller/hook/pythonpath.ps1'
[2.985s] INFO:colcon.colcon_core.shell:Creating environment descriptor '/home/srhnabilacademy/ros2_nabil/install/my_robot_controller/share/my_robot_controller/hook/pythonpath.dsv'
[2.985s] INFO:colcon.colcon_core.shell:Creating environment hook '/home/srhnabilacademy/ros2_nabil/install/my_robot_controller/share/my_robot_controller/hook/pythonpath.sh'
[2.986s] Level 1:colcon.colcon_core.environment:checking '/home/srhnabilacademy/ros2_nabil/install/my_robot_controller/bin'
[2.986s] Level 1:colcon.colcon_core.environment:create_environment_scripts_only(my_robot_controller)
[2.986s] INFO:colcon.colcon_core.shell:Creating package script '/home/srhnabilacademy/ros2_nabil/install/my_robot_controller/share/my_robot_controller/package.ps1'
[2.987s] INFO:colcon.colcon_core.shell:Creating package descriptor '/home/srhnabilacademy/ros2_nabil/install/my_robot_controller/share/my_robot_controller/package.dsv'
[2.987s] INFO:colcon.colcon_core.shell:Creating package script '/home/srhnabilacademy/ros2_nabil/install/my_robot_controller/share/my_robot_controller/package.sh'
[2.988s] INFO:colcon.colcon_core.shell:Creating package script '/home/srhnabilacademy/ros2_nabil/install/my_robot_controller/share/my_robot_controller/package.bash'
[2.989s] INFO:colcon.colcon_core.shell:Creating package script '/home/srhnabilacademy/ros2_nabil/install/my_robot_controller/share/my_robot_controller/package.zsh'
[2.991s] Level 1:colcon.colcon_core.environment:create_file_with_runtime_dependencies(/home/srhnabilacademy/ros2_nabil/install/my_robot_controller/share/colcon-core/packages/my_robot_controller)
[2.992s] DEBUG:colcon.colcon_parallel_executor.executor.parallel:closing loop
[2.993s] DEBUG:colcon.colcon_parallel_executor.executor.parallel:loop closed
[2.994s] DEBUG:colcon.colcon_parallel_executor.executor.parallel:run_until_complete finished with '0'
[2.994s] DEBUG:colcon.colcon_core.event_reactor:joining thread
[3.010s] INFO:colcon.colcon_core.plugin_system:Skipping extension 'colcon_notification.desktop_notification.terminal_notifier': Not used on non-Darwin systems
[3.010s] INFO:colcon.colcon_core.plugin_system:Skipping extension 'colcon_notification.desktop_notification.win32': Not used on non-Windows systems
[3.010s] INFO:colcon.colcon_notification.desktop_notification:Sending desktop notification using 'notify2'
[3.051s] DEBUG:colcon.colcon_core.event_reactor:joined thread
[3.052s] INFO:colcon.colcon_core.shell:Creating prefix script '/home/srhnabilacademy/ros2_nabil/install/local_setup.ps1'
[3.053s] INFO:colcon.colcon_core.shell:Creating prefix util module '/home/srhnabilacademy/ros2_nabil/install/_local_setup_util_ps1.py'
[3.055s] INFO:colcon.colcon_core.shell:Creating prefix chain script '/home/srhnabilacademy/ros2_nabil/install/setup.ps1'
[3.056s] INFO:colcon.colcon_core.shell:Creating prefix script '/home/srhnabilacademy/ros2_nabil/install/local_setup.sh'
[3.057s] INFO:colcon.colcon_core.shell:Creating prefix util module '/home/srhnabilacademy/ros2_nabil/install/_local_setup_util_sh.py'
[3.058s] INFO:colcon.colcon_core.shell:Creating prefix chain script '/home/srhnabilacademy/ros2_nabil/install/setup.sh'
[3.059s] INFO:colcon.colcon_core.shell:Creating prefix script '/home/srhnabilacademy/ros2_nabil/install/local_setup.bash'
[3.061s] INFO:colcon.colcon_core.shell:Creating prefix chain script '/home/srhnabilacademy/ros2_nabil/install/setup.bash'
[3.063s] INFO:colcon.colcon_core.shell:Creating prefix script '/home/srhnabilacademy/ros2_nabil/install/local_setup.zsh'
[3.063s] INFO:colcon.colcon_core.shell:Creating prefix chain script '/home/srhnabilacademy/ros2_nabil/install/setup.zsh'
