/home/srhnabilacademy/ros2_nabil/install/my_robot_controller/lib/python3.12/site-packages/my_robot_controller/__init__.py
/home/srhnabilacademy/ros2_nabil/install/my_robot_controller/lib/python3.12/site-packages/my_robot_controller/diff_drive_robot.py
/home/srhnabilacademy/ros2_nabil/install/my_robot_controller/lib/python3.12/site-packages/my_robot_controller/submodules/encoder_wrap.py
/home/srhnabilacademy/ros2_nabil/install/my_robot_controller/lib/python3.12/site-packages/my_robot_controller/submodules/pid.py
/home/srhnabilacademy/ros2_nabil/install/my_robot_controller/lib/python3.12/site-packages/my_robot_controller/submodules/__init__.py
/home/srhnabilacademy/ros2_nabil/install/my_robot_controller/lib/python3.12/site-packages/my_robot_controller/submodules/encoder_to_wheel_jointstate.py
/home/srhnabilacademy/ros2_nabil/install/my_robot_controller/lib/python3.12/site-packages/my_robot_controller/__pycache__/__init__.cpython-312.pyc
/home/srhnabilacademy/ros2_nabil/install/my_robot_controller/lib/python3.12/site-packages/my_robot_controller/__pycache__/diff_drive_robot.cpython-312.pyc
/home/srhnabilacademy/ros2_nabil/install/my_robot_controller/lib/python3.12/site-packages/my_robot_controller/submodules/__pycache__/encoder_wrap.cpython-312.pyc
/home/srhnabilacademy/ros2_nabil/install/my_robot_controller/lib/python3.12/site-packages/my_robot_controller/submodules/__pycache__/pid.cpython-312.pyc
/home/srhnabilacademy/ros2_nabil/install/my_robot_controller/lib/python3.12/site-packages/my_robot_controller/submodules/__pycache__/__init__.cpython-312.pyc
/home/srhnabilacademy/ros2_nabil/install/my_robot_controller/lib/python3.12/site-packages/my_robot_controller/submodules/__pycache__/encoder_to_wheel_jointstate.cpython-312.pyc
/home/srhnabilacademy/ros2_nabil/install/my_robot_controller/share/ament_index/resource_index/packages/my_robot_controller
/home/srhnabilacademy/ros2_nabil/install/my_robot_controller/share/my_robot_controller/package.xml
/home/srhnabilacademy/ros2_nabil/install/my_robot_controller/lib/python3.12/site-packages/my_robot_controller-0.0.0-py3.12.egg-info/dependency_links.txt
/home/srhnabilacademy/ros2_nabil/install/my_robot_controller/lib/python3.12/site-packages/my_robot_controller-0.0.0-py3.12.egg-info/zip-safe
/home/srhnabilacademy/ros2_nabil/install/my_robot_controller/lib/python3.12/site-packages/my_robot_controller-0.0.0-py3.12.egg-info/top_level.txt
/home/srhnabilacademy/ros2_nabil/install/my_robot_controller/lib/python3.12/site-packages/my_robot_controller-0.0.0-py3.12.egg-info/entry_points.txt
/home/srhnabilacademy/ros2_nabil/install/my_robot_controller/lib/python3.12/site-packages/my_robot_controller-0.0.0-py3.12.egg-info/SOURCES.txt
/home/srhnabilacademy/ros2_nabil/install/my_robot_controller/lib/python3.12/site-packages/my_robot_controller-0.0.0-py3.12.egg-info/PKG-INFO
/home/srhnabilacademy/ros2_nabil/install/my_robot_controller/lib/python3.12/site-packages/my_robot_controller-0.0.0-py3.12.egg-info/requires.txt
/home/srhnabilacademy/ros2_nabil/install/my_robot_controller/lib/my_robot_controller/diff_drive_robot
